Archive member included to satisfy reference by file (symbol)

../libopencm3//lib/libopencm3_stm32f0.a(adc.o)
                              usart_iadc.o (adc_set_operation_mode)
../libopencm3//lib/libopencm3_stm32f0.a(adc_common_v2.o)
                              usart_iadc.o (adc_eoc)
../libopencm3//lib/libopencm3_stm32f0.a(gpio_common_f0234.o)
                              usart_iadc.o (gpio_mode_setup)
../libopencm3//lib/libopencm3_stm32f0.a(rcc_common_all.o)
                              usart_iadc.o (rcc_periph_clock_enable)
../libopencm3//lib/libopencm3_stm32f0.a(usart_common_all.o)
                              usart_iadc.o (usart_set_baudrate)
../libopencm3//lib/libopencm3_stm32f0.a(usart_common_v2.o)
                              ../libopencm3//lib/libopencm3_stm32f0.a(usart_common_all.o) (usart_send)
../libopencm3//lib/libopencm3_stm32f0.a(vector.o)
                              (reset_handler)
../libopencm3//lib/libopencm3_stm32f0.a(assert.o)
                              ../libopencm3//lib/libopencm3_stm32f0.a(adc.o) (cm3_assert_failed)
../libopencm3//lib/libopencm3_stm32f0.a(rcc.o)
                              ../libopencm3//lib/libopencm3_stm32f0.a(usart_common_all.o) (rcc_apb1_frequency)
../libopencm3//lib/libopencm3_stm32f0.a(flash_common_all.o)
                              ../libopencm3//lib/libopencm3_stm32f0.a(rcc.o) (flash_prefetch_enable)
/Users/shanewoods/Library/xPacks/@xpack-dev-tools/arm-none-eabi-gcc/10.3.1-2.3.1/.content/bin/../lib/gcc/arm-none-eabi/10.3.1/../../../../arm-none-eabi/lib/thumb/v6-m/nofp/libc.a(lib_a-memcpy-stub.o)
                              usart_iadc.o (memcpy)
/Users/shanewoods/Library/xPacks/@xpack-dev-tools/arm-none-eabi-gcc/10.3.1-2.3.1/.content/bin/../lib/gcc/arm-none-eabi/10.3.1/../../../../arm-none-eabi/lib/thumb/v6-m/nofp/libc.a(lib_a-snprintf.o)
                              usart_iadc.o (snprintf)
/Users/shanewoods/Library/xPacks/@xpack-dev-tools/arm-none-eabi-gcc/10.3.1-2.3.1/.content/bin/../lib/gcc/arm-none-eabi/10.3.1/../../../../arm-none-eabi/lib/thumb/v6-m/nofp/libc.a(lib_a-strlen-stub.o)
                              usart_iadc.o (strlen)
/Users/shanewoods/Library/xPacks/@xpack-dev-tools/arm-none-eabi-gcc/10.3.1-2.3.1/.content/bin/../lib/gcc/arm-none-eabi/10.3.1/../../../../arm-none-eabi/lib/thumb/v6-m/nofp/libc.a(lib_a-svfprintf.o)
                              /Users/shanewoods/Library/xPacks/@xpack-dev-tools/arm-none-eabi-gcc/10.3.1-2.3.1/.content/bin/../lib/gcc/arm-none-eabi/10.3.1/../../../../arm-none-eabi/lib/thumb/v6-m/nofp/libc.a(lib_a-snprintf.o) (_svfprintf_r)
/Users/shanewoods/Library/xPacks/@xpack-dev-tools/arm-none-eabi-gcc/10.3.1-2.3.1/.content/bin/../lib/gcc/arm-none-eabi/10.3.1/../../../../arm-none-eabi/lib/thumb/v6-m/nofp/libc.a(lib_a-dtoa.o)
                              /Users/shanewoods/Library/xPacks/@xpack-dev-tools/arm-none-eabi-gcc/10.3.1-2.3.1/.content/bin/../lib/gcc/arm-none-eabi/10.3.1/../../../../arm-none-eabi/lib/thumb/v6-m/nofp/libc.a(lib_a-svfprintf.o) (_dtoa_r)
/Users/shanewoods/Library/xPacks/@xpack-dev-tools/arm-none-eabi-gcc/10.3.1-2.3.1/.content/bin/../lib/gcc/arm-none-eabi/10.3.1/../../../../arm-none-eabi/lib/thumb/v6-m/nofp/libc.a(lib_a-freer.o)
                              /Users/shanewoods/Library/xPacks/@xpack-dev-tools/arm-none-eabi-gcc/10.3.1-2.3.1/.content/bin/../lib/gcc/arm-none-eabi/10.3.1/../../../../arm-none-eabi/lib/thumb/v6-m/nofp/libc.a(lib_a-svfprintf.o) (_free_r)
/Users/shanewoods/Library/xPacks/@xpack-dev-tools/arm-none-eabi-gcc/10.3.1-2.3.1/.content/bin/../lib/gcc/arm-none-eabi/10.3.1/../../../../arm-none-eabi/lib/thumb/v6-m/nofp/libc.a(lib_a-impure.o)
                              /Users/shanewoods/Library/xPacks/@xpack-dev-tools/arm-none-eabi-gcc/10.3.1-2.3.1/.content/bin/../lib/gcc/arm-none-eabi/10.3.1/../../../../arm-none-eabi/lib/thumb/v6-m/nofp/libc.a(lib_a-snprintf.o) (_impure_ptr)
/Users/shanewoods/Library/xPacks/@xpack-dev-tools/arm-none-eabi-gcc/10.3.1-2.3.1/.content/bin/../lib/gcc/arm-none-eabi/10.3.1/../../../../arm-none-eabi/lib/thumb/v6-m/nofp/libc.a(lib_a-localeconv.o)
                              /Users/shanewoods/Library/xPacks/@xpack-dev-tools/arm-none-eabi-gcc/10.3.1-2.3.1/.content/bin/../lib/gcc/arm-none-eabi/10.3.1/../../../../arm-none-eabi/lib/thumb/v6-m/nofp/libc.a(lib_a-svfprintf.o) (_localeconv_r)
/Users/shanewoods/Library/xPacks/@xpack-dev-tools/arm-none-eabi-gcc/10.3.1-2.3.1/.content/bin/../lib/gcc/arm-none-eabi/10.3.1/../../../../arm-none-eabi/lib/thumb/v6-m/nofp/libc.a(lib_a-mallocr.o)
                              /Users/shanewoods/Library/xPacks/@xpack-dev-tools/arm-none-eabi-gcc/10.3.1-2.3.1/.content/bin/../lib/gcc/arm-none-eabi/10.3.1/../../../../arm-none-eabi/lib/thumb/v6-m/nofp/libc.a(lib_a-svfprintf.o) (_malloc_r)
/Users/shanewoods/Library/xPacks/@xpack-dev-tools/arm-none-eabi-gcc/10.3.1-2.3.1/.content/bin/../lib/gcc/arm-none-eabi/10.3.1/../../../../arm-none-eabi/lib/thumb/v6-m/nofp/libc.a(lib_a-memchr-stub.o)
[...]
Memory Configuration

Name             Origin             Length             Attributes
rom              0x0000000008000000 0x0000000000010000 xr
ram              0x0000000020000000 0x0000000000002000 xrw
*default*        0x0000000000000000 0xffffffffffffffff

Linker script and memory map

LOAD usart_iadc.o
LOAD ../libopencm3//lib/libopencm3_stm32f0.a
START GROUP
LOAD /Users/shanewoods/Library/xPacks/@xpack-dev-tools/arm-none-eabi-gcc/10.3.1-2.3.1/.content/bin/../lib/gcc/arm-none-eabi/10.3.1/../../../../arm-none-eabi/lib/thumb/v6-m/nofp/libc.a
LOAD /Users/shanewoods/Library/xPacks/@xpack-dev-tools/arm-none-eabi-gcc/10.3.1-2.3.1/.content/bin/../lib/gcc/arm-none-eabi/10.3.1/thumb/v6-m/nofp/libgcc.a
LOAD /Users/shanewoods/Library/xPacks/@xpack-dev-tools/arm-none-eabi-gcc/10.3.1-2.3.1/.content/bin/../lib/gcc/arm-none-eabi/10.3.1/../../../../arm-none-eabi/lib/thumb/v6-m/nofp/libnosys.a
END GROUP
START GROUP
LOAD /Users/shanewoods/Library/xPacks/@xpack-dev-tools/arm-none-eabi-gcc/10.3.1-2.3.1/.content/bin/../lib/gcc/arm-none-eabi/10.3.1/thumb/v6-m/nofp/libgcc.a
LOAD /Users/shanewoods/Library/xPacks/@xpack-dev-tools/arm-none-eabi-gcc/10.3.1-2.3.1/.content/bin/../lib/gcc/arm-none-eabi/10.3.1/../../../../arm-none-eabi/lib/thumb/v6-m/nofp/libg.a
LOAD /Users/shanewoods/Library/xPacks/@xpack-dev-tools/arm-none-eabi-gcc/10.3.1-2.3.1/.content/bin/../lib/gcc/arm-none-eabi/10.3.1/../../../../arm-none-eabi/lib/thumb/v6-m/nofp/libc.a
END GROUP

.text           0x0000000008000000     0xa08c
 *(.vectors)
 .vectors       0x0000000008000000       0xc0 ../libopencm3//lib/libopencm3_stm32f0.a(vector.o)
                0x0000000008000000                vector_table
 *(.text*)
 .text.startup.main
                0x00000000080000c0      0x1a8 usart_iadc.o
                0x00000000080000c0                main
 .text.adc_set_operation_mode
                0x0000000008000268       0x44 ../libopencm3//lib/libopencm3_stm32f0.a(adc.o)
                0x0000000008000268                adc_set_operation_mode
 .text.adc_disable_external_trigger_regular
                0x00000000080002ac       0x10 ../libopencm3//lib/libopencm3_stm32f0.a(adc.o)
                0x00000000080002ac                adc_disable_external_trigger_regular
 .text.adc_set_clk_source
                0x00000000080002bc        0xc ../libopencm3//lib/libopencm3_stm32f0.a(adc.o)
                0x00000000080002bc                adc_set_clk_source
 .text.adc_set_regular_sequence
                0x00000000080002c8       0x6c ../libopencm3//lib/libopencm3_stm32f0.a(adc.o)
                0x00000000080002c8                adc_set_regular_sequence
 .text.adc_set_sample_time_on_all_channels
                0x0000000008000334        0x8 ../libopencm3//lib/libopencm3_stm32f0.a(adc.o)
                0x0000000008000334                adc_set_sample_time_on_all_channels
 .text.adc_disable_analog_watchdog
                0x000000000800033c       0x10 ../libopencm3//lib/libopencm3_stm32f0.a(adc.o)
                0x000000000800033c                adc_disable_analog_watchdog
 .text.adc_eoc  0x000000000800034c        0x8 ../libopencm3//lib/libopencm3_stm32f0.a(adc_common_v2.o)
                0x000000000800034c                adc_eoc
 .text.adc_power_on_async
                0x0000000008000354        0xa ../libopencm3//lib/libopencm3_stm32f0.a(adc_common_v2.o)
                0x0000000008000354                adc_power_on_async
 .text.adc_power_on
                0x000000000800035e       0x12 ../libopencm3//lib/libopencm3_stm32f0.a(adc_common_v2.o)
                0x000000000800035e                adc_power_on
 .text.adc_is_power_off
                0x0000000008000370        0x8 ../libopencm3//lib/libopencm3_stm32f0.a(adc_common_v2.o)
                0x0000000008000370                adc_is_power_off
 .text.adc_power_off_async
                0x0000000008000378       0x30 ../libopencm3//lib/libopencm3_stm32f0.a(adc_common_v2.o)
                0x0000000008000378                adc_power_off_async
 .text.adc_power_off
                0x00000000080003a8       0x14 ../libopencm3//lib/libopencm3_stm32f0.a(adc_common_v2.o)
                0x00000000080003a8                adc_power_off
 .text.adc_calibrate_async
                0x00000000080003bc        0xc ../libopencm3//lib/libopencm3_stm32f0.a(adc_common_v2.o)
                0x00000000080003bc                adc_calibrate_async
 .text.adc_calibrate
                0x00000000080003c8       0x10 ../libopencm3//lib/libopencm3_stm32f0.a(adc_common_v2.o)
                0x00000000080003c8                adc_calibrate
 .text.adc_set_resolution
                0x00000000080003d8        0xc ../libopencm3//lib/libopencm3_stm32f0.a(adc_common_v2.o)
                0x00000000080003d8                adc_set_resolution
 .text.adc_set_right_aligned
                0x00000000080003e4        0xa ../libopencm3//lib/libopencm3_stm32f0.a(adc_common_v2.o)
                0x00000000080003e4                adc_set_right_aligned
 .text.adc_read_regular
                0x00000000080003ee        0x4 ../libopencm3//lib/libopencm3_stm32f0.a(adc_common_v2.o)
                0x00000000080003ee                adc_read_regular
 *fill*         0x00000000080003f2        0x2 
 .text.adc_enable_temperature_sensor
                0x00000000080003f4       0x14 ../libopencm3//lib/libopencm3_stm32f0.a(adc_common_v2.o)
                0x00000000080003f4                adc_enable_temperature_sensor
 .text.adc_start_conversion_regular
                0x0000000008000408        0xa ../libopencm3//lib/libopencm3_stm32f0.a(adc_common_v2.o)
                0x0000000008000408                adc_start_conversion_regular
 .text.gpio_mode_setup
                0x0000000008000412       0x40 ../libopencm3//lib/libopencm3_stm32f0.a(gpio_common_f0234.o)
                0x0000000008000412                gpio_mode_setup
 .text.gpio_set_af
                0x0000000008000452       0x58 ../libopencm3//lib/libopencm3_stm32f0.a(gpio_common_f0234.o)
                0x0000000008000452                gpio_set_af
 *fill*         0x00000000080004aa        0x2 
 .text.rcc_periph_clock_enable
                0x00000000080004ac       0x1c ../libopencm3//lib/libopencm3_stm32f0.a(rcc_common_all.o)
                0x00000000080004ac                rcc_periph_clock_enable
 .text.usart_set_baudrate
                0x00000000080004c8       0x18 ../libopencm3//lib/libopencm3_stm32f0.a(usart_common_all.o)
                0x00000000080004c8                usart_set_baudrate
 .text.usart_set_databits
                0x00000000080004e0       0x1c ../libopencm3//lib/libopencm3_stm32f0.a(usart_common_all.o)
                0x00000000080004e0                usart_set_databits
 .text.usart_set_stopbits
                0x00000000080004fc       0x10 ../libopencm3//lib/libopencm3_stm32f0.a(usart_common_all.o)
                0x00000000080004fc                usart_set_stopbits
 .text.usart_set_parity
                0x000000000800050c       0x10 ../libopencm3//lib/libopencm3_stm32f0.a(usart_common_all.o)
                0x000000000800050c                usart_set_parity
 .text.usart_set_mode
                0x000000000800051c        0xc ../libopencm3//lib/libopencm3_stm32f0.a(usart_common_all.o)
                0x000000000800051c                usart_set_mode
 .text.usart_set_flow_control
                0x0000000008000528       0x10 ../libopencm3//lib/libopencm3_stm32f0.a(usart_common_all.o)
                0x0000000008000528                usart_set_flow_control
 .text.usart_enable
                0x0000000008000538        0xa ../libopencm3//lib/libopencm3_stm32f0.a(usart_common_all.o)
                0x0000000008000538                usart_enable
 .text.usart_send_blocking
                0x0000000008000542       0x14 ../libopencm3//lib/libopencm3_stm32f0.a(usart_common_all.o)
                0x0000000008000542                usart_send_blocking
 .text.usart_send
                0x0000000008000556        0x8 ../libopencm3//lib/libopencm3_stm32f0.a(usart_common_v2.o)
                0x0000000008000556                usart_send
 .text.usart_wait_send_ready
                0x000000000800055e        0xa ../libopencm3//lib/libopencm3_stm32f0.a(usart_common_v2.o)
                0x000000000800055e                usart_wait_send_ready
 .text.blocking_handler
                0x0000000008000568        0x2 ../libopencm3//lib/libopencm3_stm32f0.a(vector.o)
                0x0000000008000568                exti0_1_isr
                0x0000000008000568                rtc_isr
                0x0000000008000568                tim7_isr
                0x0000000008000568                dma1_channel4_7_dma2_channel3_5_isr
                0x0000000008000568                blocking_handler
                0x0000000008000568                tsc_isr
                0x0000000008000568                spi1_isr
                0x0000000008000568                i2c1_isr
                0x0000000008000568                tim17_isr
                0x0000000008000568                i2c2_isr
                0x0000000008000568                usart1_isr
                0x0000000008000568                usart3_4_isr
                0x0000000008000568                tim1_cc_isr
                0x0000000008000568                exti2_3_isr
                0x0000000008000568                tim16_isr
                0x0000000008000568                pvd_isr
                0x0000000008000568                rcc_isr
                0x0000000008000568                flash_isr
                0x0000000008000568                hard_fault_handler
                0x0000000008000568                tim14_isr
                0x0000000008000568                spi2_isr
                0x0000000008000568                usb_isr
                0x0000000008000568                tim15_isr
                0x0000000008000568                tim3_isr
                0x0000000008000568                usart2_isr
                0x0000000008000568                adc_comp_isr
                0x0000000008000568                dma1_channel1_isr
                0x0000000008000568                tim6_dac_isr
                0x0000000008000568                tim1_brk_up_trg_com_isr
                0x0000000008000568                exti4_15_isr
                0x0000000008000568                cec_can_isr
                0x0000000008000568                wwdg_isr
                0x0000000008000568                tim2_isr
                0x0000000008000568                dma1_channel2_3_dma2_channel1_2_isr
 .text.null_handler
                0x000000000800056a        0x2 ../libopencm3//lib/libopencm3_stm32f0.a(vector.o)
                0x000000000800056a                null_handler
                0x000000000800056a                sv_call_handler
                0x000000000800056a                pend_sv_handler
                0x000000000800056a                sys_tick_handler
                0x000000000800056a                nmi_handler
 .text.reset_handler
                0x000000000800056c       0x88 ../libopencm3//lib/libopencm3_stm32f0.a(vector.o)
                0x000000000800056c                reset_handler
 .text.cm3_assert_failed
                0x00000000080005f4        0x2 ../libopencm3//lib/libopencm3_stm32f0.a(assert.o)
                0x00000000080005f4                cm3_assert_failed
 *fill*         0x00000000080005f6        0x2 
 .text.memcpy   0x00000000080005f8       0xa4 /Users/shanewoods/Library/xPacks/@xpack-dev-tools/arm-none-eabi-gcc/10.3.1-2.3.1/.content/bin/../lib/gcc/arm-none-eabi/10.3.1/../../../../arm-none-eabi/lib/thumb/v6-m/nofp/libc.a(lib_a-memcpy-stub.o)
                0x00000000080005f8                memcpy
 .text.snprintf
                0x000000000800069c       0x84 /Users/shanewoods/Library/xPacks/@xpack-dev-tools/arm-none-eabi-gcc/10.3.1-2.3.1/.content/bin/../lib/gcc/arm-none-eabi/10.3.1/../../../../arm-none-eabi/lib/thumb/v6-m/nofp/libc.a(lib_a-snprintf.o)
                0x000000000800069c                snprintf
 .text.strlen   0x0000000008000720       0x5c /Users/shanewoods/Library/xPacks/@xpack-dev-tools/arm-none-eabi-gcc/10.3.1-2.3.1/.content/bin/../lib/gcc/arm-none-eabi/10.3.1/../../../../arm-none-eabi/lib/thumb/v6-m/nofp/libc.a(lib_a-strlen-stub.o)
                0x0000000008000720                strlen
 .text._svfprintf_r
                0x000000000800077c     0x1bc8 /Users/shanewoods/Library/xPacks/@xpack-dev-tools/arm-none-eabi-gcc/10.3.1-2.3.1/.content/bin/../lib/gcc/arm-none-eabi/10.3.1/../../../../arm-none-eabi/lib/thumb/v6-m/nofp/libc.a(lib_a-svfprintf.o)
                0x000000000800077c                _svfprintf_r
 .text.quorem   0x0000000008002344      0x148 /Users/shanewoods/Library/xPacks/@xpack-dev-tools/arm-none-eabi-gcc/10.3.1-2.3.1/.content/bin/../lib/gcc/arm-none-eabi/10.3.1/../../../../arm-none-eabi/lib/thumb/v6-m/nofp/libc.a(lib_a-dtoa.o)
 .text._dtoa_r  0x000000000800248c      0xfbc /Users/shanewoods/Library/xPacks/@xpack-dev-tools/arm-none-eabi-gcc/10.3.1-2.3.1/.content/bin/../lib/gcc/arm-none-eabi/10.3.1/../../../../arm-none-eabi/lib/thumb/v6-m/nofp/libc.a(lib_a-dtoa.o)
                0x000000000800248c                _dtoa_r
 .text._malloc_trim_r
                0x0000000008003448       0x9c /Users/shanewoods/Library/xPacks/@xpack-dev-tools/arm-none-eabi-gcc/10.3.1-2.3.1/.content/bin/../lib/gcc/arm-none-eabi/10.3.1/../../../../arm-none-eabi/lib/thumb/v6-m/nofp/libc.a(lib_a-freer.o)
                0x0000000008003448                _malloc_trim_r
 .text._free_r  0x00000000080034e4      0x1c4 /Users/shanewoods/Library/xPacks/@xpack-dev-tools/arm-none-eabi-gcc/10.3.1-2.3.1/.content/bin/../lib/gcc/arm-none-eabi/10.3.1/../../../../arm-none-eabi/lib/thumb/v6-m/nofp/libc.a(lib_a-freer.o)
                0x00000000080034e4                _free_r
 .text._localeconv_r
                0x00000000080036a8        0x8 /Users/shanewoods/Library/xPacks/@xpack-dev-tools/arm-none-eabi-gcc/10.3.1-2.3.1/.content/bin/../lib/gcc/arm-none-eabi/10.3.1/../../../../arm-none-eabi/lib/thumb/v6-m/nofp/libc.a(lib_a-localeconv.o)
                0x00000000080036a8                _localeconv_r
 .text._malloc_r
                0x00000000080036b0      0x584 /Users/shanewoods/Library/xPacks/@xpack-dev-tools/arm-none-eabi-gcc/10.3.1-2.3.1/.content/bin/../lib/gcc/arm-none-eabi/10.3.1/../../../../arm-none-eabi/lib/thumb/v6-m/nofp/libc.a(lib_a-mallocr.o)
                0x00000000080036b0                _malloc_r
 .text.memchr   0x0000000008003c34       0x74 /Users/shanewoods/Library/xPacks/@xpack-dev-tools/arm-none-eabi-gcc/10.3.1-2.3.1/.content/bin/../lib/gcc/arm-none-eabi/10.3.1/../../../../arm-none-eabi/lib/thumb/v6-m/nofp/libc.a(lib_a-memchr-stub.o)
                0x0000000008003c34                memchr
 .text.__malloc_lock
                0x0000000008003ca8       0x10 /Users/shanewoods/Library/xPacks/@xpack-dev-tools/arm-none-eabi-gcc/10.3.1-2.3.1/.content/bin/../lib/gcc/arm-none-eabi/10.3.1/../../../../arm-none-eabi/lib/thumb/v6-m/nofp/libc.a(lib_a-mlock.o)
                0x0000000008003ca8                __malloc_lock
 .text.__malloc_unlock
                0x0000000008003cb8       0x10 /Users/shanewoods/Library/xPacks/@xpack-dev-tools/arm-none-eabi-gcc/10.3.1-2.3.1/.content/bin/../lib/gcc/arm-none-eabi/10.3.1/../../../../arm-none-eabi/lib/thumb/v6-m/nofp/libc.a(lib_a-mlock.o)
                0x0000000008003cb8                __malloc_unlock
 .text._Balloc  0x0000000008003cc8       0x50 /Users/shanewoods/Library/xPacks/@xpack-dev-tools/arm-none-eabi-gcc/10.3.1-2.3.1/.content/bin/../lib/gcc/arm-none-eabi/10.3.1/../../../../arm-none-eabi/lib/thumb/v6-m/nofp/libc.a(lib_a-mprec.o)
                0x0000000008003cc8                _Balloc
 .text._Bfree   0x0000000008003d18       0x14 /Users/shanewoods/Library/xPacks/@xpack-dev-tools/arm-none-eabi-gcc/10.3.1-2.3.1/.content/bin/../lib/gcc/arm-none-eabi/10.3.1/../../../../arm-none-eabi/lib/thumb/v6-m/nofp/libc.a(lib_a-mprec.o)
                0x0000000008003d18                _Bfree
 .text.__multadd
                0x0000000008003d2c       0xa8 /Users/shanewoods/Library/xPacks/@xpack-dev-tools/arm-none-eabi-gcc/10.3.1-2.3.1/.content/bin/../lib/gcc/arm-none-eabi/10.3.1/../../../../arm-none-eabi/lib/thumb/v6-m/nofp/libc.a(lib_a-mprec.o)
                0x0000000008003d2c                __multadd
 .text.__hi0bits
                0x0000000008003dd4       0x38 /Users/shanewoods/Library/xPacks/@xpack-dev-tools/arm-none-eabi-gcc/10.3.1-2.3.1/.content/bin/../lib/gcc/arm-none-eabi/10.3.1/../../../../arm-none-eabi/lib/thumb/v6-m/nofp/libc.a(lib_a-mprec.o)
                0x0000000008003dd4                __hi0bits
 .text.__lo0bits
                0x0000000008003e0c       0x5c /Users/shanewoods/Library/xPacks/@xpack-dev-tools/arm-none-eabi-gcc/10.3.1-2.3.1/.content/bin/../lib/gcc/arm-none-eabi/10.3.1/../../../../arm-none-eabi/lib/thumb/v6-m/nofp/libc.a(lib_a-mprec.o)
                0x0000000008003e0c                __lo0bits
 .text.__i2b    0x0000000008003e68       0x60 /Users/shanewoods/Library/xPacks/@xpack-dev-tools/arm-none-eabi-gcc/10.3.1-2.3.1/.content/bin/../lib/gcc/arm-none-eabi/10.3.1/../../../../arm-none-eabi/lib/thumb/v6-m/nofp/libc.a(lib_a-mprec.o)
                0x0000000008003e68                __i2b
 .text.__multiply
                0x0000000008003ec8      0x1a4 /Users/shanewoods/Library/xPacks/@xpack-dev-tools/arm-none-eabi-gcc/10.3.1-2.3.1/.content/bin/../lib/gcc/arm-none-eabi/10.3.1/../../../../arm-none-eabi/lib/thumb/v6-m/nofp/libc.a(lib_a-mprec.o)
                0x0000000008003ec8                __multiply
 .text.__pow5mult
                0x000000000800406c       0xd8 /Users/shanewoods/Library/xPacks/@xpack-dev-tools/arm-none-eabi-gcc/10.3.1-2.3.1/.content/bin/../lib/gcc/arm-none-eabi/10.3.1/../../../../arm-none-eabi/lib/thumb/v6-m/nofp/libc.a(lib_a-mprec.o)
                0x000000000800406c                __pow5mult
 .text.__lshift
                0x0000000008004144       0xfc /Users/shanewoods/Library/xPacks/@xpack-dev-tools/arm-none-eabi-gcc/10.3.1-2.3.1/.content/bin/../lib/gcc/arm-none-eabi/10.3.1/../../../../arm-none-eabi/lib/thumb/v6-m/nofp/libc.a(lib_a-mprec.o)
                0x0000000008004144                __lshift
 .text.__mcmp   0x0000000008004240       0x34 /Users/shanewoods/Library/xPacks/@xpack-dev-tools/arm-none-eabi-gcc/10.3.1-2.3.1/.content/bin/../lib/gcc/arm-none-eabi/10.3.1/../../../../arm-none-eabi/lib/thumb/v6-m/nofp/libc.a(lib_a-mprec.o)
                0x0000000008004240                __mcmp
 .text.__mdiff  0x0000000008004274      0x18c /Users/shanewoods/Library/xPacks/@xpack-dev-tools/arm-none-eabi-gcc/10.3.1-2.3.1/.content/bin/../lib/gcc/arm-none-eabi/10.3.1/../../../../arm-none-eabi/lib/thumb/v6-m/nofp/libc.a(lib_a-mprec.o)
                0x0000000008004274                __mdiff
 .text.__d2b    0x0000000008004400       0xd8 /Users/shanewoods/Library/xPacks/@xpack-dev-tools/arm-none-eabi-gcc/10.3.1-2.3.1/.content/bin/../lib/gcc/arm-none-eabi/10.3.1/../../../../arm-none-eabi/lib/thumb/v6-m/nofp/libc.a(lib_a-mprec.o)
                0x0000000008004400                __d2b
 .text.frexp    0x00000000080044d8       0x64 /Users/shanewoods/Library/xPacks/@xpack-dev-tools/arm-none-eabi-gcc/10.3.1-2.3.1/.content/bin/../lib/gcc/arm-none-eabi/10.3.1/../../../../arm-none-eabi/lib/thumb/v6-m/nofp/libc.a(lib_a-s_frexp.o)
                0x00000000080044d8                frexp
 .text._sbrk_r  0x000000000800453c       0x24 /Users/shanewoods/Library/xPacks/@xpack-dev-tools/arm-none-eabi-gcc/10.3.1-2.3.1/.content/bin/../lib/gcc/arm-none-eabi/10.3.1/../../../../arm-none-eabi/lib/thumb/v6-m/nofp/libc.a(lib_a-sbrkr.o)
                0x000000000800453c                _sbrk_r
 .text.strncpy  0x0000000008004560       0x6c /Users/shanewoods/Library/xPacks/@xpack-dev-tools/arm-none-eabi-gcc/10.3.1-2.3.1/.content/bin/../lib/gcc/arm-none-eabi/10.3.1/../../../../arm-none-eabi/lib/thumb/v6-m/nofp/libc.a(lib_a-strncpy.o)
                0x0000000008004560                strncpy
 .text.__ssprint_r
                0x00000000080045cc      0x114 /Users/shanewoods/Library/xPacks/@xpack-dev-tools/arm-none-eabi-gcc/10.3.1-2.3.1/.content/bin/../lib/gcc/arm-none-eabi/10.3.1/../../../../arm-none-eabi/lib/thumb/v6-m/nofp/libc.a(lib_a-svfiprintf.o)
                0x00000000080045cc                __ssprint_r
 .text.__assert_func
                0x00000000080046e0       0x40 /Users/shanewoods/Library/xPacks/@xpack-dev-tools/arm-none-eabi-gcc/10.3.1-2.3.1/.content/bin/../lib/gcc/arm-none-eabi/10.3.1/../../../../arm-none-eabi/lib/thumb/v6-m/nofp/libc.a(lib_a-assert.o)
                0x00000000080046e0                __assert_func
 .text._calloc_r
                0x0000000008004720       0x9c /Users/shanewoods/Library/xPacks/@xpack-dev-tools/arm-none-eabi-gcc/10.3.1-2.3.1/.content/bin/../lib/gcc/arm-none-eabi/10.3.1/../../../../arm-none-eabi/lib/thumb/v6-m/nofp/libc.a(lib_a-callocr.o)
                0x0000000008004720                _calloc_r
 .text.__errno  0x00000000080047bc        0xc /Users/shanewoods/Library/xPacks/@xpack-dev-tools/arm-none-eabi-gcc/10.3.1-2.3.1/.content/bin/../lib/gcc/arm-none-eabi/10.3.1/../../../../arm-none-eabi/lib/thumb/v6-m/nofp/libc.a(lib_a-errno.o)
                0x00000000080047bc                __errno
 .text.fiprintf
                0x00000000080047c8       0x24 /Users/shanewoods/Library/xPacks/@xpack-dev-tools/arm-none-eabi-gcc/10.3.1-2.3.1/.content/bin/../lib/gcc/arm-none-eabi/10.3.1/../../../../arm-none-eabi/lib/thumb/v6-m/nofp/libc.a(lib_a-fiprintf.o)
                0x00000000080047c8                fiprintf
 .text.__locale_mb_cur_max
                0x00000000080047ec       0x10 /Users/shanewoods/Library/xPacks/@xpack-dev-tools/arm-none-eabi-gcc/10.3.1-2.3.1/.content/bin/../lib/gcc/arm-none-eabi/10.3.1/../../../../arm-none-eabi/lib/thumb/v6-m/nofp/libc.a(lib_a-locale.o)
                0x00000000080047ec                __locale_mb_cur_max
 .text.__retarget_lock_init_recursive
                0x00000000080047fc        0x4 /Users/shanewoods/Library/xPacks/@xpack-dev-tools/arm-none-eabi-gcc/10.3.1-2.3.1/.content/bin/../lib/gcc/arm-none-eabi/10.3.1/../../../../arm-none-eabi/lib/thumb/v6-m/nofp/libc.a(lib_a-lock.o)
                0x00000000080047fc                __retarget_lock_init_recursive
 .text.__retarget_lock_close_recursive
                0x0000000008004800        0x4 /Users/shanewoods/Library/xPacks/@xpack-dev-tools/arm-none-eabi-gcc/10.3.1-2.3.1/.content/bin/../lib/gcc/arm-none-eabi/10.3.1/../../../../arm-none-eabi/lib/thumb/v6-m/nofp/libc.a(lib_a-lock.o)
                0x0000000008004800                __retarget_lock_close_recursive
 .text.__retarget_lock_acquire_recursive
                0x0000000008004804        0x4 /Users/shanewoods/Library/xPacks/@xpack-dev-tools/arm-none-eabi-gcc/10.3.1-2.3.1/.content/bin/../lib/gcc/arm-none-eabi/10.3.1/../../../../arm-none-eabi/lib/thumb/v6-m/nofp/libc.a(lib_a-lock.o)
                0x0000000008004804                __retarget_lock_acquire_recursive
 .text.__retarget_lock_release_recursive
                0x0000000008004808        0x4 /Users/shanewoods/Library/xPacks/@xpack-dev-tools/arm-none-eabi-gcc/10.3.1-2.3.1/.content/bin/../lib/gcc/arm-none-eabi/10.3.1/../../../../arm-none-eabi/lib/thumb/v6-m/nofp/libc.a(lib_a-lock.o)
                0x0000000008004808                __retarget_lock_release_recursive
 .text.__ascii_mbtowc
                0x000000000800480c       0x2c /Users/shanewoods/Library/xPacks/@xpack-dev-tools/arm-none-eabi-gcc/10.3.1-2.3.1/.content/bin/../lib/gcc/arm-none-eabi/10.3.1/../../../../arm-none-eabi/lib/thumb/v6-m/nofp/libc.a(lib_a-mbtowc_r.o)
                0x000000000800480c                __ascii_mbtowc
 .text.memmove  0x0000000008004838       0xac /Users/shanewoods/Library/xPacks/@xpack-dev-tools/arm-none-eabi-gcc/10.3.1-2.3.1/.content/bin/../lib/gcc/arm-none-eabi/10.3.1/../../../../arm-none-eabi/lib/thumb/v6-m/nofp/libc.a(lib_a-memmove.o)
                0x0000000008004838                memmove
 .text.memset   0x00000000080048e4       0xa8 /Users/shanewoods/Library/xPacks/@xpack-dev-tools/arm-none-eabi-gcc/10.3.1-2.3.1/.content/bin/../lib/gcc/arm-none-eabi/10.3.1/../../../../arm-none-eabi/lib/thumb/v6-m/nofp/libc.a(lib_a-memset.o)
                0x00000000080048e4                memset
 .text._realloc_r
                0x000000000800498c      0x354 /Users/shanewoods/Library/xPacks/@xpack-dev-tools/arm-none-eabi-gcc/10.3.1-2.3.1/.content/bin/../lib/gcc/arm-none-eabi/10.3.1/../../../../arm-none-eabi/lib/thumb/v6-m/nofp/libc.a(lib_a-reallocr.o)
                0x000000000800498c                _realloc_r
 .text.__sprint_r.part.0
                0x0000000008004ce0       0x88 /Users/shanewoods/Library/xPacks/@xpack-dev-tools/arm-none-eabi-gcc/10.3.1-2.3.1/.content/bin/../lib/gcc/arm-none-eabi/10.3.1/../../../../arm-none-eabi/lib/thumb/v6-m/nofp/libc.a(lib_a-vfiprintf.o)
 .text._vfiprintf_r
                0x0000000008004d68      0xdc4 /Users/shanewoods/Library/xPacks/@xpack-dev-tools/arm-none-eabi-gcc/10.3.1-2.3.1/.content/bin/../lib/gcc/arm-none-eabi/10.3.1/../../../../arm-none-eabi/lib/thumb/v6-m/nofp/libc.a(lib_a-vfiprintf.o)
                0x0000000008004d68                _vfiprintf_r
 .text.__sbprintf
                0x0000000008005b2c       0x8c /Users/shanewoods/Library/xPacks/@xpack-dev-tools/arm-none-eabi-gcc/10.3.1-2.3.1/.content/bin/../lib/gcc/arm-none-eabi/10.3.1/../../../../arm-none-eabi/lib/thumb/v6-m/nofp/libc.a(lib_a-vfiprintf.o)
 .text.__ascii_wctomb
                0x0000000008005bb8       0x1c /Users/shanewoods/Library/xPacks/@xpack-dev-tools/arm-none-eabi-gcc/10.3.1-2.3.1/.content/bin/../lib/gcc/arm-none-eabi/10.3.1/../../../../arm-none-eabi/lib/thumb/v6-m/nofp/libc.a(lib_a-wctomb_r.o)
                0x0000000008005bb8                __ascii_wctomb
 .text.__swsetup_r
                0x0000000008005bd4       0xdc /Users/shanewoods/Library/xPacks/@xpack-dev-tools/arm-none-eabi-gcc/10.3.1-2.3.1/.content/bin/../lib/gcc/arm-none-eabi/10.3.1/../../../../arm-none-eabi/lib/thumb/v6-m/nofp/libc.a(lib_a-wsetup.o)
                0x0000000008005bd4                __swsetup_r
 .text.abort    0x0000000008005cb0       0x10 /Users/shanewoods/Library/xPacks/@xpack-dev-tools/arm-none-eabi-gcc/10.3.1-2.3.1/.content/bin/../lib/gcc/arm-none-eabi/10.3.1/../../../../arm-none-eabi/lib/thumb/v6-m/nofp/libc.a(lib_a-abort.o)
                0x0000000008005cb0                abort
 .text.__sflush_r
                0x0000000008005cc0      0x140 /Users/shanewoods/Library/xPacks/@xpack-dev-tools/arm-none-eabi-gcc/10.3.1-2.3.1/.content/bin/../lib/gcc/arm-none-eabi/10.3.1/../../../../arm-none-eabi/lib/thumb/v6-m/nofp/libc.a(lib_a-fflush.o)
                0x0000000008005cc0                __sflush_r
 .text._fflush_r
                0x0000000008005e00       0x6c /Users/shanewoods/Library/xPacks/@xpack-dev-tools/arm-none-eabi-gcc/10.3.1-2.3.1/.content/bin/../lib/gcc/arm-none-eabi/10.3.1/../../../../arm-none-eabi/lib/thumb/v6-m/nofp/libc.a(lib_a-fflush.o)
                0x0000000008005e00                _fflush_r
 .text._cleanup_r
                0x0000000008005e6c       0x10 /Users/shanewoods/Library/xPacks/@xpack-dev-tools/arm-none-eabi-gcc/10.3.1-2.3.1/.content/bin/../lib/gcc/arm-none-eabi/10.3.1/../../../../arm-none-eabi/lib/thumb/v6-m/nofp/libc.a(lib_a-findfp.o)
                0x0000000008005e6c                _cleanup_r
 .text.__sinit  0x0000000008005e7c      0x120 /Users/shanewoods/Library/xPacks/@xpack-dev-tools/arm-none-eabi-gcc/10.3.1-2.3.1/.content/bin/../lib/gcc/arm-none-eabi/10.3.1/../../../../arm-none-eabi/lib/thumb/v6-m/nofp/libc.a(lib_a-findfp.o)
                0x0000000008005e7c                __sinit
 .text.__sfp_lock_acquire
                0x0000000008005f9c       0x10 /Users/shanewoods/Library/xPacks/@xpack-dev-tools/arm-none-eabi-gcc/10.3.1-2.3.1/.content/bin/../lib/gcc/arm-none-eabi/10.3.1/../../../../arm-none-eabi/lib/thumb/v6-m/nofp/libc.a(lib_a-findfp.o)
                0x0000000008005f9c                __sfp_lock_acquire
 .text.__sfp_lock_release
                0x0000000008005fac       0x10 /Users/shanewoods/Library/xPacks/@xpack-dev-tools/arm-none-eabi-gcc/10.3.1-2.3.1/.content/bin/../lib/gcc/arm-none-eabi/10.3.1/../../../../arm-none-eabi/lib/thumb/v6-m/nofp/libc.a(lib_a-findfp.o)
                0x0000000008005fac                __sfp_lock_release
 .text.__fputwc
                0x0000000008005fbc       0x98 /Users/shanewoods/Library/xPacks/@xpack-dev-tools/arm-none-eabi-gcc/10.3.1-2.3.1/.content/bin/../lib/gcc/arm-none-eabi/10.3.1/../../../../arm-none-eabi/lib/thumb/v6-m/nofp/libc.a(lib_a-fputwc.o)
                0x0000000008005fbc                __fputwc
 .text._fputwc_r
                0x0000000008006054       0x5c /Users/shanewoods/Library/xPacks/@xpack-dev-tools/arm-none-eabi-gcc/10.3.1-2.3.1/.content/bin/../lib/gcc/arm-none-eabi/10.3.1/../../../../arm-none-eabi/lib/thumb/v6-m/nofp/libc.a(lib_a-fputwc.o)
                0x0000000008006054                _fputwc_r
 .text.__sfvwrite_r
                0x00000000080060b0      0x2f4 /Users/shanewoods/Library/xPacks/@xpack-dev-tools/arm-none-eabi-gcc/10.3.1-2.3.1/.content/bin/../lib/gcc/arm-none-eabi/10.3.1/../../../../arm-none-eabi/lib/thumb/v6-m/nofp/libc.a(lib_a-fvwrite.o)
                0x00000000080060b0                __sfvwrite_r
 .text._fwalk_reent
                0x00000000080063a4       0x48 /Users/shanewoods/Library/xPacks/@xpack-dev-tools/arm-none-eabi-gcc/10.3.1-2.3.1/.content/bin/../lib/gcc/arm-none-eabi/10.3.1/../../../../arm-none-eabi/lib/thumb/v6-m/nofp/libc.a(lib_a-fwalk.o)
                0x00000000080063a4                _fwalk_reent
 .text.__smakebuf_r
                0x00000000080063ec       0xe4 /Users/shanewoods/Library/xPacks/@xpack-dev-tools/arm-none-eabi-gcc/10.3.1-2.3.1/.content/bin/../lib/gcc/arm-none-eabi/10.3.1/../../../../arm-none-eabi/lib/thumb/v6-m/nofp/libc.a(lib_a-makebuf.o)
                0x00000000080063ec                __smakebuf_r
 .text.raise    0x00000000080064d0       0x60 /Users/shanewoods/Library/xPacks/@xpack-dev-tools/arm-none-eabi-gcc/10.3.1-2.3.1/.content/bin/../lib/gcc/arm-none-eabi/10.3.1/../../../../arm-none-eabi/lib/thumb/v6-m/nofp/libc.a(lib_a-signal.o)
                0x00000000080064d0                raise
 .text._kill_r  0x0000000008006530       0x28 /Users/shanewoods/Library/xPacks/@xpack-dev-tools/arm-none-eabi-gcc/10.3.1-2.3.1/.content/bin/../lib/gcc/arm-none-eabi/10.3.1/../../../../arm-none-eabi/lib/thumb/v6-m/nofp/libc.a(lib_a-signalr.o)
                0x0000000008006530                _kill_r
 .text._getpid_r
                0x0000000008006558        0x8 /Users/shanewoods/Library/xPacks/@xpack-dev-tools/arm-none-eabi-gcc/10.3.1-2.3.1/.content/bin/../lib/gcc/arm-none-eabi/10.3.1/../../../../arm-none-eabi/lib/thumb/v6-m/nofp/libc.a(lib_a-signalr.o)
                0x0000000008006558                _getpid_r
 .text.__sread  0x0000000008006560       0x28 /Users/shanewoods/Library/xPacks/@xpack-dev-tools/arm-none-eabi-gcc/10.3.1-2.3.1/.content/bin/../lib/gcc/arm-none-eabi/10.3.1/../../../../arm-none-eabi/lib/thumb/v6-m/nofp/libc.a(lib_a-stdio.o)
                0x0000000008006560                __sread
 .text.__swrite
                0x0000000008006588       0x40 /Users/shanewoods/Library/xPacks/@xpack-dev-tools/arm-none-eabi-gcc/10.3.1-2.3.1/.content/bin/../lib/gcc/arm-none-eabi/10.3.1/../../../../arm-none-eabi/lib/thumb/v6-m/nofp/libc.a(lib_a-stdio.o)
                0x0000000008006588                __swrite
 .text.__sseek  0x00000000080065c8       0x2c /Users/shanewoods/Library/xPacks/@xpack-dev-tools/arm-none-eabi-gcc/10.3.1-2.3.1/.content/bin/../lib/gcc/arm-none-eabi/10.3.1/../../../../arm-none-eabi/lib/thumb/v6-m/nofp/libc.a(lib_a-stdio.o)
                0x00000000080065c8                __sseek
 .text.__sclose
                0x00000000080065f4        0xc /Users/shanewoods/Library/xPacks/@xpack-dev-tools/arm-none-eabi-gcc/10.3.1-2.3.1/.content/bin/../lib/gcc/arm-none-eabi/10.3.1/../../../../arm-none-eabi/lib/thumb/v6-m/nofp/libc.a(lib_a-stdio.o)
                0x00000000080065f4                __sclose
 .text.__swbuf_r
                0x0000000008006600       0xc8 /Users/shanewoods/Library/xPacks/@xpack-dev-tools/arm-none-eabi-gcc/10.3.1-2.3.1/.content/bin/../lib/gcc/arm-none-eabi/10.3.1/../../../../arm-none-eabi/lib/thumb/v6-m/nofp/libc.a(lib_a-wbuf.o)
                0x0000000008006600                __swbuf_r
 .text._wcrtomb_r
                0x00000000080066c8       0x40 /Users/shanewoods/Library/xPacks/@xpack-dev-tools/arm-none-eabi-gcc/10.3.1-2.3.1/.content/bin/../lib/gcc/arm-none-eabi/10.3.1/../../../../arm-none-eabi/lib/thumb/v6-m/nofp/libc.a(lib_a-wcrtomb.o)
                0x00000000080066c8                _wcrtomb_r
 .text._write_r
                0x0000000008006708       0x28 /Users/shanewoods/Library/xPacks/@xpack-dev-tools/arm-none-eabi-gcc/10.3.1-2.3.1/.content/bin/../lib/gcc/arm-none-eabi/10.3.1/../../../../arm-none-eabi/lib/thumb/v6-m/nofp/libc.a(lib_a-writer.o)
                0x0000000008006708                _write_r
 .text._close_r
                0x0000000008006730       0x24 /Users/shanewoods/Library/xPacks/@xpack-dev-tools/arm-none-eabi-gcc/10.3.1-2.3.1/.content/bin/../lib/gcc/arm-none-eabi/10.3.1/../../../../arm-none-eabi/lib/thumb/v6-m/nofp/libc.a(lib_a-closer.o)
                0x0000000008006730                _close_r
 .text._fclose_r
                0x0000000008006754       0xdc /Users/shanewoods/Library/xPacks/@xpack-dev-tools/arm-none-eabi-gcc/10.3.1-2.3.1/.content/bin/../lib/gcc/arm-none-eabi/10.3.1/../../../../arm-none-eabi/lib/thumb/v6-m/nofp/libc.a(lib_a-fclose.o)
                0x0000000008006754                _fclose_r
 .text._fstat_r
                0x0000000008006830       0x28 /Users/shanewoods/Library/xPacks/@xpack-dev-tools/arm-none-eabi-gcc/10.3.1-2.3.1/.content/bin/../lib/gcc/arm-none-eabi/10.3.1/../../../../arm-none-eabi/lib/thumb/v6-m/nofp/libc.a(lib_a-fstatr.o)
                0x0000000008006830                _fstat_r
 .text._isatty_r
                0x0000000008006858       0x24 /Users/shanewoods/Library/xPacks/@xpack-dev-tools/arm-none-eabi-gcc/10.3.1-2.3.1/.content/bin/../lib/gcc/arm-none-eabi/10.3.1/../../../../arm-none-eabi/lib/thumb/v6-m/nofp/libc.a(lib_a-isattyr.o)
                0x0000000008006858                _isatty_r
 .text._lseek_r
                0x000000000800687c       0x28 /Users/shanewoods/Library/xPacks/@xpack-dev-tools/arm-none-eabi-gcc/10.3.1-2.3.1/.content/bin/../lib/gcc/arm-none-eabi/10.3.1/../../../../arm-none-eabi/lib/thumb/v6-m/nofp/libc.a(lib_a-lseekr.o)
                0x000000000800687c                _lseek_r
 .text._read_r  0x00000000080068a4       0x28 /Users/shanewoods/Library/xPacks/@xpack-dev-tools/arm-none-eabi-gcc/10.3.1-2.3.1/.content/bin/../lib/gcc/arm-none-eabi/10.3.1/../../../../arm-none-eabi/lib/thumb/v6-m/nofp/libc.a(lib_a-readr.o)
                0x00000000080068a4                _read_r
 .text          0x00000000080068cc      0x114 /Users/shanewoods/Library/xPacks/@xpack-dev-tools/arm-none-eabi-gcc/10.3.1-2.3.1/.content/bin/../lib/gcc/arm-none-eabi/10.3.1/thumb/v6-m/nofp/libgcc.a(_udivsi3.o)
                0x00000000080068cc                __udivsi3
                0x00000000080068cc                __aeabi_uidiv
                0x00000000080069d8                __aeabi_uidivmod
 .text          0x00000000080069e0      0x1d4 /Users/shanewoods/Library/xPacks/@xpack-dev-tools/arm-none-eabi-gcc/10.3.1-2.3.1/.content/bin/../lib/gcc/arm-none-eabi/10.3.1/thumb/v6-m/nofp/libgcc.a(_divsi3.o)
                0x00000000080069e0                __aeabi_idiv
                0x00000000080069e0                __divsi3
                0x0000000008006bac                __aeabi_idivmod
 .text          0x0000000008006bb4        0x4 /Users/shanewoods/Library/xPacks/@xpack-dev-tools/arm-none-eabi-gcc/10.3.1-2.3.1/.content/bin/../lib/gcc/arm-none-eabi/10.3.1/thumb/v6-m/nofp/libgcc.a(_dvmd_tls.o)
                0x0000000008006bb4                __aeabi_ldiv0
                0x0000000008006bb4                __aeabi_idiv0
 .text          0x0000000008006bb8       0x7c /Users/shanewoods/Library/xPacks/@xpack-dev-tools/arm-none-eabi-gcc/10.3.1-2.3.1/.content/bin/../lib/gcc/arm-none-eabi/10.3.1/thumb/v6-m/nofp/libgcc.a(_arm_cmpdf2.o)
                0x0000000008006bb8                __aeabi_cdrcmple
                0x0000000008006bc8                __aeabi_cdcmple
                0x0000000008006bc8                __aeabi_cdcmpeq
                0x0000000008006bd8                __aeabi_dcmpeq
                0x0000000008006be4                __aeabi_dcmplt
                0x0000000008006bf8                __aeabi_dcmple
                0x0000000008006c0c                __aeabi_dcmpgt
                0x0000000008006c20                __aeabi_dcmpge
 .text          0x0000000008006c34       0x40 /Users/shanewoods/Library/xPacks/@xpack-dev-tools/arm-none-eabi-gcc/10.3.1-2.3.1/.content/bin/../lib/gcc/arm-none-eabi/10.3.1/thumb/v6-m/nofp/libgcc.a(_aeabi_uldivmod.o)
                0x0000000008006c34                __aeabi_uldivmod
 .text.__udivmoddi4
                0x0000000008006c74      0x198 /Users/shanewoods/Library/xPacks/@xpack-dev-tools/arm-none-eabi-gcc/10.3.1-2.3.1/.content/bin/../lib/gcc/arm-none-eabi/10.3.1/thumb/v6-m/nofp/libgcc.a(_udivmoddi4.o)
                0x0000000008006c74                __udivmoddi4
 .text.__aeabi_dadd
                0x0000000008006e0c      0x678 /Users/shanewoods/Library/xPacks/@xpack-dev-tools/arm-none-eabi-gcc/10.3.1-2.3.1/.content/bin/../lib/gcc/arm-none-eabi/10.3.1/thumb/v6-m/nofp/libgcc.a(adddf3.o)
                0x0000000008006e0c                __aeabi_dadd
 .text.__aeabi_ddiv
                0x0000000008007484      0x5ec /Users/shanewoods/Library/xPacks/@xpack-dev-tools/arm-none-eabi-gcc/10.3.1-2.3.1/.content/bin/../lib/gcc/arm-none-eabi/10.3.1/thumb/v6-m/nofp/libgcc.a(divdf3.o)
                0x0000000008007484                __aeabi_ddiv
 .text.__eqdf2  0x0000000008007a70       0x84 /Users/shanewoods/Library/xPacks/@xpack-dev-tools/arm-none-eabi-gcc/10.3.1-2.3.1/.content/bin/../lib/gcc/arm-none-eabi/10.3.1/thumb/v6-m/nofp/libgcc.a(eqdf2.o)
                0x0000000008007a70                __eqdf2
                0x0000000008007a70                __nedf2
 .text.__gedf2  0x0000000008007af4       0xcc /Users/shanewoods/Library/xPacks/@xpack-dev-tools/arm-none-eabi-gcc/10.3.1-2.3.1/.content/bin/../lib/gcc/arm-none-eabi/10.3.1/thumb/v6-m/nofp/libgcc.a(gedf2.o)
                0x0000000008007af4                __gtdf2
                0x0000000008007af4                __gedf2
 .text.__ledf2  0x0000000008007bc0       0xc8 /Users/shanewoods/Library/xPacks/@xpack-dev-tools/arm-none-eabi-gcc/10.3.1-2.3.1/.content/bin/../lib/gcc/arm-none-eabi/10.3.1/thumb/v6-m/nofp/libgcc.a(ledf2.o)
                0x0000000008007bc0                __ltdf2
                0x0000000008007bc0                __ledf2
 .text.__aeabi_dmul
                0x0000000008007c88      0x4d8 /Users/shanewoods/Library/xPacks/@xpack-dev-tools/arm-none-eabi-gcc/10.3.1-2.3.1/.content/bin/../lib/gcc/arm-none-eabi/10.3.1/thumb/v6-m/nofp/libgcc.a(muldf3.o)
                0x0000000008007c88                __aeabi_dmul
 .text.__aeabi_dsub
                0x0000000008008160      0x724 /Users/shanewoods/Library/xPacks/@xpack-dev-tools/arm-none-eabi-gcc/10.3.1-2.3.1/.content/bin/../lib/gcc/arm-none-eabi/10.3.1/thumb/v6-m/nofp/libgcc.a(subdf3.o)
                0x0000000008008160                __aeabi_dsub
 .text.__aeabi_dcmpun
                0x0000000008008884       0x3c /Users/shanewoods/Library/xPacks/@xpack-dev-tools/arm-none-eabi-gcc/10.3.1-2.3.1/.content/bin/../lib/gcc/arm-none-eabi/10.3.1/thumb/v6-m/nofp/libgcc.a(unorddf2.o)
                0x0000000008008884                __aeabi_dcmpun
 .text.__aeabi_d2iz
                0x00000000080088c0       0x6c /Users/shanewoods/Library/xPacks/@xpack-dev-tools/arm-none-eabi-gcc/10.3.1-2.3.1/.content/bin/../lib/gcc/arm-none-eabi/10.3.1/thumb/v6-m/nofp/libgcc.a(fixdfsi.o)
                0x00000000080088c0                __aeabi_d2iz
 .text.__aeabi_i2d
                0x000000000800892c       0x60 /Users/shanewoods/Library/xPacks/@xpack-dev-tools/arm-none-eabi-gcc/10.3.1-2.3.1/.content/bin/../lib/gcc/arm-none-eabi/10.3.1/thumb/v6-m/nofp/libgcc.a(floatsidf.o)
                0x000000000800892c                __aeabi_i2d
 .text.__aeabi_ui2d
                0x000000000800898c       0x4c /Users/shanewoods/Library/xPacks/@xpack-dev-tools/arm-none-eabi-gcc/10.3.1-2.3.1/.content/bin/../lib/gcc/arm-none-eabi/10.3.1/thumb/v6-m/nofp/libgcc.a(floatunsidf.o)
                0x000000000800898c                __aeabi_ui2d
 .text.selfrel_offset31
                0x00000000080089d8       0x18 /Users/shanewoods/Library/xPacks/@xpack-dev-tools/arm-none-eabi-gcc/10.3.1-2.3.1/.content/bin/../lib/gcc/arm-none-eabi/10.3.1/thumb/v6-m/nofp/libgcc.a(unwind-arm.o)
 .text.search_EIT_table
                0x00000000080089f0       0x70 /Users/shanewoods/Library/xPacks/@xpack-dev-tools/arm-none-eabi-gcc/10.3.1-2.3.1/.content/bin/../lib/gcc/arm-none-eabi/10.3.1/thumb/v6-m/nofp/libgcc.a(unwind-arm.o)
 .text.__gnu_unwind_get_pr_addr
                0x0000000008008a60       0x2c /Users/shanewoods/Library/xPacks/@xpack-dev-tools/arm-none-eabi-gcc/10.3.1-2.3.1/.content/bin/../lib/gcc/arm-none-eabi/10.3.1/thumb/v6-m/nofp/libgcc.a(unwind-arm.o)
 .text.get_eit_entry
                0x0000000008008a8c       0x9c /Users/shanewoods/Library/xPacks/@xpack-dev-tools/arm-none-eabi-gcc/10.3.1-2.3.1/.content/bin/../lib/gcc/arm-none-eabi/10.3.1/thumb/v6-m/nofp/libgcc.a(unwind-arm.o)
 .text.restore_non_core_regs
                0x0000000008008b28       0x5c /Users/shanewoods/Library/xPacks/@xpack-dev-tools/arm-none-eabi-gcc/10.3.1-2.3.1/.content/bin/../lib/gcc/arm-none-eabi/10.3.1/thumb/v6-m/nofp/libgcc.a(unwind-arm.o)
 .text._Unwind_decode_typeinfo_ptr.constprop.0
                0x0000000008008b84        0xc /Users/shanewoods/Library/xPacks/@xpack-dev-tools/arm-none-eabi-gcc/10.3.1-2.3.1/.content/bin/../lib/gcc/arm-none-eabi/10.3.1/thumb/v6-m/nofp/libgcc.a(unwind-arm.o)
 .text._Unwind_DebugHook
                0x0000000008008b90        0x4 /Users/shanewoods/Library/xPacks/@xpack-dev-tools/arm-none-eabi-gcc/10.3.1-2.3.1/.content/bin/../lib/gcc/arm-none-eabi/10.3.1/thumb/v6-m/nofp/libgcc.a(unwind-arm.o)
 .text.unwind_phase2
                0x0000000008008b94       0x3c /Users/shanewoods/Library/xPacks/@xpack-dev-tools/arm-none-eabi-gcc/10.3.1-2.3.1/.content/bin/../lib/gcc/arm-none-eabi/10.3.1/thumb/v6-m/nofp/libgcc.a(unwind-arm.o)
 .text.unwind_phase2_forced
                0x0000000008008bd0       0xd0 /Users/shanewoods/Library/xPacks/@xpack-dev-tools/arm-none-eabi-gcc/10.3.1-2.3.1/.content/bin/../lib/gcc/arm-none-eabi/10.3.1/thumb/v6-m/nofp/libgcc.a(unwind-arm.o)
 .text.__gnu_Unwind_RaiseException
                0x0000000008008ca0       0x54 /Users/shanewoods/Library/xPacks/@xpack-dev-tools/arm-none-eabi-gcc/10.3.1-2.3.1/.content/bin/../lib/gcc/arm-none-eabi/10.3.1/thumb/v6-m/nofp/libgcc.a(unwind-arm.o)
                0x0000000008008ca0                __gnu_Unwind_RaiseException
 .text.__gnu_Unwind_ForcedUnwind
                0x0000000008008cf4       0x14 /Users/shanewoods/Library/xPacks/@xpack-dev-tools/arm-none-eabi-gcc/10.3.1-2.3.1/.content/bin/../lib/gcc/arm-none-eabi/10.3.1/thumb/v6-m/nofp/libgcc.a(unwind-arm.o)
                0x0000000008008cf4                __gnu_Unwind_ForcedUnwind
 .text.__gnu_Unwind_Resume
                0x0000000008008d08       0x48 /Users/shanewoods/Library/xPacks/@xpack-dev-tools/arm-none-eabi-gcc/10.3.1-2.3.1/.content/bin/../lib/gcc/arm-none-eabi/10.3.1/thumb/v6-m/nofp/libgcc.a(unwind-arm.o)
                0x0000000008008d08                __gnu_Unwind_Resume
 .text.__gnu_Unwind_Resume_or_Rethrow
                0x0000000008008d50       0x1c /Users/shanewoods/Library/xPacks/@xpack-dev-tools/arm-none-eabi-gcc/10.3.1-2.3.1/.content/bin/../lib/gcc/arm-none-eabi/10.3.1/thumb/v6-m/nofp/libgcc.a(unwind-arm.o)
                0x0000000008008d50                __gnu_Unwind_Resume_or_Rethrow
 .text._Unwind_VRS_Get
                0x0000000008008d6c       0x34 /Users/shanewoods/Library/xPacks/@xpack-dev-tools/arm-none-eabi-gcc/10.3.1-2.3.1/.content/bin/../lib/gcc/arm-none-eabi/10.3.1/thumb/v6-m/nofp/libgcc.a(unwind-arm.o)
                0x0000000008008d6c                _Unwind_VRS_Get
 .text._Unwind_GetGR
                0x0000000008008da0       0x18 /Users/shanewoods/Library/xPacks/@xpack-dev-tools/arm-none-eabi-gcc/10.3.1-2.3.1/.content/bin/../lib/gcc/arm-none-eabi/10.3.1/thumb/v6-m/nofp/libgcc.a(unwind-arm.o)
 .text._Unwind_VRS_Set
                0x0000000008008db8       0x34 /Users/shanewoods/Library/xPacks/@xpack-dev-tools/arm-none-eabi-gcc/10.3.1-2.3.1/.content/bin/../lib/gcc/arm-none-eabi/10.3.1/thumb/v6-m/nofp/libgcc.a(unwind-arm.o)
                0x0000000008008db8                _Unwind_VRS_Set
 .text._Unwind_SetGR
                0x0000000008008dec       0x18 /Users/shanewoods/Library/xPacks/@xpack-dev-tools/arm-none-eabi-gcc/10.3.1-2.3.1/.content/bin/../lib/gcc/arm-none-eabi/10.3.1/thumb/v6-m/nofp/libgcc.a(unwind-arm.o)
 .text.__gnu_Unwind_Backtrace
                0x0000000008008e04       0x70 /Users/shanewoods/Library/xPacks/@xpack-dev-tools/arm-none-eabi-gcc/10.3.1-2.3.1/.content/bin/../lib/gcc/arm-none-eabi/10.3.1/thumb/v6-m/nofp/libgcc.a(unwind-arm.o)
                0x0000000008008e04                __gnu_Unwind_Backtrace
 .text.__gnu_unwind_pr_common
                0x0000000008008e74      0x2ec /Users/shanewoods/Library/xPacks/@xpack-dev-tools/arm-none-eabi-gcc/10.3.1-2.3.1/.content/bin/../lib/gcc/arm-none-eabi/10.3.1/thumb/v6-m/nofp/libgcc.a(unwind-arm.o)
 .text.__aeabi_unwind_cpp_pr0
                0x0000000008009160        0xc /Users/shanewoods/Library/xPacks/@xpack-dev-tools/arm-none-eabi-gcc/10.3.1-2.3.1/.content/bin/../lib/gcc/arm-none-eabi/10.3.1/thumb/v6-m/nofp/libgcc.a(unwind-arm.o)
                0x0000000008009160                __aeabi_unwind_cpp_pr0
 .text.__aeabi_unwind_cpp_pr1
                0x000000000800916c        0xc /Users/shanewoods/Library/xPacks/@xpack-dev-tools/arm-none-eabi-gcc/10.3.1-2.3.1/.content/bin/../lib/gcc/arm-none-eabi/10.3.1/thumb/v6-m/nofp/libgcc.a(unwind-arm.o)
                0x000000000800916c                __aeabi_unwind_cpp_pr1
 .text.__aeabi_unwind_cpp_pr2
                0x0000000008009178        0xc /Users/shanewoods/Library/xPacks/@xpack-dev-tools/arm-none-eabi-gcc/10.3.1-2.3.1/.content/bin/../lib/gcc/arm-none-eabi/10.3.1/thumb/v6-m/nofp/libgcc.a(unwind-arm.o)
                0x0000000008009178                __aeabi_unwind_cpp_pr2
 .text._Unwind_VRS_Pop
                0x0000000008009184      0x268 /Users/shanewoods/Library/xPacks/@xpack-dev-tools/arm-none-eabi-gcc/10.3.1-2.3.1/.content/bin/../lib/gcc/arm-none-eabi/10.3.1/thumb/v6-m/nofp/libgcc.a(unwind-arm.o)
                0x0000000008009184                _Unwind_VRS_Pop
 .text          0x00000000080093ec      0x144 /Users/shanewoods/Library/xPacks/@xpack-dev-tools/arm-none-eabi-gcc/10.3.1-2.3.1/.content/bin/../lib/gcc/arm-none-eabi/10.3.1/thumb/v6-m/nofp/libgcc.a(libunwind.o)
                0x00000000080093ec                __restore_core_regs
                0x00000000080093ec                restore_core_regs
                0x0000000008009418                __gnu_Unwind_Restore_VFP
                0x000000000800941c                __gnu_Unwind_Save_VFP
                0x0000000008009420                __gnu_Unwind_Restore_VFP_D
                0x0000000008009424                __gnu_Unwind_Save_VFP_D
                0x0000000008009428                __gnu_Unwind_Restore_VFP_D_16_to_31
                0x000000000800942c                __gnu_Unwind_Save_VFP_D_16_to_31
                0x0000000008009430                __gnu_Unwind_Restore_WMMXD
                0x0000000008009434                __gnu_Unwind_Save_WMMXD
                0x0000000008009438                __gnu_Unwind_Restore_WMMXC
                0x000000000800943c                __gnu_Unwind_Save_WMMXC
                0x0000000008009440                _Unwind_RaiseException
                0x0000000008009440                ___Unwind_RaiseException
                0x0000000008009470                ___Unwind_Resume
                0x0000000008009470                _Unwind_Resume
                0x00000000080094a0                ___Unwind_Resume_or_Rethrow
                0x00000000080094a0                _Unwind_Resume_or_Rethrow
                0x00000000080094d0                _Unwind_ForcedUnwind
                0x00000000080094d0                ___Unwind_ForcedUnwind
                0x0000000008009500                _Unwind_Backtrace
                0x0000000008009500                ___Unwind_Backtrace
 .text.next_unwind_byte
                0x0000000008009530       0x34 /Users/shanewoods/Library/xPacks/@xpack-dev-tools/arm-none-eabi-gcc/10.3.1-2.3.1/.content/bin/../lib/gcc/arm-none-eabi/10.3.1/thumb/v6-m/nofp/libgcc.a(pr-support.o)
 .text.__gnu_unwind_execute
                0x0000000008009564      0x2f0 /Users/shanewoods/Library/xPacks/@xpack-dev-tools/arm-none-eabi-gcc/10.3.1-2.3.1/.content/bin/../lib/gcc/arm-none-eabi/10.3.1/thumb/v6-m/nofp/libgcc.a(pr-support.o)
                0x0000000008009564                __gnu_unwind_execute
 .text          0x0000000008009854       0x3c /Users/shanewoods/Library/xPacks/@xpack-dev-tools/arm-none-eabi-gcc/10.3.1-2.3.1/.content/bin/../lib/gcc/arm-none-eabi/10.3.1/thumb/v6-m/nofp/libgcc.a(_clzsi2.o)
                0x0000000008009854                __clzsi2
 .text          0x0000000008009890       0x18 /Users/shanewoods/Library/xPacks/@xpack-dev-tools/arm-none-eabi-gcc/10.3.1-2.3.1/.content/bin/../lib/gcc/arm-none-eabi/10.3.1/thumb/v6-m/nofp/libgcc.a(_clzdi2.o)
                0x0000000008009890                __clzdi2
 .text._close   0x00000000080098a8       0x10 /Users/shanewoods/Library/xPacks/@xpack-dev-tools/arm-none-eabi-gcc/10.3.1-2.3.1/.content/bin/../lib/gcc/arm-none-eabi/10.3.1/../../../../arm-none-eabi/lib/thumb/v6-m/nofp/libnosys.a(close.o)
                0x00000000080098a8                _close
 .text._fstat   0x00000000080098b8       0x10 /Users/shanewoods/Library/xPacks/@xpack-dev-tools/arm-none-eabi-gcc/10.3.1-2.3.1/.content/bin/../lib/gcc/arm-none-eabi/10.3.1/../../../../arm-none-eabi/lib/thumb/v6-m/nofp/libnosys.a(fstat.o)
                0x00000000080098b8                _fstat
 .text._getpid  0x00000000080098c8       0x10 /Users/shanewoods/Library/xPacks/@xpack-dev-tools/arm-none-eabi-gcc/10.3.1-2.3.1/.content/bin/../lib/gcc/arm-none-eabi/10.3.1/../../../../arm-none-eabi/lib/thumb/v6-m/nofp/libnosys.a(getpid.o)
                0x00000000080098c8                _getpid
 .text._isatty  0x00000000080098d8       0x10 /Users/shanewoods/Library/xPacks/@xpack-dev-tools/arm-none-eabi-gcc/10.3.1-2.3.1/.content/bin/../lib/gcc/arm-none-eabi/10.3.1/../../../../arm-none-eabi/lib/thumb/v6-m/nofp/libnosys.a(isatty.o)
                0x00000000080098d8                _isatty
 .text._kill    0x00000000080098e8       0x10 /Users/shanewoods/Library/xPacks/@xpack-dev-tools/arm-none-eabi-gcc/10.3.1-2.3.1/.content/bin/../lib/gcc/arm-none-eabi/10.3.1/../../../../arm-none-eabi/lib/thumb/v6-m/nofp/libnosys.a(kill.o)
                0x00000000080098e8                _kill
 .text._lseek   0x00000000080098f8       0x10 /Users/shanewoods/Library/xPacks/@xpack-dev-tools/arm-none-eabi-gcc/10.3.1-2.3.1/.content/bin/../lib/gcc/arm-none-eabi/10.3.1/../../../../arm-none-eabi/lib/thumb/v6-m/nofp/libnosys.a(lseek.o)
                0x00000000080098f8                _lseek
 .text._read    0x0000000008009908       0x10 /Users/shanewoods/Library/xPacks/@xpack-dev-tools/arm-none-eabi-gcc/10.3.1-2.3.1/.content/bin/../lib/gcc/arm-none-eabi/10.3.1/../../../../arm-none-eabi/lib/thumb/v6-m/nofp/libnosys.a(read.o)
                0x0000000008009908                _read
 .text._sbrk    0x0000000008009918       0x1c /Users/shanewoods/Library/xPacks/@xpack-dev-tools/arm-none-eabi-gcc/10.3.1-2.3.1/.content/bin/../lib/gcc/arm-none-eabi/10.3.1/../../../../arm-none-eabi/lib/thumb/v6-m/nofp/libnosys.a(sbrk.o)
                0x0000000008009918                _sbrk
 .text._write   0x0000000008009934       0x10 /Users/shanewoods/Library/xPacks/@xpack-dev-tools/arm-none-eabi-gcc/10.3.1-2.3.1/.content/bin/../lib/gcc/arm-none-eabi/10.3.1/../../../../arm-none-eabi/lib/thumb/v6-m/nofp/libnosys.a(write.o)
                0x0000000008009934                _write
 .text._exit    0x0000000008009944        0x4 /Users/shanewoods/Library/xPacks/@xpack-dev-tools/arm-none-eabi-gcc/10.3.1-2.3.1/.content/bin/../lib/gcc/arm-none-eabi/10.3.1/../../../../arm-none-eabi/lib/thumb/v6-m/nofp/libnosys.a(_exit.o)
                0x0000000008009944                _exit
                0x0000000008009948                . = ALIGN (0x4)
 *(.rodata*)
 .rodata.main.str1.1
                0x0000000008009948       0x26 usart_iadc.o
 *fill*         0x000000000800996e        0x2 
 .rodata._svfprintf_r.str1.4
                0x0000000008009970       0x42 /Users/shanewoods/Library/xPacks/@xpack-dev-tools/arm-none-eabi-gcc/10.3.1-2.3.1/.content/bin/../lib/gcc/arm-none-eabi/10.3.1/../../../../arm-none-eabi/lib/thumb/v6-m/nofp/libc.a(lib_a-svfprintf.o)
 *fill*         0x00000000080099b2        0x2 
 .rodata._svfprintf_r
                0x00000000080099b4      0x16c /Users/shanewoods/Library/xPacks/@xpack-dev-tools/arm-none-eabi-gcc/10.3.1-2.3.1/.content/bin/../lib/gcc/arm-none-eabi/10.3.1/../../../../arm-none-eabi/lib/thumb/v6-m/nofp/libc.a(lib_a-svfprintf.o)
 .rodata.blanks.1
                0x0000000008009b20       0x10 /Users/shanewoods/Library/xPacks/@xpack-dev-tools/arm-none-eabi-gcc/10.3.1-2.3.1/.content/bin/../lib/gcc/arm-none-eabi/10.3.1/../../../../arm-none-eabi/lib/thumb/v6-m/nofp/libc.a(lib_a-svfprintf.o)
 .rodata.zeroes.0
                0x0000000008009b30       0x10 /Users/shanewoods/Library/xPacks/@xpack-dev-tools/arm-none-eabi-gcc/10.3.1-2.3.1/.content/bin/../lib/gcc/arm-none-eabi/10.3.1/../../../../arm-none-eabi/lib/thumb/v6-m/nofp/libc.a(lib_a-svfprintf.o)
 .rodata._dtoa_r.str1.4
                0x0000000008009b40       0x87 /Users/shanewoods/Library/xPacks/@xpack-dev-tools/arm-none-eabi-gcc/10.3.1-2.3.1/.content/bin/../lib/gcc/arm-none-eabi/10.3.1/../../../../arm-none-eabi/lib/thumb/v6-m/nofp/libc.a(lib_a-dtoa.o)
                                         0x8b (size before relaxing)
 *fill*         0x0000000008009bc7        0x1 
 .rodata.__multadd.str1.4
                0x0000000008009bc8       0x64 /Users/shanewoods/Library/xPacks/@xpack-dev-tools/arm-none-eabi-gcc/10.3.1-2.3.1/.content/bin/../lib/gcc/arm-none-eabi/10.3.1/../../../../arm-none-eabi/lib/thumb/v6-m/nofp/libc.a(lib_a-mprec.o)
                                         0x78 (size before relaxing)
 *fill*         0x0000000008009c2c        0x4 
 .rodata.__mprec_bigtens
                0x0000000008009c30       0x28 /Users/shanewoods/Library/xPacks/@xpack-dev-tools/arm-none-eabi-gcc/10.3.1-2.3.1/.content/bin/../lib/gcc/arm-none-eabi/10.3.1/../../../../arm-none-eabi/lib/thumb/v6-m/nofp/libc.a(lib_a-mprec.o)
                0x0000000008009c30                __mprec_bigtens
 .rodata.__mprec_tens
                0x0000000008009c58       0xc8 /Users/shanewoods/Library/xPacks/@xpack-dev-tools/arm-none-eabi-gcc/10.3.1-2.3.1/.content/bin/../lib/gcc/arm-none-eabi/10.3.1/../../../../arm-none-eabi/lib/thumb/v6-m/nofp/libc.a(lib_a-mprec.o)
                0x0000000008009c58                __mprec_tens
 .rodata.p05.0  0x0000000008009d20        0xc /Users/shanewoods/Library/xPacks/@xpack-dev-tools/arm-none-eabi-gcc/10.3.1-2.3.1/.content/bin/../lib/gcc/arm-none-eabi/10.3.1/../../../../arm-none-eabi/lib/thumb/v6-m/nofp/libc.a(lib_a-mprec.o)
 .rodata.__assert_func.str1.4
                0x0000000008009d2c       0x3f /Users/shanewoods/Library/xPacks/@xpack-dev-tools/arm-none-eabi-gcc/10.3.1-2.3.1/.content/bin/../lib/gcc/arm-none-eabi/10.3.1/../../../../arm-none-eabi/lib/thumb/v6-m/nofp/libc.a(lib_a-assert.o)
                                         0x43 (size before relaxing)
 *fill*         0x0000000008009d6b        0x1 
 .rodata._setlocale_r.str1.4
                0x0000000008009d6c        0xa /Users/shanewoods/Library/xPacks/@xpack-dev-tools/arm-none-eabi-gcc/10.3.1-2.3.1/.content/bin/../lib/gcc/arm-none-eabi/10.3.1/../../../../arm-none-eabi/lib/thumb/v6-m/nofp/libc.a(lib_a-locale.o)
                                          0xd (size before relaxing)
 *fill*         0x0000000008009d76        0x2 
 .rodata.str1.4
                0x0000000008009d78        0x2 /Users/shanewoods/Library/xPacks/@xpack-dev-tools/arm-none-eabi-gcc/10.3.1-2.3.1/.content/bin/../lib/gcc/arm-none-eabi/10.3.1/../../../../arm-none-eabi/lib/thumb/v6-m/nofp/libc.a(lib_a-locale.o)
 .rodata._vfiprintf_r.str1.4
                0x0000000008009d7a       0x2f /Users/shanewoods/Library/xPacks/@xpack-dev-tools/arm-none-eabi-gcc/10.3.1-2.3.1/.content/bin/../lib/gcc/arm-none-eabi/10.3.1/../../../../arm-none-eabi/lib/thumb/v6-m/nofp/libc.a(lib_a-vfiprintf.o)
 *fill*         0x0000000008009d7a        0x2 
 .rodata._vfiprintf_r
                0x0000000008009d7c      0x16c /Users/shanewoods/Library/xPacks/@xpack-dev-tools/arm-none-eabi-gcc/10.3.1-2.3.1/.content/bin/../lib/gcc/arm-none-eabi/10.3.1/../../../../arm-none-eabi/lib/thumb/v6-m/nofp/libc.a(lib_a-vfiprintf.o)
 .rodata.blanks.1
                0x0000000008009ee8       0x10 /Users/shanewoods/Library/xPacks/@xpack-dev-tools/arm-none-eabi-gcc/10.3.1-2.3.1/.content/bin/../lib/gcc/arm-none-eabi/10.3.1/../../../../arm-none-eabi/lib/thumb/v6-m/nofp/libc.a(lib_a-vfiprintf.o)
 .rodata.zeroes.0
                0x0000000008009ef8       0x10 /Users/shanewoods/Library/xPacks/@xpack-dev-tools/arm-none-eabi-gcc/10.3.1-2.3.1/.content/bin/../lib/gcc/arm-none-eabi/10.3.1/../../../../arm-none-eabi/lib/thumb/v6-m/nofp/libc.a(lib_a-vfiprintf.o)
 .rodata._ctype_
                0x0000000008009f08      0x101 /Users/shanewoods/Library/xPacks/@xpack-dev-tools/arm-none-eabi-gcc/10.3.1-2.3.1/.content/bin/../lib/gcc/arm-none-eabi/10.3.1/../../../../arm-none-eabi/lib/thumb/v6-m/nofp/libc.a(lib_a-ctype_.o)
                0x0000000008009f08                _ctype_
 *fill*         0x000000000800a009        0x3 
 .rodata.__aeabi_ddiv
                0x000000000800a00c       0x40 /Users/shanewoods/Library/xPacks/@xpack-dev-tools/arm-none-eabi-gcc/10.3.1-2.3.1/.content/bin/../lib/gcc/arm-none-eabi/10.3.1/thumb/v6-m/nofp/libgcc.a(divdf3.o)
 .rodata.__aeabi_dmul
                0x000000000800a04c       0x40 /Users/shanewoods/Library/xPacks/@xpack-dev-tools/arm-none-eabi-gcc/10.3.1-2.3.1/.content/bin/../lib/gcc/arm-none-eabi/10.3.1/thumb/v6-m/nofp/libgcc.a(muldf3.o)
                0x000000000800a08c                . = ALIGN (0x4)

.glue_7         0x000000000800a08c        0x0
 .glue_7        0x000000000800a08c        0x0 linker stubs

.glue_7t        0x000000000800a08c        0x0
 .glue_7t       0x000000000800a08c        0x0 linker stubs

.vfp11_veneer   0x000000000800a08c        0x0
 .vfp11_veneer  0x000000000800a08c        0x0 linker stubs

.v4_bx          0x000000000800a08c        0x0
 .v4_bx         0x000000000800a08c        0x0 linker stubs

.iplt           0x000000000800a08c        0x0
 .iplt          0x000000000800a08c        0x0 usart_iadc.o

.preinit_array  0x000000000800a08c        0x0
                0x000000000800a08c                . = ALIGN (0x4)
                0x000000000800a08c                __preinit_array_start = .
 *(.preinit_array)
                0x000000000800a08c                __preinit_array_end = .

.init_array     0x000000000800a08c        0x0
                0x000000000800a08c                . = ALIGN (0x4)
                0x000000000800a08c                __init_array_start = .
 *(SORT_BY_NAME(.init_array.*))
 *(.init_array)
                0x000000000800a08c                __init_array_end = .

.fini_array     0x000000000800a08c        0x0
                0x000000000800a08c                . = ALIGN (0x4)
                0x000000000800a08c                __fini_array_start = .
 *(.fini_array)
 *(SORT_BY_NAME(.fini_array.*))
                0x000000000800a08c                __fini_array_end = .

.ARM.extab      0x000000000800a08c      0x114
 *(.ARM.extab*)
 .ARM.extab.text._svfprintf_r
                0x000000000800a08c        0xc /Users/shanewoods/Library/xPacks/@xpack-dev-tools/arm-none-eabi-gcc/10.3.1-2.3.1/.content/bin/../lib/gcc/arm-none-eabi/10.3.1/../../../../arm-none-eabi/lib/thumb/v6-m/nofp/libc.a(lib_a-svfprintf.o)
 .ARM.extab.text.quorem
                0x000000000800a098        0xc /Users/shanewoods/Library/xPacks/@xpack-dev-tools/arm-none-eabi-gcc/10.3.1-2.3.1/.content/bin/../lib/gcc/arm-none-eabi/10.3.1/../../../../arm-none-eabi/lib/thumb/v6-m/nofp/libc.a(lib_a-dtoa.o)
 .ARM.extab.text._dtoa_r
                0x000000000800a0a4        0xc /Users/shanewoods/Library/xPacks/@xpack-dev-tools/arm-none-eabi-gcc/10.3.1-2.3.1/.content/bin/../lib/gcc/arm-none-eabi/10.3.1/../../../../arm-none-eabi/lib/thumb/v6-m/nofp/libc.a(lib_a-dtoa.o)
 .ARM.extab.text._malloc_r
                0x000000000800a0b0        0xc /Users/shanewoods/Library/xPacks/@xpack-dev-tools/arm-none-eabi-gcc/10.3.1-2.3.1/.content/bin/../lib/gcc/arm-none-eabi/10.3.1/../../../../arm-none-eabi/lib/thumb/v6-m/nofp/libc.a(lib_a-mallocr.o)
 .ARM.extab.text.__multiply
                0x000000000800a0bc        0xc /Users/shanewoods/Library/xPacks/@xpack-dev-tools/arm-none-eabi-gcc/10.3.1-2.3.1/.content/bin/../lib/gcc/arm-none-eabi/10.3.1/../../../../arm-none-eabi/lib/thumb/v6-m/nofp/libc.a(lib_a-mprec.o)
 .ARM.extab.text.__pow5mult
                0x000000000800a0c8        0xc /Users/shanewoods/Library/xPacks/@xpack-dev-tools/arm-none-eabi-gcc/10.3.1-2.3.1/.content/bin/../lib/gcc/arm-none-eabi/10.3.1/../../../../arm-none-eabi/lib/thumb/v6-m/nofp/libc.a(lib_a-mprec.o)
 .ARM.extab.text.__lshift
                0x000000000800a0d4        0xc /Users/shanewoods/Library/xPacks/@xpack-dev-tools/arm-none-eabi-gcc/10.3.1-2.3.1/.content/bin/../lib/gcc/arm-none-eabi/10.3.1/../../../../arm-none-eabi/lib/thumb/v6-m/nofp/libc.a(lib_a-mprec.o)
 .ARM.extab.text.__mdiff
                0x000000000800a0e0        0xc /Users/shanewoods/Library/xPacks/@xpack-dev-tools/arm-none-eabi-gcc/10.3.1-2.3.1/.content/bin/../lib/gcc/arm-none-eabi/10.3.1/../../../../arm-none-eabi/lib/thumb/v6-m/nofp/libc.a(lib_a-mprec.o)
 .ARM.extab.text.__ssprint_r
                0x000000000800a0ec        0xc /Users/shanewoods/Library/xPacks/@xpack-dev-tools/arm-none-eabi-gcc/10.3.1-2.3.1/.content/bin/../lib/gcc/arm-none-eabi/10.3.1/../../../../arm-none-eabi/lib/thumb/v6-m/nofp/libc.a(lib_a-svfiprintf.o)
 .ARM.extab.text.fiprintf
                0x000000000800a0f8        0xc /Users/shanewoods/Library/xPacks/@xpack-dev-tools/arm-none-eabi-gcc/10.3.1-2.3.1/.content/bin/../lib/gcc/arm-none-eabi/10.3.1/../../../../arm-none-eabi/lib/thumb/v6-m/nofp/libc.a(lib_a-fiprintf.o)
 .ARM.extab.text._realloc_r
                0x000000000800a104        0xc /Users/shanewoods/Library/xPacks/@xpack-dev-tools/arm-none-eabi-gcc/10.3.1-2.3.1/.content/bin/../lib/gcc/arm-none-eabi/10.3.1/../../../../arm-none-eabi/lib/thumb/v6-m/nofp/libc.a(lib_a-reallocr.o)
 .ARM.extab.text.__sprint_r.part.0
                0x000000000800a110        0xc /Users/shanewoods/Library/xPacks/@xpack-dev-tools/arm-none-eabi-gcc/10.3.1-2.3.1/.content/bin/../lib/gcc/arm-none-eabi/10.3.1/../../../../arm-none-eabi/lib/thumb/v6-m/nofp/libc.a(lib_a-vfiprintf.o)
 .ARM.extab.text._vfiprintf_r
                0x000000000800a11c        0xc /Users/shanewoods/Library/xPacks/@xpack-dev-tools/arm-none-eabi-gcc/10.3.1-2.3.1/.content/bin/../lib/gcc/arm-none-eabi/10.3.1/../../../../arm-none-eabi/lib/thumb/v6-m/nofp/libc.a(lib_a-vfiprintf.o)
 .ARM.extab.text.__sbprintf
                0x000000000800a128        0xc /Users/shanewoods/Library/xPacks/@xpack-dev-tools/arm-none-eabi-gcc/10.3.1-2.3.1/.content/bin/../lib/gcc/arm-none-eabi/10.3.1/../../../../arm-none-eabi/lib/thumb/v6-m/nofp/libc.a(lib_a-vfiprintf.o)
 .ARM.extab.text.__sinit
                0x000000000800a134        0xc /Users/shanewoods/Library/xPacks/@xpack-dev-tools/arm-none-eabi-gcc/10.3.1-2.3.1/.content/bin/../lib/gcc/arm-none-eabi/10.3.1/../../../../arm-none-eabi/lib/thumb/v6-m/nofp/libc.a(lib_a-findfp.o)
 .ARM.extab.text.__fputwc
                0x000000000800a140        0xc /Users/shanewoods/Library/xPacks/@xpack-dev-tools/arm-none-eabi-gcc/10.3.1-2.3.1/.content/bin/../lib/gcc/arm-none-eabi/10.3.1/../../../../arm-none-eabi/lib/thumb/v6-m/nofp/libc.a(lib_a-fputwc.o)
 .ARM.extab.text.__sfvwrite_r
                0x000000000800a14c        0xc /Users/shanewoods/Library/xPacks/@xpack-dev-tools/arm-none-eabi-gcc/10.3.1-2.3.1/.content/bin/../lib/gcc/arm-none-eabi/10.3.1/../../../../arm-none-eabi/lib/thumb/v6-m/nofp/libc.a(lib_a-fvwrite.o)
 .ARM.extab.text._fwalk_reent
                0x000000000800a158        0xc /Users/shanewoods/Library/xPacks/@xpack-dev-tools/arm-none-eabi-gcc/10.3.1-2.3.1/.content/bin/../lib/gcc/arm-none-eabi/10.3.1/../../../../arm-none-eabi/lib/thumb/v6-m/nofp/libc.a(lib_a-fwalk.o)
 .ARM.extab.text.__smakebuf_r
                0x000000000800a164        0xc /Users/shanewoods/Library/xPacks/@xpack-dev-tools/arm-none-eabi-gcc/10.3.1-2.3.1/.content/bin/../lib/gcc/arm-none-eabi/10.3.1/../../../../arm-none-eabi/lib/thumb/v6-m/nofp/libc.a(lib_a-makebuf.o)
 .ARM.extab.text.unwind_phase2_forced
                0x000000000800a170        0xc /Users/shanewoods/Library/xPacks/@xpack-dev-tools/arm-none-eabi-gcc/10.3.1-2.3.1/.content/bin/../lib/gcc/arm-none-eabi/10.3.1/thumb/v6-m/nofp/libgcc.a(unwind-arm.o)
 .ARM.extab.text.__gnu_unwind_pr_common
                0x000000000800a17c        0xc /Users/shanewoods/Library/xPacks/@xpack-dev-tools/arm-none-eabi-gcc/10.3.1-2.3.1/.content/bin/../lib/gcc/arm-none-eabi/10.3.1/thumb/v6-m/nofp/libgcc.a(unwind-arm.o)
 .ARM.extab.text._Unwind_VRS_Pop
                0x000000000800a188        0xc /Users/shanewoods/Library/xPacks/@xpack-dev-tools/arm-none-eabi-gcc/10.3.1-2.3.1/.content/bin/../lib/gcc/arm-none-eabi/10.3.1/thumb/v6-m/nofp/libgcc.a(unwind-arm.o)
 .ARM.extab.text.__gnu_unwind_execute
                0x000000000800a194        0xc /Users/shanewoods/Library/xPacks/@xpack-dev-tools/arm-none-eabi-gcc/10.3.1-2.3.1/.content/bin/../lib/gcc/arm-none-eabi/10.3.1/thumb/v6-m/nofp/libgcc.a(pr-support.o)

.ARM.exidx      0x000000000800a1a0      0x270
                0x000000000800a1a0                __exidx_start = .
 *(.ARM.exidx*)
 .ARM.exidx.text.memcpy
                0x000000000800a1a0        0x8 /Users/shanewoods/Library/xPacks/@xpack-dev-tools/arm-none-eabi-gcc/10.3.1-2.3.1/.content/bin/../lib/gcc/arm-none-eabi/10.3.1/../../../../arm-none-eabi/lib/thumb/v6-m/nofp/libc.a(lib_a-memcpy-stub.o)
 .ARM.exidx.text.snprintf
                0x000000000800a1a8        0x8 /Users/shanewoods/Library/xPacks/@xpack-dev-tools/arm-none-eabi-gcc/10.3.1-2.3.1/.content/bin/../lib/gcc/arm-none-eabi/10.3.1/../../../../arm-none-eabi/lib/thumb/v6-m/nofp/libc.a(lib_a-snprintf.o)
 .ARM.exidx.text.strlen
                0x000000000800a1b0        0x8 /Users/shanewoods/Library/xPacks/@xpack-dev-tools/arm-none-eabi-gcc/10.3.1-2.3.1/.content/bin/../lib/gcc/arm-none-eabi/10.3.1/../../../../arm-none-eabi/lib/thumb/v6-m/nofp/libc.a(lib_a-strlen-stub.o)
 .ARM.exidx.text._svfprintf_r
                0x000000000800a1b8        0x8 /Users/shanewoods/Library/xPacks/@xpack-dev-tools/arm-none-eabi-gcc/10.3.1-2.3.1/.content/bin/../lib/gcc/arm-none-eabi/10.3.1/../../../../arm-none-eabi/lib/thumb/v6-m/nofp/libc.a(lib_a-svfprintf.o)
 .ARM.exidx.text.quorem
                0x000000000800a1c0        0x8 /Users/shanewoods/Library/xPacks/@xpack-dev-tools/arm-none-eabi-gcc/10.3.1-2.3.1/.content/bin/../lib/gcc/arm-none-eabi/10.3.1/../../../../arm-none-eabi/lib/thumb/v6-m/nofp/libc.a(lib_a-dtoa.o)
 .ARM.exidx.text._dtoa_r
                0x000000000800a1c8        0x8 /Users/shanewoods/Library/xPacks/@xpack-dev-tools/arm-none-eabi-gcc/10.3.1-2.3.1/.content/bin/../lib/gcc/arm-none-eabi/10.3.1/../../../../arm-none-eabi/lib/thumb/v6-m/nofp/libc.a(lib_a-dtoa.o)
 .ARM.exidx.text._malloc_trim_r
                0x000000000800a1d0        0x8 /Users/shanewoods/Library/xPacks/@xpack-dev-tools/arm-none-eabi-gcc/10.3.1-2.3.1/.content/bin/../lib/gcc/arm-none-eabi/10.3.1/../../../../arm-none-eabi/lib/thumb/v6-m/nofp/libc.a(lib_a-freer.o)
 .ARM.exidx.text._free_r
                0x000000000800a1d8        0x8 /Users/shanewoods/Library/xPacks/@xpack-dev-tools/arm-none-eabi-gcc/10.3.1-2.3.1/.content/bin/../lib/gcc/arm-none-eabi/10.3.1/../../../../arm-none-eabi/lib/thumb/v6-m/nofp/libc.a(lib_a-freer.o)
 .ARM.exidx.text._localeconv_r
                0x000000000800a1e0        0x8 /Users/shanewoods/Library/xPacks/@xpack-dev-tools/arm-none-eabi-gcc/10.3.1-2.3.1/.content/bin/../lib/gcc/arm-none-eabi/10.3.1/../../../../arm-none-eabi/lib/thumb/v6-m/nofp/libc.a(lib_a-localeconv.o)
 .ARM.exidx.text._malloc_r
                0x000000000800a1e8        0x8 /Users/shanewoods/Library/xPacks/@xpack-dev-tools/arm-none-eabi-gcc/10.3.1-2.3.1/.content/bin/../lib/gcc/arm-none-eabi/10.3.1/../../../../arm-none-eabi/lib/thumb/v6-m/nofp/libc.a(lib_a-mallocr.o)
 .ARM.exidx.text.memchr
                0x000000000800a1f0        0x8 /Users/shanewoods/Library/xPacks/@xpack-dev-tools/arm-none-eabi-gcc/10.3.1-2.3.1/.content/bin/../lib/gcc/arm-none-eabi/10.3.1/../../../../arm-none-eabi/lib/thumb/v6-m/nofp/libc.a(lib_a-memchr-stub.o)
 .ARM.exidx.text.__malloc_lock
                0x000000000800a1f8        0x8 /Users/shanewoods/Library/xPacks/@xpack-dev-tools/arm-none-eabi-gcc/10.3.1-2.3.1/.content/bin/../lib/gcc/arm-none-eabi/10.3.1/../../../../arm-none-eabi/lib/thumb/v6-m/nofp/libc.a(lib_a-mlock.o)
 .ARM.exidx.text.__malloc_unlock
                0x000000000800a200        0x0 /Users/shanewoods/Library/xPacks/@xpack-dev-tools/arm-none-eabi-gcc/10.3.1-2.3.1/.content/bin/../lib/gcc/arm-none-eabi/10.3.1/../../../../arm-none-eabi/lib/thumb/v6-m/nofp/libc.a(lib_a-mlock.o)
                                          0x8 (size before relaxing)
 .ARM.exidx.text._Balloc
                0x000000000800a200        0x8 /Users/shanewoods/Library/xPacks/@xpack-dev-tools/arm-none-eabi-gcc/10.3.1-2.3.1/.content/bin/../lib/gcc/arm-none-eabi/10.3.1/../../../../arm-none-eabi/lib/thumb/v6-m/nofp/libc.a(lib_a-mprec.o)
 .ARM.exidx.text._Bfree
                0x000000000800a208        0x8 /Users/shanewoods/Library/xPacks/@xpack-dev-tools/arm-none-eabi-gcc/10.3.1-2.3.1/.content/bin/../lib/gcc/arm-none-eabi/10.3.1/../../../../arm-none-eabi/lib/thumb/v6-m/nofp/libc.a(lib_a-mprec.o)
 .ARM.exidx.text.__multadd
                0x000000000800a210        0x8 /Users/shanewoods/Library/xPacks/@xpack-dev-tools/arm-none-eabi-gcc/10.3.1-2.3.1/.content/bin/../lib/gcc/arm-none-eabi/10.3.1/../../../../arm-none-eabi/lib/thumb/v6-m/nofp/libc.a(lib_a-mprec.o)
 .ARM.exidx.text.__hi0bits
                0x000000000800a218        0x8 /Users/shanewoods/Library/xPacks/@xpack-dev-tools/arm-none-eabi-gcc/10.3.1-2.3.1/.content/bin/../lib/gcc/arm-none-eabi/10.3.1/../../../../arm-none-eabi/lib/thumb/v6-m/nofp/libc.a(lib_a-mprec.o)
 .ARM.exidx.text.__lo0bits
                0x000000000800a220        0x0 /Users/shanewoods/Library/xPacks/@xpack-dev-tools/arm-none-eabi-gcc/10.3.1-2.3.1/.content/bin/../lib/gcc/arm-none-eabi/10.3.1/../../../../arm-none-eabi/lib/thumb/v6-m/nofp/libc.a(lib_a-mprec.o)
                                          0x8 (size before relaxing)
 .ARM.exidx.text.__i2b
                0x000000000800a220        0x8 /Users/shanewoods/Library/xPacks/@xpack-dev-tools/arm-none-eabi-gcc/10.3.1-2.3.1/.content/bin/../lib/gcc/arm-none-eabi/10.3.1/../../../../arm-none-eabi/lib/thumb/v6-m/nofp/libc.a(lib_a-mprec.o)
 .ARM.exidx.text.__multiply
                0x000000000800a228        0x8 /Users/shanewoods/Library/xPacks/@xpack-dev-tools/arm-none-eabi-gcc/10.3.1-2.3.1/.content/bin/../lib/gcc/arm-none-eabi/10.3.1/../../../../arm-none-eabi/lib/thumb/v6-m/nofp/libc.a(lib_a-mprec.o)
 .ARM.exidx.text.__pow5mult
                0x000000000800a230        0x8 /Users/shanewoods/Library/xPacks/@xpack-dev-tools/arm-none-eabi-gcc/10.3.1-2.3.1/.content/bin/../lib/gcc/arm-none-eabi/10.3.1/../../../../arm-none-eabi/lib/thumb/v6-m/nofp/libc.a(lib_a-mprec.o)
 .ARM.exidx.text.__lshift
                0x000000000800a238        0x8 /Users/shanewoods/Library/xPacks/@xpack-dev-tools/arm-none-eabi-gcc/10.3.1-2.3.1/.content/bin/../lib/gcc/arm-none-eabi/10.3.1/../../../../arm-none-eabi/lib/thumb/v6-m/nofp/libc.a(lib_a-mprec.o)
 .ARM.exidx.text.__mcmp
                0x000000000800a240        0x8 /Users/shanewoods/Library/xPacks/@xpack-dev-tools/arm-none-eabi-gcc/10.3.1-2.3.1/.content/bin/../lib/gcc/arm-none-eabi/10.3.1/../../../../arm-none-eabi/lib/thumb/v6-m/nofp/libc.a(lib_a-mprec.o)
 .ARM.exidx.text.__mdiff
                0x000000000800a248        0x8 /Users/shanewoods/Library/xPacks/@xpack-dev-tools/arm-none-eabi-gcc/10.3.1-2.3.1/.content/bin/../lib/gcc/arm-none-eabi/10.3.1/../../../../arm-none-eabi/lib/thumb/v6-m/nofp/libc.a(lib_a-mprec.o)
 .ARM.exidx.text.__d2b
                0x000000000800a250        0x8 /Users/shanewoods/Library/xPacks/@xpack-dev-tools/arm-none-eabi-gcc/10.3.1-2.3.1/.content/bin/../lib/gcc/arm-none-eabi/10.3.1/../../../../arm-none-eabi/lib/thumb/v6-m/nofp/libc.a(lib_a-mprec.o)
 .ARM.exidx.text.frexp
                0x000000000800a258        0x8 /Users/shanewoods/Library/xPacks/@xpack-dev-tools/arm-none-eabi-gcc/10.3.1-2.3.1/.content/bin/../lib/gcc/arm-none-eabi/10.3.1/../../../../arm-none-eabi/lib/thumb/v6-m/nofp/libc.a(lib_a-s_frexp.o)
 .ARM.exidx.text._sbrk_r
                0x000000000800a260        0x8 /Users/shanewoods/Library/xPacks/@xpack-dev-tools/arm-none-eabi-gcc/10.3.1-2.3.1/.content/bin/../lib/gcc/arm-none-eabi/10.3.1/../../../../arm-none-eabi/lib/thumb/v6-m/nofp/libc.a(lib_a-sbrkr.o)
 .ARM.exidx.text.strncpy
                0x000000000800a268        0x8 /Users/shanewoods/Library/xPacks/@xpack-dev-tools/arm-none-eabi-gcc/10.3.1-2.3.1/.content/bin/../lib/gcc/arm-none-eabi/10.3.1/../../../../arm-none-eabi/lib/thumb/v6-m/nofp/libc.a(lib_a-strncpy.o)
 .ARM.exidx.text.__ssprint_r
                0x000000000800a270        0x8 /Users/shanewoods/Library/xPacks/@xpack-dev-tools/arm-none-eabi-gcc/10.3.1-2.3.1/.content/bin/../lib/gcc/arm-none-eabi/10.3.1/../../../../arm-none-eabi/lib/thumb/v6-m/nofp/libc.a(lib_a-svfiprintf.o)
 .ARM.exidx.text.__assert_func
                0x000000000800a278        0x8 /Users/shanewoods/Library/xPacks/@xpack-dev-tools/arm-none-eabi-gcc/10.3.1-2.3.1/.content/bin/../lib/gcc/arm-none-eabi/10.3.1/../../../../arm-none-eabi/lib/thumb/v6-m/nofp/libc.a(lib_a-assert.o)
 .ARM.exidx.text._calloc_r
                0x000000000800a280        0x8 /Users/shanewoods/Library/xPacks/@xpack-dev-tools/arm-none-eabi-gcc/10.3.1-2.3.1/.content/bin/../lib/gcc/arm-none-eabi/10.3.1/../../../../arm-none-eabi/lib/thumb/v6-m/nofp/libc.a(lib_a-callocr.o)
 .ARM.exidx.text.__errno
                0x000000000800a288        0x8 /Users/shanewoods/Library/xPacks/@xpack-dev-tools/arm-none-eabi-gcc/10.3.1-2.3.1/.content/bin/../lib/gcc/arm-none-eabi/10.3.1/../../../../arm-none-eabi/lib/thumb/v6-m/nofp/libc.a(lib_a-errno.o)
 .ARM.exidx.text.fiprintf
                0x000000000800a290        0x8 /Users/shanewoods/Library/xPacks/@xpack-dev-tools/arm-none-eabi-gcc/10.3.1-2.3.1/.content/bin/../lib/gcc/arm-none-eabi/10.3.1/../../../../arm-none-eabi/lib/thumb/v6-m/nofp/libc.a(lib_a-fiprintf.o)
 .ARM.exidx.text.__locale_mb_cur_max
                0x000000000800a298        0x8 /Users/shanewoods/Library/xPacks/@xpack-dev-tools/arm-none-eabi-gcc/10.3.1-2.3.1/.content/bin/../lib/gcc/arm-none-eabi/10.3.1/../../../../arm-none-eabi/lib/thumb/v6-m/nofp/libc.a(lib_a-locale.o)
 .ARM.exidx.text.__retarget_lock_init_recursive
                0x000000000800a2a0        0x0 /Users/shanewoods/Library/xPacks/@xpack-dev-tools/arm-none-eabi-gcc/10.3.1-2.3.1/.content/bin/../lib/gcc/arm-none-eabi/10.3.1/../../../../arm-none-eabi/lib/thumb/v6-m/nofp/libc.a(lib_a-lock.o)
                                          0x8 (size before relaxing)
 .ARM.exidx.text.__retarget_lock_close_recursive
                0x000000000800a2a0        0x0 /Users/shanewoods/Library/xPacks/@xpack-dev-tools/arm-none-eabi-gcc/10.3.1-2.3.1/.content/bin/../lib/gcc/arm-none-eabi/10.3.1/../../../../arm-none-eabi/lib/thumb/v6-m/nofp/libc.a(lib_a-lock.o)
                                          0x8 (size before relaxing)
 .ARM.exidx.text.__retarget_lock_acquire_recursive
                0x000000000800a2a0        0x0 /Users/shanewoods/Library/xPacks/@xpack-dev-tools/arm-none-eabi-gcc/10.3.1-2.3.1/.content/bin/../lib/gcc/arm-none-eabi/10.3.1/../../../../arm-none-eabi/lib/thumb/v6-m/nofp/libc.a(lib_a-lock.o)
                                          0x8 (size before relaxing)
 .ARM.exidx.text.__retarget_lock_release_recursive
                0x000000000800a2a0        0x0 /Users/shanewoods/Library/xPacks/@xpack-dev-tools/arm-none-eabi-gcc/10.3.1-2.3.1/.content/bin/../lib/gcc/arm-none-eabi/10.3.1/../../../../arm-none-eabi/lib/thumb/v6-m/nofp/libc.a(lib_a-lock.o)
                                          0x8 (size before relaxing)
 .ARM.exidx.text.__ascii_mbtowc
                0x000000000800a2a0        0x0 /Users/shanewoods/Library/xPacks/@xpack-dev-tools/arm-none-eabi-gcc/10.3.1-2.3.1/.content/bin/../lib/gcc/arm-none-eabi/10.3.1/../../../../arm-none-eabi/lib/thumb/v6-m/nofp/libc.a(lib_a-mbtowc_r.o)
                                          0x8 (size before relaxing)
 .ARM.exidx.text.memmove
                0x000000000800a2a0        0x0 /Users/shanewoods/Library/xPacks/@xpack-dev-tools/arm-none-eabi-gcc/10.3.1-2.3.1/.content/bin/../lib/gcc/arm-none-eabi/10.3.1/../../../../arm-none-eabi/lib/thumb/v6-m/nofp/libc.a(lib_a-memmove.o)
                                          0x8 (size before relaxing)
 .ARM.exidx.text.memset
                0x000000000800a2a0        0x0 /Users/shanewoods/Library/xPacks/@xpack-dev-tools/arm-none-eabi-gcc/10.3.1-2.3.1/.content/bin/../lib/gcc/arm-none-eabi/10.3.1/../../../../arm-none-eabi/lib/thumb/v6-m/nofp/libc.a(lib_a-memset.o)
                                          0x8 (size before relaxing)
 .ARM.exidx.text._realloc_r
                0x000000000800a2a0        0x8 /Users/shanewoods/Library/xPacks/@xpack-dev-tools/arm-none-eabi-gcc/10.3.1-2.3.1/.content/bin/../lib/gcc/arm-none-eabi/10.3.1/../../../../arm-none-eabi/lib/thumb/v6-m/nofp/libc.a(lib_a-reallocr.o)
 .ARM.exidx.text.__sprint_r.part.0
                0x000000000800a2a8        0x8 /Users/shanewoods/Library/xPacks/@xpack-dev-tools/arm-none-eabi-gcc/10.3.1-2.3.1/.content/bin/../lib/gcc/arm-none-eabi/10.3.1/../../../../arm-none-eabi/lib/thumb/v6-m/nofp/libc.a(lib_a-vfiprintf.o)
 .ARM.exidx.text._vfiprintf_r
                0x000000000800a2b0        0x8 /Users/shanewoods/Library/xPacks/@xpack-dev-tools/arm-none-eabi-gcc/10.3.1-2.3.1/.content/bin/../lib/gcc/arm-none-eabi/10.3.1/../../../../arm-none-eabi/lib/thumb/v6-m/nofp/libc.a(lib_a-vfiprintf.o)
 .ARM.exidx.text.__sbprintf
                0x000000000800a2b8        0x8 /Users/shanewoods/Library/xPacks/@xpack-dev-tools/arm-none-eabi-gcc/10.3.1-2.3.1/.content/bin/../lib/gcc/arm-none-eabi/10.3.1/../../../../arm-none-eabi/lib/thumb/v6-m/nofp/libc.a(lib_a-vfiprintf.o)
 .ARM.exidx.text.__ascii_wctomb
                0x000000000800a2c0        0x8 /Users/shanewoods/Library/xPacks/@xpack-dev-tools/arm-none-eabi-gcc/10.3.1-2.3.1/.content/bin/../lib/gcc/arm-none-eabi/10.3.1/../../../../arm-none-eabi/lib/thumb/v6-m/nofp/libc.a(lib_a-wctomb_r.o)
 .ARM.exidx.text.__swsetup_r
                0x000000000800a2c8        0x8 /Users/shanewoods/Library/xPacks/@xpack-dev-tools/arm-none-eabi-gcc/10.3.1-2.3.1/.content/bin/../lib/gcc/arm-none-eabi/10.3.1/../../../../arm-none-eabi/lib/thumb/v6-m/nofp/libc.a(lib_a-wsetup.o)
 .ARM.exidx.text.abort
                0x000000000800a2d0        0x8 /Users/shanewoods/Library/xPacks/@xpack-dev-tools/arm-none-eabi-gcc/10.3.1-2.3.1/.content/bin/../lib/gcc/arm-none-eabi/10.3.1/../../../../arm-none-eabi/lib/thumb/v6-m/nofp/libc.a(lib_a-abort.o)
 .ARM.exidx.text.__sflush_r
                0x000000000800a2d8        0x8 /Users/shanewoods/Library/xPacks/@xpack-dev-tools/arm-none-eabi-gcc/10.3.1-2.3.1/.content/bin/../lib/gcc/arm-none-eabi/10.3.1/../../../../arm-none-eabi/lib/thumb/v6-m/nofp/libc.a(lib_a-fflush.o)
 .ARM.exidx.text._fflush_r
                0x000000000800a2e0        0x8 /Users/shanewoods/Library/xPacks/@xpack-dev-tools/arm-none-eabi-gcc/10.3.1-2.3.1/.content/bin/../lib/gcc/arm-none-eabi/10.3.1/../../../../arm-none-eabi/lib/thumb/v6-m/nofp/libc.a(lib_a-fflush.o)
 .ARM.exidx.text._cleanup_r
                0x000000000800a2e8        0x8 /Users/shanewoods/Library/xPacks/@xpack-dev-tools/arm-none-eabi-gcc/10.3.1-2.3.1/.content/bin/../lib/gcc/arm-none-eabi/10.3.1/../../../../arm-none-eabi/lib/thumb/v6-m/nofp/libc.a(lib_a-findfp.o)
 .ARM.exidx.text.__sinit
                0x000000000800a2f0        0x8 /Users/shanewoods/Library/xPacks/@xpack-dev-tools/arm-none-eabi-gcc/10.3.1-2.3.1/.content/bin/../lib/gcc/arm-none-eabi/10.3.1/../../../../arm-none-eabi/lib/thumb/v6-m/nofp/libc.a(lib_a-findfp.o)
 .ARM.exidx.text.__sfp_lock_acquire
                0x000000000800a2f8        0x8 /Users/shanewoods/Library/xPacks/@xpack-dev-tools/arm-none-eabi-gcc/10.3.1-2.3.1/.content/bin/../lib/gcc/arm-none-eabi/10.3.1/../../../../arm-none-eabi/lib/thumb/v6-m/nofp/libc.a(lib_a-findfp.o)
 .ARM.exidx.text.__sfp_lock_release
                0x000000000800a300        0x0 /Users/shanewoods/Library/xPacks/@xpack-dev-tools/arm-none-eabi-gcc/10.3.1-2.3.1/.content/bin/../lib/gcc/arm-none-eabi/10.3.1/../../../../arm-none-eabi/lib/thumb/v6-m/nofp/libc.a(lib_a-findfp.o)
                                          0x8 (size before relaxing)
 .ARM.exidx.text.__fputwc
                0x000000000800a300        0x8 /Users/shanewoods/Library/xPacks/@xpack-dev-tools/arm-none-eabi-gcc/10.3.1-2.3.1/.content/bin/../lib/gcc/arm-none-eabi/10.3.1/../../../../arm-none-eabi/lib/thumb/v6-m/nofp/libc.a(lib_a-fputwc.o)
 .ARM.exidx.text._fputwc_r
                0x000000000800a308        0x8 /Users/shanewoods/Library/xPacks/@xpack-dev-tools/arm-none-eabi-gcc/10.3.1-2.3.1/.content/bin/../lib/gcc/arm-none-eabi/10.3.1/../../../../arm-none-eabi/lib/thumb/v6-m/nofp/libc.a(lib_a-fputwc.o)
 .ARM.exidx.text.__sfvwrite_r
                0x000000000800a310        0x8 /Users/shanewoods/Library/xPacks/@xpack-dev-tools/arm-none-eabi-gcc/10.3.1-2.3.1/.content/bin/../lib/gcc/arm-none-eabi/10.3.1/../../../../arm-none-eabi/lib/thumb/v6-m/nofp/libc.a(lib_a-fvwrite.o)
 .ARM.exidx.text._fwalk_reent
                0x000000000800a318        0x8 /Users/shanewoods/Library/xPacks/@xpack-dev-tools/arm-none-eabi-gcc/10.3.1-2.3.1/.content/bin/../lib/gcc/arm-none-eabi/10.3.1/../../../../arm-none-eabi/lib/thumb/v6-m/nofp/libc.a(lib_a-fwalk.o)
 .ARM.exidx.text.__smakebuf_r
                0x000000000800a320        0x8 /Users/shanewoods/Library/xPacks/@xpack-dev-tools/arm-none-eabi-gcc/10.3.1-2.3.1/.content/bin/../lib/gcc/arm-none-eabi/10.3.1/../../../../arm-none-eabi/lib/thumb/v6-m/nofp/libc.a(lib_a-makebuf.o)
 .ARM.exidx.text.raise
                0x000000000800a328        0x8 /Users/shanewoods/Library/xPacks/@xpack-dev-tools/arm-none-eabi-gcc/10.3.1-2.3.1/.content/bin/../lib/gcc/arm-none-eabi/10.3.1/../../../../arm-none-eabi/lib/thumb/v6-m/nofp/libc.a(lib_a-signal.o)
 .ARM.exidx.text._kill_r
                0x000000000800a330        0x0 /Users/shanewoods/Library/xPacks/@xpack-dev-tools/arm-none-eabi-gcc/10.3.1-2.3.1/.content/bin/../lib/gcc/arm-none-eabi/10.3.1/../../../../arm-none-eabi/lib/thumb/v6-m/nofp/libc.a(lib_a-signalr.o)
                                          0x8 (size before relaxing)
 .ARM.exidx.text._getpid_r
                0x000000000800a330        0x8 /Users/shanewoods/Library/xPacks/@xpack-dev-tools/arm-none-eabi-gcc/10.3.1-2.3.1/.content/bin/../lib/gcc/arm-none-eabi/10.3.1/../../../../arm-none-eabi/lib/thumb/v6-m/nofp/libc.a(lib_a-signalr.o)
 .ARM.exidx.text.__sread
                0x000000000800a338        0x8 /Users/shanewoods/Library/xPacks/@xpack-dev-tools/arm-none-eabi-gcc/10.3.1-2.3.1/.content/bin/../lib/gcc/arm-none-eabi/10.3.1/../../../../arm-none-eabi/lib/thumb/v6-m/nofp/libc.a(lib_a-stdio.o)
 .ARM.exidx.text.__swrite
                0x000000000800a340        0x8 /Users/shanewoods/Library/xPacks/@xpack-dev-tools/arm-none-eabi-gcc/10.3.1-2.3.1/.content/bin/../lib/gcc/arm-none-eabi/10.3.1/../../../../arm-none-eabi/lib/thumb/v6-m/nofp/libc.a(lib_a-stdio.o)
 .ARM.exidx.text.__sseek
                0x000000000800a348        0x8 /Users/shanewoods/Library/xPacks/@xpack-dev-tools/arm-none-eabi-gcc/10.3.1-2.3.1/.content/bin/../lib/gcc/arm-none-eabi/10.3.1/../../../../arm-none-eabi/lib/thumb/v6-m/nofp/libc.a(lib_a-stdio.o)
 .ARM.exidx.text.__sclose
                0x000000000800a350        0x8 /Users/shanewoods/Library/xPacks/@xpack-dev-tools/arm-none-eabi-gcc/10.3.1-2.3.1/.content/bin/../lib/gcc/arm-none-eabi/10.3.1/../../../../arm-none-eabi/lib/thumb/v6-m/nofp/libc.a(lib_a-stdio.o)
 .ARM.exidx.text.__swbuf_r
                0x000000000800a358        0x8 /Users/shanewoods/Library/xPacks/@xpack-dev-tools/arm-none-eabi-gcc/10.3.1-2.3.1/.content/bin/../lib/gcc/arm-none-eabi/10.3.1/../../../../arm-none-eabi/lib/thumb/v6-m/nofp/libc.a(lib_a-wbuf.o)
 .ARM.exidx.text._wcrtomb_r
                0x000000000800a360        0x8 /Users/shanewoods/Library/xPacks/@xpack-dev-tools/arm-none-eabi-gcc/10.3.1-2.3.1/.content/bin/../lib/gcc/arm-none-eabi/10.3.1/../../../../arm-none-eabi/lib/thumb/v6-m/nofp/libc.a(lib_a-wcrtomb.o)
 .ARM.exidx.text._write_r
                0x000000000800a368        0x8 /Users/shanewoods/Library/xPacks/@xpack-dev-tools/arm-none-eabi-gcc/10.3.1-2.3.1/.content/bin/../lib/gcc/arm-none-eabi/10.3.1/../../../../arm-none-eabi/lib/thumb/v6-m/nofp/libc.a(lib_a-writer.o)
 .ARM.exidx.text._close_r
                0x000000000800a370        0x0 /Users/shanewoods/Library/xPacks/@xpack-dev-tools/arm-none-eabi-gcc/10.3.1-2.3.1/.content/bin/../lib/gcc/arm-none-eabi/10.3.1/../../../../arm-none-eabi/lib/thumb/v6-m/nofp/libc.a(lib_a-closer.o)
                                          0x8 (size before relaxing)
 .ARM.exidx.text._fclose_r
                0x000000000800a370        0x8 /Users/shanewoods/Library/xPacks/@xpack-dev-tools/arm-none-eabi-gcc/10.3.1-2.3.1/.content/bin/../lib/gcc/arm-none-eabi/10.3.1/../../../../arm-none-eabi/lib/thumb/v6-m/nofp/libc.a(lib_a-fclose.o)
 .ARM.exidx.text._fstat_r
                0x000000000800a378        0x8 /Users/shanewoods/Library/xPacks/@xpack-dev-tools/arm-none-eabi-gcc/10.3.1-2.3.1/.content/bin/../lib/gcc/arm-none-eabi/10.3.1/../../../../arm-none-eabi/lib/thumb/v6-m/nofp/libc.a(lib_a-fstatr.o)
 .ARM.exidx.text._isatty_r
                0x000000000800a380        0x0 /Users/shanewoods/Library/xPacks/@xpack-dev-tools/arm-none-eabi-gcc/10.3.1-2.3.1/.content/bin/../lib/gcc/arm-none-eabi/10.3.1/../../../../arm-none-eabi/lib/thumb/v6-m/nofp/libc.a(lib_a-isattyr.o)
                                          0x8 (size before relaxing)
 .ARM.exidx.text._lseek_r
                0x000000000800a380        0x0 /Users/shanewoods/Library/xPacks/@xpack-dev-tools/arm-none-eabi-gcc/10.3.1-2.3.1/.content/bin/../lib/gcc/arm-none-eabi/10.3.1/../../../../arm-none-eabi/lib/thumb/v6-m/nofp/libc.a(lib_a-lseekr.o)
                                          0x8 (size before relaxing)
 .ARM.exidx.text._read_r
                0x000000000800a380        0x8 /Users/shanewoods/Library/xPacks/@xpack-dev-tools/arm-none-eabi-gcc/10.3.1-2.3.1/.content/bin/../lib/gcc/arm-none-eabi/10.3.1/../../../../arm-none-eabi/lib/thumb/v6-m/nofp/libc.a(lib_a-readr.o)
 .ARM.exidx.text.__udivmoddi4
                0x000000000800a388        0x0 /Users/shanewoods/Library/xPacks/@xpack-dev-tools/arm-none-eabi-gcc/10.3.1-2.3.1/.content/bin/../lib/gcc/arm-none-eabi/10.3.1/thumb/v6-m/nofp/libgcc.a(_udivmoddi4.o)
                                          0x8 (size before relaxing)
 .ARM.exidx.text.__aeabi_dadd
                0x000000000800a388        0x0 /Users/shanewoods/Library/xPacks/@xpack-dev-tools/arm-none-eabi-gcc/10.3.1-2.3.1/.content/bin/../lib/gcc/arm-none-eabi/10.3.1/thumb/v6-m/nofp/libgcc.a(adddf3.o)
                                          0x8 (size before relaxing)
 .ARM.exidx.text.__aeabi_ddiv
                0x000000000800a388        0x0 /Users/shanewoods/Library/xPacks/@xpack-dev-tools/arm-none-eabi-gcc/10.3.1-2.3.1/.content/bin/../lib/gcc/arm-none-eabi/10.3.1/thumb/v6-m/nofp/libgcc.a(divdf3.o)
                                          0x8 (size before relaxing)
 .ARM.exidx.text.__eqdf2
                0x000000000800a388        0x0 /Users/shanewoods/Library/xPacks/@xpack-dev-tools/arm-none-eabi-gcc/10.3.1-2.3.1/.content/bin/../lib/gcc/arm-none-eabi/10.3.1/thumb/v6-m/nofp/libgcc.a(eqdf2.o)
                                          0x8 (size before relaxing)
 .ARM.exidx.text.__gedf2
                0x000000000800a388        0x0 /Users/shanewoods/Library/xPacks/@xpack-dev-tools/arm-none-eabi-gcc/10.3.1-2.3.1/.content/bin/../lib/gcc/arm-none-eabi/10.3.1/thumb/v6-m/nofp/libgcc.a(gedf2.o)
                                          0x8 (size before relaxing)
 .ARM.exidx.text.__ledf2
                0x000000000800a388        0x0 /Users/shanewoods/Library/xPacks/@xpack-dev-tools/arm-none-eabi-gcc/10.3.1-2.3.1/.content/bin/../lib/gcc/arm-none-eabi/10.3.1/thumb/v6-m/nofp/libgcc.a(ledf2.o)
                                          0x8 (size before relaxing)
 .ARM.exidx.text.__aeabi_dmul
                0x000000000800a388        0x0 /Users/shanewoods/Library/xPacks/@xpack-dev-tools/arm-none-eabi-gcc/10.3.1-2.3.1/.content/bin/../lib/gcc/arm-none-eabi/10.3.1/thumb/v6-m/nofp/libgcc.a(muldf3.o)
                                          0x8 (size before relaxing)
 .ARM.exidx.text.__aeabi_dsub
                0x000000000800a388        0x0 /Users/shanewoods/Library/xPacks/@xpack-dev-tools/arm-none-eabi-gcc/10.3.1-2.3.1/.content/bin/../lib/gcc/arm-none-eabi/10.3.1/thumb/v6-m/nofp/libgcc.a(subdf3.o)
                                          0x8 (size before relaxing)
 .ARM.exidx.text.__aeabi_dcmpun
                0x000000000800a388        0x0 /Users/shanewoods/Library/xPacks/@xpack-dev-tools/arm-none-eabi-gcc/10.3.1-2.3.1/.content/bin/../lib/gcc/arm-none-eabi/10.3.1/thumb/v6-m/nofp/libgcc.a(unorddf2.o)
                                          0x8 (size before relaxing)
 .ARM.exidx.text.__aeabi_d2iz
                0x000000000800a388        0x0 /Users/shanewoods/Library/xPacks/@xpack-dev-tools/arm-none-eabi-gcc/10.3.1-2.3.1/.content/bin/../lib/gcc/arm-none-eabi/10.3.1/thumb/v6-m/nofp/libgcc.a(fixdfsi.o)
                                          0x8 (size before relaxing)
 .ARM.exidx.text.__aeabi_i2d
                0x000000000800a388        0x0 /Users/shanewoods/Library/xPacks/@xpack-dev-tools/arm-none-eabi-gcc/10.3.1-2.3.1/.content/bin/../lib/gcc/arm-none-eabi/10.3.1/thumb/v6-m/nofp/libgcc.a(floatsidf.o)
                                          0x8 (size before relaxing)
 .ARM.exidx.text.__aeabi_ui2d
                0x000000000800a388        0x0 /Users/shanewoods/Library/xPacks/@xpack-dev-tools/arm-none-eabi-gcc/10.3.1-2.3.1/.content/bin/../lib/gcc/arm-none-eabi/10.3.1/thumb/v6-m/nofp/libgcc.a(floatunsidf.o)
                                          0x8 (size before relaxing)
 .ARM.exidx.text.selfrel_offset31
                0x000000000800a388        0x0 /Users/shanewoods/Library/xPacks/@xpack-dev-tools/arm-none-eabi-gcc/10.3.1-2.3.1/.content/bin/../lib/gcc/arm-none-eabi/10.3.1/thumb/v6-m/nofp/libgcc.a(unwind-arm.o)
                                          0x8 (size before relaxing)
 .ARM.exidx.text.search_EIT_table
                0x000000000800a388        0x0 /Users/shanewoods/Library/xPacks/@xpack-dev-tools/arm-none-eabi-gcc/10.3.1-2.3.1/.content/bin/../lib/gcc/arm-none-eabi/10.3.1/thumb/v6-m/nofp/libgcc.a(unwind-arm.o)
                                          0x8 (size before relaxing)
 .ARM.exidx.text.__gnu_unwind_get_pr_addr
                0x000000000800a388        0x0 /Users/shanewoods/Library/xPacks/@xpack-dev-tools/arm-none-eabi-gcc/10.3.1-2.3.1/.content/bin/../lib/gcc/arm-none-eabi/10.3.1/thumb/v6-m/nofp/libgcc.a(unwind-arm.o)
                                          0x8 (size before relaxing)
 .ARM.exidx.text.get_eit_entry
                0x000000000800a388        0x8 /Users/shanewoods/Library/xPacks/@xpack-dev-tools/arm-none-eabi-gcc/10.3.1-2.3.1/.content/bin/../lib/gcc/arm-none-eabi/10.3.1/thumb/v6-m/nofp/libgcc.a(unwind-arm.o)
 .ARM.exidx.text.restore_non_core_regs
                0x000000000800a390        0x8 /Users/shanewoods/Library/xPacks/@xpack-dev-tools/arm-none-eabi-gcc/10.3.1-2.3.1/.content/bin/../lib/gcc/arm-none-eabi/10.3.1/thumb/v6-m/nofp/libgcc.a(unwind-arm.o)
 .ARM.exidx.text._Unwind_decode_typeinfo_ptr.constprop.0
                0x000000000800a398        0x8 /Users/shanewoods/Library/xPacks/@xpack-dev-tools/arm-none-eabi-gcc/10.3.1-2.3.1/.content/bin/../lib/gcc/arm-none-eabi/10.3.1/thumb/v6-m/nofp/libgcc.a(unwind-arm.o)
 .ARM.exidx.text._Unwind_DebugHook
                0x000000000800a3a0        0x0 /Users/shanewoods/Library/xPacks/@xpack-dev-tools/arm-none-eabi-gcc/10.3.1-2.3.1/.content/bin/../lib/gcc/arm-none-eabi/10.3.1/thumb/v6-m/nofp/libgcc.a(unwind-arm.o)
                                          0x8 (size before relaxing)
 .ARM.exidx.text.unwind_phase2
                0x000000000800a3a0        0x8 /Users/shanewoods/Library/xPacks/@xpack-dev-tools/arm-none-eabi-gcc/10.3.1-2.3.1/.content/bin/../lib/gcc/arm-none-eabi/10.3.1/thumb/v6-m/nofp/libgcc.a(unwind-arm.o)
 .ARM.exidx.text.unwind_phase2_forced
                0x000000000800a3a8        0x8 /Users/shanewoods/Library/xPacks/@xpack-dev-tools/arm-none-eabi-gcc/10.3.1-2.3.1/.content/bin/../lib/gcc/arm-none-eabi/10.3.1/thumb/v6-m/nofp/libgcc.a(unwind-arm.o)
 .ARM.exidx.text.__gnu_Unwind_RaiseException
                0x000000000800a3b0        0x8 /Users/shanewoods/Library/xPacks/@xpack-dev-tools/arm-none-eabi-gcc/10.3.1-2.3.1/.content/bin/../lib/gcc/arm-none-eabi/10.3.1/thumb/v6-m/nofp/libgcc.a(unwind-arm.o)
 .ARM.exidx.text.__gnu_Unwind_ForcedUnwind
                0x000000000800a3b8        0x8 /Users/shanewoods/Library/xPacks/@xpack-dev-tools/arm-none-eabi-gcc/10.3.1-2.3.1/.content/bin/../lib/gcc/arm-none-eabi/10.3.1/thumb/v6-m/nofp/libgcc.a(unwind-arm.o)
 .ARM.exidx.text.__gnu_Unwind_Resume
                0x000000000800a3c0        0x8 /Users/shanewoods/Library/xPacks/@xpack-dev-tools/arm-none-eabi-gcc/10.3.1-2.3.1/.content/bin/../lib/gcc/arm-none-eabi/10.3.1/thumb/v6-m/nofp/libgcc.a(unwind-arm.o)
 .ARM.exidx.text.__gnu_Unwind_Resume_or_Rethrow
                0x000000000800a3c8        0x8 /Users/shanewoods/Library/xPacks/@xpack-dev-tools/arm-none-eabi-gcc/10.3.1-2.3.1/.content/bin/../lib/gcc/arm-none-eabi/10.3.1/thumb/v6-m/nofp/libgcc.a(unwind-arm.o)
 .ARM.exidx.text._Unwind_VRS_Get