Archive member included to satisfy reference by file (symbol)

./libopencm3//lib/libopencm3_stm32f0.a(adc.o)
                              usart_iadc.o (adc_set_operation_mode)
./libopencm3//lib/libopencm3_stm32f0.a(adc_common_v2.o)
                              usart_iadc.o (adc_eoc)
./libopencm3//lib/libopencm3_stm32f0.a(gpio_common_f0234.o)
                              usart_iadc.o (gpio_mode_setup)
./libopencm3//lib/libopencm3_stm32f0.a(rcc_common_all.o)
                              usart_iadc.o (rcc_periph_clock_enable)
./libopencm3//lib/libopencm3_stm32f0.a(usart_common_all.o)
                              usart_iadc.o (usart_set_baudrate)
./libopencm3//lib/libopencm3_stm32f0.a(usart_common_v2.o)
                              ./libopencm3//lib/libopencm3_stm32f0.a(usart_common_all.o) (usart_send)
./libopencm3//lib/libopencm3_stm32f0.a(vector.o)
                              (reset_handler)
./libopencm3//lib/libopencm3_stm32f0.a(assert.o)
                              ./libopencm3//lib/libopencm3_stm32f0.a(adc.o) (cm3_assert_failed)
./libopencm3//lib/libopencm3_stm32f0.a(rcc.o)
                              ./libopencm3//lib/libopencm3_stm32f0.a(usart_common_all.o) (rcc_apb1_frequency)
./libopencm3//lib/libopencm3_stm32f0.a(flash_common_all.o)
                              ./libopencm3//lib/libopencm3_stm32f0.a(rcc.o) (flash_prefetch_enable)
/Users/shanewoods/Library/xPacks/@xpack-dev-tools/arm-none-eabi-gcc/10.3.1-2.3.1/.content/bin/../lib/gcc/arm-none-eabi/10.3.1/../../../../arm-none-eabi/lib/thumb/v6-m/nofp/libc.a(lib_a-memcpy-stub.o)
                              usart_iadc.o (memcpy)
/Users/shanewoods/Library/xPacks/@xpack-dev-tools/arm-none-eabi-gcc/10.3.1-2.3.1/.content/bin/../lib/gcc/arm-none-eabi/10.3.1/../../../../arm-none-eabi/lib/thumb/v6-m/nofp/libc.a(lib_a-snprintf.o)
                              usart_iadc.o (snprintf)
/Users/shanewoods/Library/xPacks/@xpack-dev-tools/arm-none-eabi-gcc/10.3.1-2.3.1/.content/bin/../lib/gcc/arm-none-eabi/10.3.1/../../../../arm-none-eabi/lib/thumb/v6-m/nofp/libc.a(lib_a-strlen-stub.o)
                              usart_iadc.o (strlen)
/Users/shanewoods/Library/xPacks/@xpack-dev-tools/arm-none-eabi-gcc/10.3.1-2.3.1/.content/bin/../lib/gcc/arm-none-eabi/10.3.1/../../../../arm-none-eabi/lib/thumb/v6-m/nofp/libc.a(lib_a-svfprintf.o)
                              /Users/shanewoods/Library/xPacks/@xpack-dev-tools/arm-none-eabi-gcc/10.3.1-2.3.1/.content/bin/../lib/gcc/arm-none-eabi/10.3.1/../../../../arm-none-eabi/lib/thumb/v6-m/nofp/libc.a(lib_a-snprintf.o) (_svfprintf_r)
/Users/shanewoods/Library/xPacks/@xpack-dev-tools/arm-none-eabi-gcc/10.3.1-2.3.1/.content/bin/../lib/gcc/arm-none-eabi/10.3.1/../../../../arm-none-eabi/lib/thumb/v6-m/nofp/libc.a(lib_a-dtoa.o)
                              /Users/shanewoods/Library/xPacks/@xpack-dev-tools/arm-none-eabi-gcc/10.3.1-2.3.1/.content/bin/../lib/gcc/arm-none-eabi/10.3.1/../../../../arm-none-eabi/lib/thumb/v6-m/nofp/libc.a(lib_a-svfprintf.o) (_dtoa_r)
/Users/shanewoods/Library/xPacks/@xpack-dev-tools/arm-none-eabi-gcc/10.3.1-2.3.1/.content/bin/../lib/gcc/arm-none-eabi/10.3.1/../../../../arm-none-eabi/lib/thumb/v6-m/nofp/libc.a(lib_a-freer.o)
                              /Users/shanewoods/Library/xPacks/@xpack-dev-tools/arm-none-eabi-gcc/10.3.1-2.3.1/.content/bin/../lib/gcc/arm-none-eabi/10.3.1/../../../../arm-none-eabi/lib/thumb/v6-m/nofp/libc.a(lib_a-svfprintf.o) (_free_r)
/Users/shanewoods/Library/xPacks/@xpack-dev-tools/arm-none-eabi-gcc/10.3.1-2.3.1/.content/bin/../lib/gcc/arm-none-eabi/10.3.1/../../../../arm-none-eabi/lib/thumb/v6-m/nofp/libc.a(lib_a-impure.o)
                              /Users/shanewoods/Library/xPacks/@xpack-dev-tools/arm-none-eabi-gcc/10.3.1-2.3.1/.content/bin/../lib/gcc/arm-none-eabi/10.3.1/../../../../arm-none-eabi/lib/thumb/v6-m/nofp/libc.a(lib_a-snprintf.o) (_impure_ptr)
/Users/shanewoods/Library/xPacks/@xpack-dev-tools/arm-none-eabi-gcc/10.3.1-2.3.1/.content/bin/../lib/gcc/arm-none-eabi/10.3.1/../../../../arm-none-eabi/lib/thumb/v6-m/nofp/libc.a(lib_a-localeconv.o)
                              /Users/shanewoods/Library/xPacks/@xpack-dev-tools/arm-none-eabi-gcc/10.3.1-2.3.1/.content/bin/../lib/gcc/arm-none-eabi/10.3.1/../../../../arm-none-eabi/lib/thumb/v6-m/nofp/libc.a(lib_a-svfprintf.o) (_localeconv_r)
/Users/shanewoods/Library/xPacks/@xpack-dev-tools/arm-none-eabi-gcc/10.3.1-2.3.1/.content/bin/../lib/gcc/arm-none-eabi/10.3.1/../../../../arm-none-eabi/lib/thumb/v6-m/nofp/libc.a(lib_a-mallocr.o)
                              /Users/shanewoods/Library/xPacks/@xpack-dev-tools/arm-none-eabi-gcc/10.3.1-2.3.1/.content/bin/../lib/gcc/arm-none-eabi/10.3.1/../../../../arm-none-eabi/lib/thumb/v6-m/nofp/libc.a(lib_a-svfprintf.o) (_malloc_r)
/Users/shanewoods/Library/xPacks/@xpack-dev-tools/arm-none-eabi-gcc/10.3.1-2.3.1/.content/bin/../lib/gcc/arm-none-eabi/10.3.1/../../../../arm-none-eabi/lib/thumb/v6-m/nofp/libc.a(lib_a-memchr-stub.o)
[...]
Memory Configuration

Name             Origin             Length             Attributes
rom              0x0000000008000000 0x0000000000010000 xr
ram              0x0000000020000000 0x0000000000002000 xrw
*default*        0x0000000000000000 0xffffffffffffffff

Linker script and memory map

LOAD usart_iadc.o
LOAD ./libopencm3//lib/libopencm3_stm32f0.a
START GROUP
LOAD /Users/shanewoods/Library/xPacks/@xpack-dev-tools/arm-none-eabi-gcc/10.3.1-2.3.1/.content/bin/../lib/gcc/arm-none-eabi/10.3.1/../../../../arm-none-eabi/lib/thumb/v6-m/nofp/libc.a
LOAD /Users/shanewoods/Library/xPacks/@xpack-dev-tools/arm-none-eabi-gcc/10.3.1-2.3.1/.content/bin/../lib/gcc/arm-none-eabi/10.3.1/thumb/v6-m/nofp/libgcc.a
LOAD /Users/shanewoods/Library/xPacks/@xpack-dev-tools/arm-none-eabi-gcc/10.3.1-2.3.1/.content/bin/../lib/gcc/arm-none-eabi/10.3.1/../../../../arm-none-eabi/lib/thumb/v6-m/nofp/libnosys.a
END GROUP
START GROUP
LOAD /Users/shanewoods/Library/xPacks/@xpack-dev-tools/arm-none-eabi-gcc/10.3.1-2.3.1/.content/bin/../lib/gcc/arm-none-eabi/10.3.1/thumb/v6-m/nofp/libgcc.a
LOAD /Users/shanewoods/Library/xPacks/@xpack-dev-tools/arm-none-eabi-gcc/10.3.1-2.3.1/.content/bin/../lib/gcc/arm-none-eabi/10.3.1/../../../../arm-none-eabi/lib/thumb/v6-m/nofp/libg.a
LOAD /Users/shanewoods/Library/xPacks/@xpack-dev-tools/arm-none-eabi-gcc/10.3.1-2.3.1/.content/bin/../lib/gcc/arm-none-eabi/10.3.1/../../../../arm-none-eabi/lib/thumb/v6-m/nofp/libc.a
END GROUP

.text           0x0000000008000000     0xa234
 *(.vectors)
 .vectors       0x0000000008000000       0xc0 ./libopencm3//lib/libopencm3_stm32f0.a(vector.o)
                0x0000000008000000                vector_table
 *(.text*)
 .text.startup.main
                0x00000000080000c0      0x1b0 usart_iadc.o
                0x00000000080000c0                main
 .text.adc_set_operation_mode
                0x0000000008000270       0x44 ./libopencm3//lib/libopencm3_stm32f0.a(adc.o)
                0x0000000008000270                adc_set_operation_mode
 .text.adc_disable_external_trigger_regular
                0x00000000080002b4       0x10 ./libopencm3//lib/libopencm3_stm32f0.a(adc.o)
                0x00000000080002b4                adc_disable_external_trigger_regular
 .text.adc_set_clk_source
                0x00000000080002c4        0xc ./libopencm3//lib/libopencm3_stm32f0.a(adc.o)
                0x00000000080002c4                adc_set_clk_source
 .text.adc_set_regular_sequence
                0x00000000080002d0       0x6c ./libopencm3//lib/libopencm3_stm32f0.a(adc.o)
                0x00000000080002d0                adc_set_regular_sequence
 .text.adc_set_sample_time_on_all_channels
                0x000000000800033c        0x8 ./libopencm3//lib/libopencm3_stm32f0.a(adc.o)
                0x000000000800033c                adc_set_sample_time_on_all_channels
 .text.adc_disable_analog_watchdog
                0x0000000008000344       0x10 ./libopencm3//lib/libopencm3_stm32f0.a(adc.o)
                0x0000000008000344                adc_disable_analog_watchdog
 .text.adc_eoc  0x0000000008000354        0x8 ./libopencm3//lib/libopencm3_stm32f0.a(adc_common_v2.o)
                0x0000000008000354                adc_eoc
 .text.adc_power_on_async
                0x000000000800035c        0xa ./libopencm3//lib/libopencm3_stm32f0.a(adc_common_v2.o)
                0x000000000800035c                adc_power_on_async
 .text.adc_power_on
                0x0000000008000366       0x12 ./libopencm3//lib/libopencm3_stm32f0.a(adc_common_v2.o)
                0x0000000008000366                adc_power_on
 .text.adc_is_power_off
                0x0000000008000378        0x8 ./libopencm3//lib/libopencm3_stm32f0.a(adc_common_v2.o)
                0x0000000008000378                adc_is_power_off
 .text.adc_power_off_async
                0x0000000008000380       0x30 ./libopencm3//lib/libopencm3_stm32f0.a(adc_common_v2.o)
                0x0000000008000380                adc_power_off_async
 .text.adc_power_off
                0x00000000080003b0       0x14 ./libopencm3//lib/libopencm3_stm32f0.a(adc_common_v2.o)
                0x00000000080003b0                adc_power_off
 .text.adc_calibrate_async
                0x00000000080003c4        0xc ./libopencm3//lib/libopencm3_stm32f0.a(adc_common_v2.o)
                0x00000000080003c4                adc_calibrate_async
 .text.adc_calibrate
                0x00000000080003d0       0x10 ./libopencm3//lib/libopencm3_stm32f0.a(adc_common_v2.o)
                0x00000000080003d0                adc_calibrate
 .text.adc_set_resolution
                0x00000000080003e0        0xc ./libopencm3//lib/libopencm3_stm32f0.a(adc_common_v2.o)
                0x00000000080003e0                adc_set_resolution
 .text.adc_set_right_aligned
                0x00000000080003ec        0xa ./libopencm3//lib/libopencm3_stm32f0.a(adc_common_v2.o)
                0x00000000080003ec                adc_set_right_aligned
 .text.adc_read_regular
                0x00000000080003f6        0x4 ./libopencm3//lib/libopencm3_stm32f0.a(adc_common_v2.o)
                0x00000000080003f6                adc_read_regular
 *fill*         0x00000000080003fa        0x2 
 .text.adc_enable_temperature_sensor
                0x00000000080003fc       0x14 ./libopencm3//lib/libopencm3_stm32f0.a(adc_common_v2.o)
                0x00000000080003fc                adc_enable_temperature_sensor
 .text.adc_start_conversion_regular
                0x0000000008000410        0xa ./libopencm3//lib/libopencm3_stm32f0.a(adc_common_v2.o)
                0x0000000008000410                adc_start_conversion_regular
 .text.gpio_mode_setup
                0x000000000800041a       0x40 ./libopencm3//lib/libopencm3_stm32f0.a(gpio_common_f0234.o)
                0x000000000800041a                gpio_mode_setup
 .text.gpio_set_af
                0x000000000800045a       0x58 ./libopencm3//lib/libopencm3_stm32f0.a(gpio_common_f0234.o)
                0x000000000800045a                gpio_set_af
 *fill*         0x00000000080004b2        0x2 
 .text.rcc_periph_clock_enable
                0x00000000080004b4       0x1c ./libopencm3//lib/libopencm3_stm32f0.a(rcc_common_all.o)
                0x00000000080004b4                rcc_periph_clock_enable
 .text.usart_set_baudrate
                0x00000000080004d0       0x18 ./libopencm3//lib/libopencm3_stm32f0.a(usart_common_all.o)
                0x00000000080004d0                usart_set_baudrate
 .text.usart_set_databits
                0x00000000080004e8       0x1c ./libopencm3//lib/libopencm3_stm32f0.a(usart_common_all.o)
                0x00000000080004e8                usart_set_databits
 .text.usart_set_stopbits
                0x0000000008000504       0x10 ./libopencm3//lib/libopencm3_stm32f0.a(usart_common_all.o)
                0x0000000008000504                usart_set_stopbits
 .text.usart_set_parity
                0x0000000008000514       0x10 ./libopencm3//lib/libopencm3_stm32f0.a(usart_common_all.o)
                0x0000000008000514                usart_set_parity
 .text.usart_set_mode
                0x0000000008000524        0xc ./libopencm3//lib/libopencm3_stm32f0.a(usart_common_all.o)
                0x0000000008000524                usart_set_mode
 .text.usart_set_flow_control
                0x0000000008000530       0x10 ./libopencm3//lib/libopencm3_stm32f0.a(usart_common_all.o)
                0x0000000008000530                usart_set_flow_control
 .text.usart_enable
                0x0000000008000540        0xa ./libopencm3//lib/libopencm3_stm32f0.a(usart_common_all.o)
                0x0000000008000540                usart_enable
 .text.usart_send_blocking
                0x000000000800054a       0x14 ./libopencm3//lib/libopencm3_stm32f0.a(usart_common_all.o)
                0x000000000800054a                usart_send_blocking
 .text.usart_send
                0x000000000800055e        0x8 ./libopencm3//lib/libopencm3_stm32f0.a(usart_common_v2.o)
                0x000000000800055e                usart_send
 .text.usart_wait_send_ready
                0x0000000008000566        0xa ./libopencm3//lib/libopencm3_stm32f0.a(usart_common_v2.o)
                0x0000000008000566                usart_wait_send_ready
 .text.blocking_handler
                0x0000000008000570        0x2 ./libopencm3//lib/libopencm3_stm32f0.a(vector.o)
                0x0000000008000570                exti0_1_isr
                0x0000000008000570                rtc_isr
                0x0000000008000570                tim7_isr
                0x0000000008000570                dma1_channel4_7_dma2_channel3_5_isr
                0x0000000008000570                blocking_handler
                0x0000000008000570                tsc_isr
                0x0000000008000570                spi1_isr
                0x0000000008000570                i2c1_isr
                0x0000000008000570                tim17_isr
                0x0000000008000570                i2c2_isr
                0x0000000008000570                usart1_isr
                0x0000000008000570                usart3_4_isr
                0x0000000008000570                tim1_cc_isr
                0x0000000008000570                exti2_3_isr
                0x0000000008000570                tim16_isr
                0x0000000008000570                pvd_isr
                0x0000000008000570                rcc_isr
                0x0000000008000570                flash_isr
                0x0000000008000570                hard_fault_handler
                0x0000000008000570                tim14_isr
                0x0000000008000570                spi2_isr
                0x0000000008000570                usb_isr
                0x0000000008000570                tim15_isr
                0x0000000008000570                tim3_isr
                0x0000000008000570                usart2_isr
                0x0000000008000570                adc_comp_isr
                0x0000000008000570                dma1_channel1_isr
                0x0000000008000570                tim6_dac_isr
                0x0000000008000570                tim1_brk_up_trg_com_isr
                0x0000000008000570                exti4_15_isr
                0x0000000008000570                cec_can_isr
                0x0000000008000570                wwdg_isr
                0x0000000008000570                tim2_isr
                0x0000000008000570                dma1_channel2_3_dma2_channel1_2_isr
 .text.null_handler
                0x0000000008000572        0x2 ./libopencm3//lib/libopencm3_stm32f0.a(vector.o)
                0x0000000008000572                null_handler
                0x0000000008000572                sv_call_handler
                0x0000000008000572                pend_sv_handler
                0x0000000008000572                sys_tick_handler
                0x0000000008000572                nmi_handler
 .text.reset_handler
                0x0000000008000574       0x88 ./libopencm3//lib/libopencm3_stm32f0.a(vector.o)
                0x0000000008000574                reset_handler
 .text.cm3_assert_failed
                0x00000000080005fc        0x2 ./libopencm3//lib/libopencm3_stm32f0.a(assert.o)
                0x00000000080005fc                cm3_assert_failed
 *fill*         0x00000000080005fe        0x2 
 .text.memcpy   0x0000000008000600       0xa4 /Users/shanewoods/Library/xPacks/@xpack-dev-tools/arm-none-eabi-gcc/10.3.1-2.3.1/.content/bin/../lib/gcc/arm-none-eabi/10.3.1/../../../../arm-none-eabi/lib/thumb/v6-m/nofp/libc.a(lib_a-memcpy-stub.o)
                0x0000000008000600                memcpy
 .text.snprintf
                0x00000000080006a4       0x84 /Users/shanewoods/Library/xPacks/@xpack-dev-tools/arm-none-eabi-gcc/10.3.1-2.3.1/.content/bin/../lib/gcc/arm-none-eabi/10.3.1/../../../../arm-none-eabi/lib/thumb/v6-m/nofp/libc.a(lib_a-snprintf.o)
                0x00000000080006a4                snprintf
 .text.strlen   0x0000000008000728       0x5c /Users/shanewoods/Library/xPacks/@xpack-dev-tools/arm-none-eabi-gcc/10.3.1-2.3.1/.content/bin/../lib/gcc/arm-none-eabi/10.3.1/../../../../arm-none-eabi/lib/thumb/v6-m/nofp/libc.a(lib_a-strlen-stub.o)
                0x0000000008000728                strlen
 .text._svfprintf_r
                0x0000000008000784     0x1bc8 /Users/shanewoods/Library/xPacks/@xpack-dev-tools/arm-none-eabi-gcc/10.3.1-2.3.1/.content/bin/../lib/gcc/arm-none-eabi/10.3.1/../../../../arm-none-eabi/lib/thumb/v6-m/nofp/libc.a(lib_a-svfprintf.o)
                0x0000000008000784                _svfprintf_r
 .text.quorem   0x000000000800234c      0x148 /Users/shanewoods/Library/xPacks/@xpack-dev-tools/arm-none-eabi-gcc/10.3.1-2.3.1/.content/bin/../lib/gcc/arm-none-eabi/10.3.1/../../../../arm-none-eabi/lib/thumb/v6-m/nofp/libc.a(lib_a-dtoa.o)
 .text._dtoa_r  0x0000000008002494      0xfbc /Users/shanewoods/Library/xPacks/@xpack-dev-tools/arm-none-eabi-gcc/10.3.1-2.3.1/.content/bin/../lib/gcc/arm-none-eabi/10.3.1/../../../../arm-none-eabi/lib/thumb/v6-m/nofp/libc.a(lib_a-dtoa.o)
                0x0000000008002494                _dtoa_r
 .text._malloc_trim_r
                0x0000000008003450       0x9c /Users/shanewoods/Library/xPacks/@xpack-dev-tools/arm-none-eabi-gcc/10.3.1-2.3.1/.content/bin/../lib/gcc/arm-none-eabi/10.3.1/../../../../arm-none-eabi/lib/thumb/v6-m/nofp/libc.a(lib_a-freer.o)
                0x0000000008003450                _malloc_trim_r
 .text._free_r  0x00000000080034ec      0x1c4 /Users/shanewoods/Library/xPacks/@xpack-dev-tools/arm-none-eabi-gcc/10.3.1-2.3.1/.content/bin/../lib/gcc/arm-none-eabi/10.3.1/../../../../arm-none-eabi/lib/thumb/v6-m/nofp/libc.a(lib_a-freer.o)
                0x00000000080034ec                _free_r
 .text._localeconv_r
                0x00000000080036b0        0x8 /Users/shanewoods/Library/xPacks/@xpack-dev-tools/arm-none-eabi-gcc/10.3.1-2.3.1/.content/bin/../lib/gcc/arm-none-eabi/10.3.1/../../../../arm-none-eabi/lib/thumb/v6-m/nofp/libc.a(lib_a-localeconv.o)
                0x00000000080036b0                _localeconv_r
 .text._malloc_r
                0x00000000080036b8      0x584 /Users/shanewoods/Library/xPacks/@xpack-dev-tools/arm-none-eabi-gcc/10.3.1-2.3.1/.content/bin/../lib/gcc/arm-none-eabi/10.3.1/../../../../arm-none-eabi/lib/thumb/v6-m/nofp/libc.a(lib_a-mallocr.o)
                0x00000000080036b8                _malloc_r
 .text.memchr   0x0000000008003c3c       0x74 /Users/shanewoods/Library/xPacks/@xpack-dev-tools/arm-none-eabi-gcc/10.3.1-2.3.1/.content/bin/../lib/gcc/arm-none-eabi/10.3.1/../../../../arm-none-eabi/lib/thumb/v6-m/nofp/libc.a(lib_a-memchr-stub.o)
                0x0000000008003c3c                memchr
 .text.__malloc_lock
                0x0000000008003cb0       0x10 /Users/shanewoods/Library/xPacks/@xpack-dev-tools/arm-none-eabi-gcc/10.3.1-2.3.1/.content/bin/../lib/gcc/arm-none-eabi/10.3.1/../../../../arm-none-eabi/lib/thumb/v6-m/nofp/libc.a(lib_a-mlock.o)
                0x0000000008003cb0                __malloc_lock
 .text.__malloc_unlock
                0x0000000008003cc0       0x10 /Users/shanewoods/Library/xPacks/@xpack-dev-tools/arm-none-eabi-gcc/10.3.1-2.3.1/.content/bin/../lib/gcc/arm-none-eabi/10.3.1/../../../../arm-none-eabi/lib/thumb/v6-m/nofp/libc.a(lib_a-mlock.o)
                0x0000000008003cc0                __malloc_unlock
 .text._Balloc  0x0000000008003cd0       0x50 /Users/shanewoods/Library/xPacks/@xpack-dev-tools/arm-none-eabi-gcc/10.3.1-2.3.1/.content/bin/../lib/gcc/arm-none-eabi/10.3.1/../../../../arm-none-eabi/lib/thumb/v6-m/nofp/libc.a(lib_a-mprec.o)
                0x0000000008003cd0                _Balloc
 .text._Bfree   0x0000000008003d20       0x14 /Users/shanewoods/Library/xPacks/@xpack-dev-tools/arm-none-eabi-gcc/10.3.1-2.3.1/.content/bin/../lib/gcc/arm-none-eabi/10.3.1/../../../../arm-none-eabi/lib/thumb/v6-m/nofp/libc.a(lib_a-mprec.o)
                0x0000000008003d20                _Bfree
 .text.__multadd
                0x0000000008003d34       0xa8 /Users/shanewoods/Library/xPacks/@xpack-dev-tools/arm-none-eabi-gcc/10.3.1-2.3.1/.content/bin/../lib/gcc/arm-none-eabi/10.3.1/../../../../arm-none-eabi/lib/thumb/v6-m/nofp/libc.a(lib_a-mprec.o)
                0x0000000008003d34                __multadd
 .text.__hi0bits
                0x0000000008003ddc       0x38 /Users/shanewoods/Library/xPacks/@xpack-dev-tools/arm-none-eabi-gcc/10.3.1-2.3.1/.content/bin/../lib/gcc/arm-none-eabi/10.3.1/../../../../arm-none-eabi/lib/thumb/v6-m/nofp/libc.a(lib_a-mprec.o)
                0x0000000008003ddc                __hi0bits
 .text.__lo0bits
                0x0000000008003e14       0x5c /Users/shanewoods/Library/xPacks/@xpack-dev-tools/arm-none-eabi-gcc/10.3.1-2.3.1/.content/bin/../lib/gcc/arm-none-eabi/10.3.1/../../../../arm-none-eabi/lib/thumb/v6-m/nofp/libc.a(lib_a-mprec.o)
                0x0000000008003e14                __lo0bits
 .text.__i2b    0x0000000008003e70       0x60 /Users/shanewoods/Library/xPacks/@xpack-dev-tools/arm-none-eabi-gcc/10.3.1-2.3.1/.content/bin/../lib/gcc/arm-none-eabi/10.3.1/../../../../arm-none-eabi/lib/thumb/v6-m/nofp/libc.a(lib_a-mprec.o)
                0x0000000008003e70                __i2b
 .text.__multiply
                0x0000000008003ed0      0x1a4 /Users/shanewoods/Library/xPacks/@xpack-dev-tools/arm-none-eabi-gcc/10.3.1-2.3.1/.content/bin/../lib/gcc/arm-none-eabi/10.3.1/../../../../arm-none-eabi/lib/thumb/v6-m/nofp/libc.a(lib_a-mprec.o)
                0x0000000008003ed0                __multiply
 .text.__pow5mult
                0x0000000008004074       0xd8 /Users/shanewoods/Library/xPacks/@xpack-dev-tools/arm-none-eabi-gcc/10.3.1-2.3.1/.content/bin/../lib/gcc/arm-none-eabi/10.3.1/../../../../arm-none-eabi/lib/thumb/v6-m/nofp/libc.a(lib_a-mprec.o)
                0x0000000008004074                __pow5mult
 .text.__lshift
                0x000000000800414c       0xfc /Users/shanewoods/Library/xPacks/@xpack-dev-tools/arm-none-eabi-gcc/10.3.1-2.3.1/.content/bin/../lib/gcc/arm-none-eabi/10.3.1/../../../../arm-none-eabi/lib/thumb/v6-m/nofp/libc.a(lib_a-mprec.o)
                0x000000000800414c                __lshift
 .text.__mcmp   0x0000000008004248       0x34 /Users/shanewoods/Library/xPacks/@xpack-dev-tools/arm-none-eabi-gcc/10.3.1-2.3.1/.content/bin/../lib/gcc/arm-none-eabi/10.3.1/../../../../arm-none-eabi/lib/thumb/v6-m/nofp/libc.a(lib_a-mprec.o)
                0x0000000008004248                __mcmp
 .text.__mdiff  0x000000000800427c      0x18c /Users/shanewoods/Library/xPacks/@xpack-dev-tools/arm-none-eabi-gcc/10.3.1-2.3.1/.content/bin/../lib/gcc/arm-none-eabi/10.3.1/../../../../arm-none-eabi/lib/thumb/v6-m/nofp/libc.a(lib_a-mprec.o)
                0x000000000800427c                __mdiff
 .text.__d2b    0x0000000008004408       0xd8 /Users/shanewoods/Library/xPacks/@xpack-dev-tools/arm-none-eabi-gcc/10.3.1-2.3.1/.content/bin/../lib/gcc/arm-none-eabi/10.3.1/../../../../arm-none-eabi/lib/thumb/v6-m/nofp/libc.a(lib_a-mprec.o)
                0x0000000008004408                __d2b
 .text.frexp    0x00000000080044e0       0x64 /Users/shanewoods/Library/xPacks/@xpack-dev-tools/arm-none-eabi-gcc/10.3.1-2.3.1/.content/bin/../lib/gcc/arm-none-eabi/10.3.1/../../../../arm-none-eabi/lib/thumb/v6-m/nofp/libc.a(lib_a-s_frexp.o)
                0x00000000080044e0                frexp
 .text._sbrk_r  0x0000000008004544       0x24 /Users/shanewoods/Library/xPacks/@xpack-dev-tools/arm-none-eabi-gcc/10.3.1-2.3.1/.content/bin/../lib/gcc/arm-none-eabi/10.3.1/../../../../arm-none-eabi/lib/thumb/v6-m/nofp/libc.a(lib_a-sbrkr.o)
                0x0000000008004544                _sbrk_r
 .text.strncpy  0x0000000008004568       0x6c /Users/shanewoods/Library/xPacks/@xpack-dev-tools/arm-none-eabi-gcc/10.3.1-2.3.1/.content/bin/../lib/gcc/arm-none-eabi/10.3.1/../../../../arm-none-eabi/lib/thumb/v6-m/nofp/libc.a(lib_a-strncpy.o)
                0x0000000008004568                strncpy
 .text.__ssprint_r
                0x00000000080045d4      0x114 /Users/shanewoods/Library/xPacks/@xpack-dev-tools/arm-none-eabi-gcc/10.3.1-2.3.1/.content/bin/../lib/gcc/arm-none-eabi/10.3.1/../../../../arm-none-eabi/lib/thumb/v6-m/nofp/libc.a(lib_a-svfiprintf.o)
                0x00000000080045d4                __ssprint_r
 .text.__assert_func
                0x00000000080046e8       0x40 /Users/shanewoods/Library/xPacks/@xpack-dev-tools/arm-none-eabi-gcc/10.3.1-2.3.1/.content/bin/../lib/gcc/arm-none-eabi/10.3.1/../../../../arm-none-eabi/lib/thumb/v6-m/nofp/libc.a(lib_a-assert.o)
                0x00000000080046e8                __assert_func
 .text._calloc_r
                0x0000000008004728       0x9c /Users/shanewoods/Library/xPacks/@xpack-dev-tools/arm-none-eabi-gcc/10.3.1-2.3.1/.content/bin/../lib/gcc/arm-none-eabi/10.3.1/../../../../arm-none-eabi/lib/thumb/v6-m/nofp/libc.a(lib_a-callocr.o)
                0x0000000008004728                _calloc_r
 .text.__errno  0x00000000080047c4        0xc /Users/shanewoods/Library/xPacks/@xpack-dev-tools/arm-none-eabi-gcc/10.3.1-2.3.1/.content/bin/../lib/gcc/arm-none-eabi/10.3.1/../../../../arm-none-eabi/lib/thumb/v6-m/nofp/libc.a(lib_a-errno.o)
                0x00000000080047c4                __errno
 .text.fiprintf
                0x00000000080047d0       0x24 /Users/shanewoods/Library/xPacks/@xpack-dev-tools/arm-none-eabi-gcc/10.3.1-2.3.1/.content/bin/../lib/gcc/arm-none-eabi/10.3.1/../../../../arm-none-eabi/lib/thumb/v6-m/nofp/libc.a(lib_a-fiprintf.o)
                0x00000000080047d0                fiprintf
 .text.__locale_mb_cur_max
                0x00000000080047f4       0x10 /Users/shanewoods/Library/xPacks/@xpack-dev-tools/arm-none-eabi-gcc/10.3.1-2.3.1/.content/bin/../lib/gcc/arm-none-eabi/10.3.1/../../../../arm-none-eabi/lib/thumb/v6-m/nofp/libc.a(lib_a-locale.o)
                0x00000000080047f4                __locale_mb_cur_max
 .text.__retarget_lock_init_recursive
                0x0000000008004804        0x4 /Users/shanewoods/Library/xPacks/@xpack-dev-tools/arm-none-eabi-gcc/10.3.1-2.3.1/.content/bin/../lib/gcc/arm-none-eabi/10.3.1/../../../../arm-none-eabi/lib/thumb/v6-m/nofp/libc.a(lib_a-lock.o)
                0x0000000008004804                __retarget_lock_init_recursive
 .text.__retarget_lock_close_recursive
                0x0000000008004808        0x4 /Users/shanewoods/Library/xPacks/@xpack-dev-tools/arm-none-eabi-gcc/10.3.1-2.3.1/.content/bin/../lib/gcc/arm-none-eabi/10.3.1/../../../../arm-none-eabi/lib/thumb/v6-m/nofp/libc.a(lib_a-lock.o)
                0x0000000008004808                __retarget_lock_close_recursive
 .text.__retarget_lock_acquire_recursive
                0x000000000800480c        0x4 /Users/shanewoods/Library/xPacks/@xpack-dev-tools/arm-none-eabi-gcc/10.3.1-2.3.1/.content/bin/../lib/gcc/arm-none-eabi/10.3.1/../../../../arm-none-eabi/lib/thumb/v6-m/nofp/libc.a(lib_a-lock.o)
                0x000000000800480c                __retarget_lock_acquire_recursive
 .text.__retarget_lock_release_recursive
                0x0000000008004810        0x4 /Users/shanewoods/Library/xPacks/@xpack-dev-tools/arm-none-eabi-gcc/10.3.1-2.3.1/.content/bin/../lib/gcc/arm-none-eabi/10.3.1/../../../../arm-none-eabi/lib/thumb/v6-m/nofp/libc.a(lib_a-lock.o)
                0x0000000008004810                __retarget_lock_release_recursive
 .text.__ascii_mbtowc
                0x0000000008004814       0x2c /Users/shanewoods/Library/xPacks/@xpack-dev-tools/arm-none-eabi-gcc/10.3.1-2.3.1/.content/bin/../lib/gcc/arm-none-eabi/10.3.1/../../../../arm-none-eabi/lib/thumb/v6-m/nofp/libc.a(lib_a-mbtowc_r.o)
                0x0000000008004814                __ascii_mbtowc
 .text.memmove  0x0000000008004840       0xac /Users/shanewoods/Library/xPacks/@xpack-dev-tools/arm-none-eabi-gcc/10.3.1-2.3.1/.content/bin/../lib/gcc/arm-none-eabi/10.3.1/../../../../arm-none-eabi/lib/thumb/v6-m/nofp/libc.a(lib_a-memmove.o)
                0x0000000008004840                memmove
 .text.memset   0x00000000080048ec       0xa8 /Users/shanewoods/Library/xPacks/@xpack-dev-tools/arm-none-eabi-gcc/10.3.1-2.3.1/.content/bin/../lib/gcc/arm-none-eabi/10.3.1/../../../../arm-none-eabi/lib/thumb/v6-m/nofp/libc.a(lib_a-memset.o)
                0x00000000080048ec                memset
 .text._realloc_r
                0x0000000008004994      0x354 /Users/shanewoods/Library/xPacks/@xpack-dev-tools/arm-none-eabi-gcc/10.3.1-2.3.1/.content/bin/../lib/gcc/arm-none-eabi/10.3.1/../../../../arm-none-eabi/lib/thumb/v6-m/nofp/libc.a(lib_a-reallocr.o)
                0x0000000008004994                _realloc_r
 .text.__sprint_r.part.0
                0x0000000008004ce8       0x88 /Users/shanewoods/Library/xPacks/@xpack-dev-tools/arm-none-eabi-gcc/10.3.1-2.3.1/.content/bin/../lib/gcc/arm-none-eabi/10.3.1/../../../../arm-none-eabi/lib/thumb/v6-m/nofp/libc.a(lib_a-vfiprintf.o)
 .text._vfiprintf_r
                0x0000000008004d70      0xdc4 /Users/shanewoods/Library/xPacks/@xpack-dev-tools/arm-none-eabi-gcc/10.3.1-2.3.1/.content/bin/../lib/gcc/arm-none-eabi/10.3.1/../../../../arm-none-eabi/lib/thumb/v6-m/nofp/libc.a(lib_a-vfiprintf.o)
                0x0000000008004d70                _vfiprintf_r
 .text.__sbprintf
                0x0000000008005b34       0x8c /Users/shanewoods/Library/xPacks/@xpack-dev-tools/arm-none-eabi-gcc/10.3.1-2.3.1/.content/bin/../lib/gcc/arm-none-eabi/10.3.1/../../../../arm-none-eabi/lib/thumb/v6-m/nofp/libc.a(lib_a-vfiprintf.o)
 .text.__ascii_wctomb
                0x0000000008005bc0       0x1c /Users/shanewoods/Library/xPacks/@xpack-dev-tools/arm-none-eabi-gcc/10.3.1-2.3.1/.content/bin/../lib/gcc/arm-none-eabi/10.3.1/../../../../arm-none-eabi/lib/thumb/v6-m/nofp/libc.a(lib_a-wctomb_r.o)
                0x0000000008005bc0                __ascii_wctomb
 .text.__swsetup_r
                0x0000000008005bdc       0xdc /Users/shanewoods/Library/xPacks/@xpack-dev-tools/arm-none-eabi-gcc/10.3.1-2.3.1/.content/bin/../lib/gcc/arm-none-eabi/10.3.1/../../../../arm-none-eabi/lib/thumb/v6-m/nofp/libc.a(lib_a-wsetup.o)
                0x0000000008005bdc                __swsetup_r
 .text.abort    0x0000000008005cb8       0x10 /Users/shanewoods/Library/xPacks/@xpack-dev-tools/arm-none-eabi-gcc/10.3.1-2.3.1/.content/bin/../lib/gcc/arm-none-eabi/10.3.1/../../../../arm-none-eabi/lib/thumb/v6-m/nofp/libc.a(lib_a-abort.o)
                0x0000000008005cb8                abort
 .text.__sflush_r
                0x0000000008005cc8      0x140 /Users/shanewoods/Library/xPacks/@xpack-dev-tools/arm-none-eabi-gcc/10.3.1-2.3.1/.content/bin/../lib/gcc/arm-none-eabi/10.3.1/../../../../arm-none-eabi/lib/thumb/v6-m/nofp/libc.a(lib_a-fflush.o)
                0x0000000008005cc8                __sflush_r
 .text._fflush_r
                0x0000000008005e08       0x6c /Users/shanewoods/Library/xPacks/@xpack-dev-tools/arm-none-eabi-gcc/10.3.1-2.3.1/.content/bin/../lib/gcc/arm-none-eabi/10.3.1/../../../../arm-none-eabi/lib/thumb/v6-m/nofp/libc.a(lib_a-fflush.o)
                0x0000000008005e08                _fflush_r
 .text._cleanup_r
                0x0000000008005e74       0x10 /Users/shanewoods/Library/xPacks/@xpack-dev-tools/arm-none-eabi-gcc/10.3.1-2.3.1/.content/bin/../lib/gcc/arm-none-eabi/10.3.1/../../../../arm-none-eabi/lib/thumb/v6-m/nofp/libc.a(lib_a-findfp.o)
                0x0000000008005e74                _cleanup_r
 .text.__sinit  0x0000000008005e84      0x120 /Users/shanewoods/Library/xPacks/@xpack-dev-tools/arm-none-eabi-gcc/10.3.1-2.3.1/.content/bin/../lib/gcc/arm-none-eabi/10.3.1/../../../../arm-none-eabi/lib/thumb/v6-m/nofp/libc.a(lib_a-findfp.o)
                0x0000000008005e84                __sinit
 .text.__sfp_lock_acquire
                0x0000000008005fa4       0x10 /Users/shanewoods/Library/xPacks/@xpack-dev-tools/arm-none-eabi-gcc/10.3.1-2.3.1/.content/bin/../lib/gcc/arm-none-eabi/10.3.1/../../../../arm-none-eabi/lib/thumb/v6-m/nofp/libc.a(lib_a-findfp.o)
                0x0000000008005fa4                __sfp_lock_acquire
 .text.__sfp_lock_release
                0x0000000008005fb4       0x10 /Users/shanewoods/Library/xPacks/@xpack-dev-tools/arm-none-eabi-gcc/10.3.1-2.3.1/.content/bin/../lib/gcc/arm-none-eabi/10.3.1/../../../../arm-none-eabi/lib/thumb/v6-m/nofp/libc.a(lib_a-findfp.o)
                0x0000000008005fb4                __sfp_lock_release
 .text.__fputwc
                0x0000000008005fc4       0x98 /Users/shanewoods/Library/xPacks/@xpack-dev-tools/arm-none-eabi-gcc/10.3.1-2.3.1/.content/bin/../lib/gcc/arm-none-eabi/10.3.1/../../../../arm-none-eabi/lib/thumb/v6-m/nofp/libc.a(lib_a-fputwc.o)
                0x0000000008005fc4                __fputwc
 .text._fputwc_r
                0x000000000800605c       0x5c /Users/shanewoods/Library/xPacks/@xpack-dev-tools/arm-none-eabi-gcc/10.3.1-2.3.1/.content/bin/../lib/gcc/arm-none-eabi/10.3.1/../../../../arm-none-eabi/lib/thumb/v6-m/nofp/libc.a(lib_a-fputwc.o)
                0x000000000800605c                _fputwc_r
 .text.__sfvwrite_r
                0x00000000080060b8      0x2f4 /Users/shanewoods/Library/xPacks/@xpack-dev-tools/arm-none-eabi-gcc/10.3.1-2.3.1/.content/bin/../lib/gcc/arm-none-eabi/10.3.1/../../../../arm-none-eabi/lib/thumb/v6-m/nofp/libc.a(lib_a-fvwrite.o)
                0x00000000080060b8                __sfvwrite_r
 .text._fwalk_reent
                0x00000000080063ac       0x48 /Users/shanewoods/Library/xPacks/@xpack-dev-tools/arm-none-eabi-gcc/10.3.1-2.3.1/.content/bin/../lib/gcc/arm-none-eabi/10.3.1/../../../../arm-none-eabi/lib/thumb/v6-m/nofp/libc.a(lib_a-fwalk.o)
                0x00000000080063ac                _fwalk_reent
 .text.__smakebuf_r
                0x00000000080063f4       0xe4 /Users/shanewoods/Library/xPacks/@xpack-dev-tools/arm-none-eabi-gcc/10.3.1-2.3.1/.content/bin/../lib/gcc/arm-none-eabi/10.3.1/../../../../arm-none-eabi/lib/thumb/v6-m/nofp/libc.a(lib_a-makebuf.o)
                0x00000000080063f4                __smakebuf_r
 .text.raise    0x00000000080064d8       0x60 /Users/shanewoods/Library/xPacks/@xpack-dev-tools/arm-none-eabi-gcc/10.3.1-2.3.1/.content/bin/../lib/gcc/arm-none-eabi/10.3.1/../../../../arm-none-eabi/lib/thumb/v6-m/nofp/libc.a(lib_a-signal.o)
                0x00000000080064d8                raise
 .text._kill_r  0x0000000008006538       0x28 /Users/shanewoods/Library/xPacks/@xpack-dev-tools/arm-none-eabi-gcc/10.3.1-2.3.1/.content/bin/../lib/gcc/arm-none-eabi/10.3.1/../../../../arm-none-eabi/lib/thumb/v6-m/nofp/libc.a(lib_a-signalr.o)
                0x0000000008006538                _kill_r
 .text._getpid_r
                0x0000000008006560        0x8 /Users/shanewoods/Library/xPacks/@xpack-dev-tools/arm-none-eabi-gcc/10.3.1-2.3.1/.content/bin/../lib/gcc/arm-none-eabi/10.3.1/../../../../arm-none-eabi/lib/thumb/v6-m/nofp/libc.a(lib_a-signalr.o)
                0x0000000008006560                _getpid_r
 .text.__sread  0x0000000008006568       0x28 /Users/shanewoods/Library/xPacks/@xpack-dev-tools/arm-none-eabi-gcc/10.3.1-2.3.1/.content/bin/../lib/gcc/arm-none-eabi/10.3.1/../../../../arm-none-eabi/lib/thumb/v6-m/nofp/libc.a(lib_a-stdio.o)
                0x0000000008006568                __sread
 .text.__swrite
                0x0000000008006590       0x40 /Users/shanewoods/Library/xPacks/@xpack-dev-tools/arm-none-eabi-gcc/10.3.1-2.3.1/.content/bin/../lib/gcc/arm-none-eabi/10.3.1/../../../../arm-none-eabi/lib/thumb/v6-m/nofp/libc.a(lib_a-stdio.o)
                0x0000000008006590                __swrite
 .text.__sseek  0x00000000080065d0       0x2c /Users/shanewoods/Library/xPacks/@xpack-dev-tools/arm-none-eabi-gcc/10.3.1-2.3.1/.content/bin/../lib/gcc/arm-none-eabi/10.3.1/../../../../arm-none-eabi/lib/thumb/v6-m/nofp/libc.a(lib_a-stdio.o)
                0x00000000080065d0                __sseek
 .text.__sclose
                0x00000000080065fc        0xc /Users/shanewoods/Library/xPacks/@xpack-dev-tools/arm-none-eabi-gcc/10.3.1-2.3.1/.content/bin/../lib/gcc/arm-none-eabi/10.3.1/../../../../arm-none-eabi/lib/thumb/v6-m/nofp/libc.a(lib_a-stdio.o)
                0x00000000080065fc                __sclose
 .text.__swbuf_r
                0x0000000008006608       0xc8 /Users/shanewoods/Library/xPacks/@xpack-dev-tools/arm-none-eabi-gcc/10.3.1-2.3.1/.content/bin/../lib/gcc/arm-none-eabi/10.3.1/../../../../arm-none-eabi/lib/thumb/v6-m/nofp/libc.a(lib_a-wbuf.o)
                0x0000000008006608                __swbuf_r
 .text._wcrtomb_r
                0x00000000080066d0       0x40 /Users/shanewoods/Library/xPacks/@xpack-dev-tools/arm-none-eabi-gcc/10.3.1-2.3.1/.content/bin/../lib/gcc/arm-none-eabi/10.3.1/../../../../arm-none-eabi/lib/thumb/v6-m/nofp/libc.a(lib_a-wcrtomb.o)
                0x00000000080066d0                _wcrtomb_r
 .text._write_r
                0x0000000008006710       0x28 /Users/shanewoods/Library/xPacks/@xpack-dev-tools/arm-none-eabi-gcc/10.3.1-2.3.1/.content/bin/../lib/gcc/arm-none-eabi/10.3.1/../../../../arm-none-eabi/lib/thumb/v6-m/nofp/libc.a(lib_a-writer.o)
                0x0000000008006710                _write_r
 .text._close_r
                0x0000000008006738       0x24 /Users/shanewoods/Library/xPacks/@xpack-dev-tools/arm-none-eabi-gcc/10.3.1-2.3.1/.content/bin/../lib/gcc/arm-none-eabi/10.3.1/../../../../arm-none-eabi/lib/thumb/v6-m/nofp/libc.a(lib_a-closer.o)
                0x0000000008006738                _close_r
 .text._fclose_r
                0x000000000800675c       0xdc /Users/shanewoods/Library/xPacks/@xpack-dev-tools/arm-none-eabi-gcc/10.3.1-2.3.1/.content/bin/../lib/gcc/arm-none-eabi/10.3.1/../../../../arm-none-eabi/lib/thumb/v6-m/nofp/libc.a(lib_a-fclose.o)
                0x000000000800675c                _fclose_r
 .text._fstat_r
                0x0000000008006838       0x28 /Users/shanewoods/Library/xPacks/@xpack-dev-tools/arm-none-eabi-gcc/10.3.1-2.3.1/.content/bin/../lib/gcc/arm-none-eabi/10.3.1/../../../../arm-none-eabi/lib/thumb/v6-m/nofp/libc.a(lib_a-fstatr.o)
                0x0000000008006838                _fstat_r
 .text._isatty_r
                0x0000000008006860       0x24 /Users/shanewoods/Library/xPacks/@xpack-dev-tools/arm-none-eabi-gcc/10.3.1-2.3.1/.content/bin/../lib/gcc/arm-none-eabi/10.3.1/../../../../arm-none-eabi/lib/thumb/v6-m/nofp/libc.a(lib_a-isattyr.o)
                0x0000000008006860                _isatty_r
 .text._lseek_r
                0x0000000008006884       0x28 /Users/shanewoods/Library/xPacks/@xpack-dev-tools/arm-none-eabi-gcc/10.3.1-2.3.1/.content/bin/../lib/gcc/arm-none-eabi/10.3.1/../../../../arm-none-eabi/lib/thumb/v6-m/nofp/libc.a(lib_a-lseekr.o)
                0x0000000008006884                _lseek_r
 .text._read_r  0x00000000080068ac       0x28 /Users/shanewoods/Library/xPacks/@xpack-dev-tools/arm-none-eabi-gcc/10.3.1-2.3.1/.content/bin/../lib/gcc/arm-none-eabi/10.3.1/../../../../arm-none-eabi/lib/thumb/v6-m/nofp/libc.a(lib_a-readr.o)
                0x00000000080068ac                _read_r
 .text          0x00000000080068d4      0x114 /Users/shanewoods/Library/xPacks/@xpack-dev-tools/arm-none-eabi-gcc/10.3.1-2.3.1/.content/bin/../lib/gcc/arm-none-eabi/10.3.1/thumb/v6-m/nofp/libgcc.a(_udivsi3.o)
                0x00000000080068d4                __udivsi3
                0x00000000080068d4                __aeabi_uidiv
                0x00000000080069e0                __aeabi_uidivmod
 .text          0x00000000080069e8      0x1d4 /Users/shanewoods/Library/xPacks/@xpack-dev-tools/arm-none-eabi-gcc/10.3.1-2.3.1/.content/bin/../lib/gcc/arm-none-eabi/10.3.1/thumb/v6-m/nofp/libgcc.a(_divsi3.o)
                0x00000000080069e8                __aeabi_idiv
                0x00000000080069e8                __divsi3
                0x0000000008006bb4                __aeabi_idivmod
 .text          0x0000000008006bbc        0x4 /Users/shanewoods/Library/xPacks/@xpack-dev-tools/arm-none-eabi-gcc/10.3.1-2.3.1/.content/bin/../lib/gcc/arm-none-eabi/10.3.1/thumb/v6-m/nofp/libgcc.a(_dvmd_tls.o)
                0x0000000008006bbc                __aeabi_ldiv0
                0x0000000008006bbc                __aeabi_idiv0
 .text          0x0000000008006bc0       0x7c /Users/shanewoods/Library/xPacks/@xpack-dev-tools/arm-none-eabi-gcc/10.3.1-2.3.1/.content/bin/../lib/gcc/arm-none-eabi/10.3.1/thumb/v6-m/nofp/libgcc.a(_arm_cmpdf2.o)
                0x0000000008006bc0                __aeabi_cdrcmple
                0x0000000008006bd0                __aeabi_cdcmple
                0x0000000008006bd0                __aeabi_cdcmpeq
                0x0000000008006be0                __aeabi_dcmpeq
                0x0000000008006bec                __aeabi_dcmplt
                0x0000000008006c00                __aeabi_dcmple
                0x0000000008006c14                __aeabi_dcmpgt
                0x0000000008006c28                __aeabi_dcmpge
 .text          0x0000000008006c3c       0x40 /Users/shanewoods/Library/xPacks/@xpack-dev-tools/arm-none-eabi-gcc/10.3.1-2.3.1/.content/bin/../lib/gcc/arm-none-eabi/10.3.1/thumb/v6-m/nofp/libgcc.a(_aeabi_uldivmod.o)
                0x0000000008006c3c                __aeabi_uldivmod
 .text.__udivmoddi4
                0x0000000008006c7c      0x198 /Users/shanewoods/Library/xPacks/@xpack-dev-tools/arm-none-eabi-gcc/10.3.1-2.3.1/.content/bin/../lib/gcc/arm-none-eabi/10.3.1/thumb/v6-m/nofp/libgcc.a(_udivmoddi4.o)
                0x0000000008006c7c                __udivmoddi4
 .text.__aeabi_dadd
                0x0000000008006e14      0x678 /Users/shanewoods/Library/xPacks/@xpack-dev-tools/arm-none-eabi-gcc/10.3.1-2.3.1/.content/bin/../lib/gcc/arm-none-eabi/10.3.1/thumb/v6-m/nofp/libgcc.a(adddf3.o)
                0x0000000008006e14                __aeabi_dadd
 .text.__aeabi_ddiv
                0x000000000800748c      0x5ec /Users/shanewoods/Library/xPacks/@xpack-dev-tools/arm-none-eabi-gcc/10.3.1-2.3.1/.content/bin/../lib/gcc/arm-none-eabi/10.3.1/thumb/v6-m/nofp/libgcc.a(divdf3.o)
                0x000000000800748c                __aeabi_ddiv
 .text.__eqdf2  0x0000000008007a78       0x84 /Users/shanewoods/Library/xPacks/@xpack-dev-tools/arm-none-eabi-gcc/10.3.1-2.3.1/.content/bin/../lib/gcc/arm-none-eabi/10.3.1/thumb/v6-m/nofp/libgcc.a(eqdf2.o)
                0x0000000008007a78                __eqdf2
                0x0000000008007a78                __nedf2
 .text.__gedf2  0x0000000008007afc       0xcc /Users/shanewoods/Library/xPacks/@xpack-dev-tools/arm-none-eabi-gcc/10.3.1-2.3.1/.content/bin/../lib/gcc/arm-none-eabi/10.3.1/thumb/v6-m/nofp/libgcc.a(gedf2.o)
                0x0000000008007afc                __gtdf2
                0x0000000008007afc                __gedf2
 .text.__ledf2  0x0000000008007bc8       0xc8 /Users/shanewoods/Library/xPacks/@xpack-dev-tools/arm-none-eabi-gcc/10.3.1-2.3.1/.content/bin/../lib/gcc/arm-none-eabi/10.3.1/thumb/v6-m/nofp/libgcc.a(ledf2.o)
                0x0000000008007bc8                __ltdf2
                0x0000000008007bc8                __ledf2
 .text.__aeabi_dmul
                0x0000000008007c90      0x4d8 /Users/shanewoods/Library/xPacks/@xpack-dev-tools/arm-none-eabi-gcc/10.3.1-2.3.1/.content/bin/../lib/gcc/arm-none-eabi/10.3.1/thumb/v6-m/nofp/libgcc.a(muldf3.o)
                0x0000000008007c90                __aeabi_dmul
 .text.__aeabi_dsub
                0x0000000008008168      0x724 /Users/shanewoods/Library/xPacks/@xpack-dev-tools/arm-none-eabi-gcc/10.3.1-2.3.1/.content/bin/../lib/gcc/arm-none-eabi/10.3.1/thumb/v6-m/nofp/libgcc.a(subdf3.o)
                0x0000000008008168                __aeabi_dsub
 .text.__aeabi_dcmpun
                0x000000000800888c       0x3c /Users/shanewoods/Library/xPacks/@xpack-dev-tools/arm-none-eabi-gcc/10.3.1-2.3.1/.content/bin/../lib/gcc/arm-none-eabi/10.3.1/thumb/v6-m/nofp/libgcc.a(unorddf2.o)
                0x000000000800888c                __aeabi_dcmpun
 .text.__aeabi_d2iz
                0x00000000080088c8       0x6c /Users/shanewoods/Library/xPacks/@xpack-dev-tools/arm-none-eabi-gcc/10.3.1-2.3.1/.content/bin/../lib/gcc/arm-none-eabi/10.3.1/thumb/v6-m/nofp/libgcc.a(fixdfsi.o)
                0x00000000080088c8                __aeabi_d2iz
 .text.__aeabi_i2d
                0x0000000008008934       0x60 /Users/shanewoods/Library/xPacks/@xpack-dev-tools/arm-none-eabi-gcc/10.3.1-2.3.1/.content/bin/../lib/gcc/arm-none-eabi/10.3.1/thumb/v6-m/nofp/libgcc.a(floatsidf.o)
                0x0000000008008934                __aeabi_i2d
 .text.__aeabi_ui2d
                0x0000000008008994       0x4c /Users/shanewoods/Library/xPacks/@xpack-dev-tools/arm-none-eabi-gcc/10.3.1-2.3.1/.content/bin/../lib/gcc/arm-none-eabi/10.3.1/thumb/v6-m/nofp/libgcc.a(floatunsidf.o)
                0x0000000008008994                __aeabi_ui2d
 .text.__aeabi_f2d
                0x00000000080089e0       0x90 /Users/shanewoods/Library/xPacks/@xpack-dev-tools/arm-none-eabi-gcc/10.3.1-2.3.1/.content/bin/../lib/gcc/arm-none-eabi/10.3.1/thumb/v6-m/nofp/libgcc.a(extendsfdf2.o)
                0x00000000080089e0                __aeabi_f2d
 .text.__aeabi_d2f
                0x0000000008008a70      0x110 /Users/shanewoods/Library/xPacks/@xpack-dev-tools/arm-none-eabi-gcc/10.3.1-2.3.1/.content/bin/../lib/gcc/arm-none-eabi/10.3.1/thumb/v6-m/nofp/libgcc.a(truncdfsf2.o)
                0x0000000008008a70                __aeabi_d2f
 .text.selfrel_offset31
                0x0000000008008b80       0x18 /Users/shanewoods/Library/xPacks/@xpack-dev-tools/arm-none-eabi-gcc/10.3.1-2.3.1/.content/bin/../lib/gcc/arm-none-eabi/10.3.1/thumb/v6-m/nofp/libgcc.a(unwind-arm.o)
 .text.search_EIT_table
                0x0000000008008b98       0x70 /Users/shanewoods/Library/xPacks/@xpack-dev-tools/arm-none-eabi-gcc/10.3.1-2.3.1/.content/bin/../lib/gcc/arm-none-eabi/10.3.1/thumb/v6-m/nofp/libgcc.a(unwind-arm.o)
 .text.__gnu_unwind_get_pr_addr
                0x0000000008008c08       0x2c /Users/shanewoods/Library/xPacks/@xpack-dev-tools/arm-none-eabi-gcc/10.3.1-2.3.1/.content/bin/../lib/gcc/arm-none-eabi/10.3.1/thumb/v6-m/nofp/libgcc.a(unwind-arm.o)
 .text.get_eit_entry
                0x0000000008008c34       0x9c /Users/shanewoods/Library/xPacks/@xpack-dev-tools/arm-none-eabi-gcc/10.3.1-2.3.1/.content/bin/../lib/gcc/arm-none-eabi/10.3.1/thumb/v6-m/nofp/libgcc.a(unwind-arm.o)
 .text.restore_non_core_regs
                0x0000000008008cd0       0x5c /Users/shanewoods/Library/xPacks/@xpack-dev-tools/arm-none-eabi-gcc/10.3.1-2.3.1/.content/bin/../lib/gcc/arm-none-eabi/10.3.1/thumb/v6-m/nofp/libgcc.a(unwind-arm.o)
 .text._Unwind_decode_typeinfo_ptr.constprop.0
                0x0000000008008d2c        0xc /Users/shanewoods/Library/xPacks/@xpack-dev-tools/arm-none-eabi-gcc/10.3.1-2.3.1/.content/bin/../lib/gcc/arm-none-eabi/10.3.1/thumb/v6-m/nofp/libgcc.a(unwind-arm.o)
 .text._Unwind_DebugHook
                0x0000000008008d38        0x4 /Users/shanewoods/Library/xPacks/@xpack-dev-tools/arm-none-eabi-gcc/10.3.1-2.3.1/.content/bin/../lib/gcc/arm-none-eabi/10.3.1/thumb/v6-m/nofp/libgcc.a(unwind-arm.o)
 .text.unwind_phase2
                0x0000000008008d3c       0x3c /Users/shanewoods/Library/xPacks/@xpack-dev-tools/arm-none-eabi-gcc/10.3.1-2.3.1/.content/bin/../lib/gcc/arm-none-eabi/10.3.1/thumb/v6-m/nofp/libgcc.a(unwind-arm.o)
 .text.unwind_phase2_forced
                0x0000000008008d78       0xd0 /Users/shanewoods/Library/xPacks/@xpack-dev-tools/arm-none-eabi-gcc/10.3.1-2.3.1/.content/bin/../lib/gcc/arm-none-eabi/10.3.1/thumb/v6-m/nofp/libgcc.a(unwind-arm.o)
 .text.__gnu_Unwind_RaiseException
                0x0000000008008e48       0x54 /Users/shanewoods/Library/xPacks/@xpack-dev-tools/arm-none-eabi-gcc/10.3.1-2.3.1/.content/bin/../lib/gcc/arm-none-eabi/10.3.1/thumb/v6-m/nofp/libgcc.a(unwind-arm.o)
                0x0000000008008e48                __gnu_Unwind_RaiseException
 .text.__gnu_Unwind_ForcedUnwind
                0x0000000008008e9c       0x14 /Users/shanewoods/Library/xPacks/@xpack-dev-tools/arm-none-eabi-gcc/10.3.1-2.3.1/.content/bin/../lib/gcc/arm-none-eabi/10.3.1/thumb/v6-m/nofp/libgcc.a(unwind-arm.o)
                0x0000000008008e9c                __gnu_Unwind_ForcedUnwind
 .text.__gnu_Unwind_Resume
                0x0000000008008eb0       0x48 /Users/shanewoods/Library/xPacks/@xpack-dev-tools/arm-none-eabi-gcc/10.3.1-2.3.1/.content/bin/../lib/gcc/arm-none-eabi/10.3.1/thumb/v6-m/nofp/libgcc.a(unwind-arm.o)
                0x0000000008008eb0                __gnu_Unwind_Resume
 .text.__gnu_Unwind_Resume_or_Rethrow
                0x0000000008008ef8       0x1c /Users/shanewoods/Library/xPacks/@xpack-dev-tools/arm-none-eabi-gcc/10.3.1-2.3.1/.content/bin/../lib/gcc/arm-none-eabi/10.3.1/thumb/v6-m/nofp/libgcc.a(unwind-arm.o)
                0x0000000008008ef8                __gnu_Unwind_Resume_or_Rethrow
 .text._Unwind_VRS_Get
                0x0000000008008f14       0x34 /Users/shanewoods/Library/xPacks/@xpack-dev-tools/arm-none-eabi-gcc/10.3.1-2.3.1/.content/bin/../lib/gcc/arm-none-eabi/10.3.1/thumb/v6-m/nofp/libgcc.a(unwind-arm.o)
                0x0000000008008f14                _Unwind_VRS_Get
 .text._Unwind_GetGR
                0x0000000008008f48       0x18 /Users/shanewoods/Library/xPacks/@xpack-dev-tools/arm-none-eabi-gcc/10.3.1-2.3.1/.content/bin/../lib/gcc/arm-none-eabi/10.3.1/thumb/v6-m/nofp/libgcc.a(unwind-arm.o)
 .text._Unwind_VRS_Set
                0x0000000008008f60       0x34 /Users/shanewoods/Library/xPacks/@xpack-dev-tools/arm-none-eabi-gcc/10.3.1-2.3.1/.content/bin/../lib/gcc/arm-none-eabi/10.3.1/thumb/v6-m/nofp/libgcc.a(unwind-arm.o)
                0x0000000008008f60                _Unwind_VRS_Set
 .text._Unwind_SetGR
                0x0000000008008f94       0x18 /Users/shanewoods/Library/xPacks/@xpack-dev-tools/arm-none-eabi-gcc/10.3.1-2.3.1/.content/bin/../lib/gcc/arm-none-eabi/10.3.1/thumb/v6-m/nofp/libgcc.a(unwind-arm.o)
 .text.__gnu_Unwind_Backtrace
                0x0000000008008fac       0x70 /Users/shanewoods/Library/xPacks/@xpack-dev-tools/arm-none-eabi-gcc/10.3.1-2.3.1/.content/bin/../lib/gcc/arm-none-eabi/10.3.1/thumb/v6-m/nofp/libgcc.a(unwind-arm.o)
                0x0000000008008fac                __gnu_Unwind_Backtrace
 .text.__gnu_unwind_pr_common
                0x000000000800901c      0x2ec /Users/shanewoods/Library/xPacks/@xpack-dev-tools/arm-none-eabi-gcc/10.3.1-2.3.1/.content/bin/../lib/gcc/arm-none-eabi/10.3.1/thumb/v6-m/nofp/libgcc.a(unwind-arm.o)
 .text.__aeabi_unwind_cpp_pr0
                0x0000000008009308        0xc /Users/shanewoods/Library/xPacks/@xpack-dev-tools/arm-none-eabi-gcc/10.3.1-2.3.1/.content/bin/../lib/gcc/arm-none-eabi/10.3.1/thumb/v6-m/nofp/libgcc.a(unwind-arm.o)
                0x0000000008009308                __aeabi_unwind_cpp_pr0
 .text.__aeabi_unwind_cpp_pr1
                0x0000000008009314        0xc /Users/shanewoods/Library/xPacks/@xpack-dev-tools/arm-none-eabi-gcc/10.3.1-2.3.1/.content/bin/../lib/gcc/arm-none-eabi/10.3.1/thumb/v6-m/nofp/libgcc.a(unwind-arm.o)
                0x0000000008009314                __aeabi_unwind_cpp_pr1
 .text.__aeabi_unwind_cpp_pr2
                0x0000000008009320        0xc /Users/shanewoods/Library/xPacks/@xpack-dev-tools/arm-none-eabi-gcc/10.3.1-2.3.1/.content/bin/../lib/gcc/arm-none-eabi/10.3.1/thumb/v6-m/nofp/libgcc.a(unwind-arm.o)
                0x0000000008009320                __aeabi_unwind_cpp_pr2
 .text._Unwind_VRS_Pop
                0x000000000800932c      0x268 /Users/shanewoods/Library/xPacks/@xpack-dev-tools/arm-none-eabi-gcc/10.3.1-2.3.1/.content/bin/../lib/gcc/arm-none-eabi/10.3.1/thumb/v6-m/nofp/libgcc.a(unwind-arm.o)
                0x000000000800932c                _Unwind_VRS_Pop
 .text          0x0000000008009594      0x144 /Users/shanewoods/Library/xPacks/@xpack-dev-tools/arm-none-eabi-gcc/10.3.1-2.3.1/.content/bin/../lib/gcc/arm-none-eabi/10.3.1/thumb/v6-m/nofp/libgcc.a(libunwind.o)
                0x0000000008009594                __restore_core_regs
                0x0000000008009594                restore_core_regs
                0x00000000080095c0                __gnu_Unwind_Restore_VFP
                0x00000000080095c4                __gnu_Unwind_Save_VFP
                0x00000000080095c8                __gnu_Unwind_Restore_VFP_D
                0x00000000080095cc                __gnu_Unwind_Save_VFP_D
                0x00000000080095d0                __gnu_Unwind_Restore_VFP_D_16_to_31
                0x00000000080095d4                __gnu_Unwind_Save_VFP_D_16_to_31
                0x00000000080095d8                __gnu_Unwind_Restore_WMMXD
                0x00000000080095dc                __gnu_Unwind_Save_WMMXD
                0x00000000080095e0                __gnu_Unwind_Restore_WMMXC
                0x00000000080095e4                __gnu_Unwind_Save_WMMXC
                0x00000000080095e8                _Unwind_RaiseException
                0x00000000080095e8                ___Unwind_RaiseException
                0x0000000008009618                ___Unwind_Resume
                0x0000000008009618                _Unwind_Resume
                0x0000000008009648                ___Unwind_Resume_or_Rethrow
                0x0000000008009648                _Unwind_Resume_or_Rethrow
                0x0000000008009678                _Unwind_ForcedUnwind
                0x0000000008009678                ___Unwind_ForcedUnwind
                0x00000000080096a8                _Unwind_Backtrace
                0x00000000080096a8                ___Unwind_Backtrace
 .text.next_unwind_byte
                0x00000000080096d8       0x34 /Users/shanewoods/Library/xPacks/@xpack-dev-tools/arm-none-eabi-gcc/10.3.1-2.3.1/.content/bin/../lib/gcc/arm-none-eabi/10.3.1/thumb/v6-m/nofp/libgcc.a(pr-support.o)
 .text.__gnu_unwind_execute
                0x000000000800970c      0x2f0 /Users/shanewoods/Library/xPacks/@xpack-dev-tools/arm-none-eabi-gcc/10.3.1-2.3.1/.content/bin/../lib/gcc/arm-none-eabi/10.3.1/thumb/v6-m/nofp/libgcc.a(pr-support.o)
                0x000000000800970c                __gnu_unwind_execute
 .text          0x00000000080099fc       0x3c /Users/shanewoods/Library/xPacks/@xpack-dev-tools/arm-none-eabi-gcc/10.3.1-2.3.1/.content/bin/../lib/gcc/arm-none-eabi/10.3.1/thumb/v6-m/nofp/libgcc.a(_clzsi2.o)
                0x00000000080099fc                __clzsi2
 .text          0x0000000008009a38       0x18 /Users/shanewoods/Library/xPacks/@xpack-dev-tools/arm-none-eabi-gcc/10.3.1-2.3.1/.content/bin/../lib/gcc/arm-none-eabi/10.3.1/thumb/v6-m/nofp/libgcc.a(_clzdi2.o)
                0x0000000008009a38                __clzdi2
 .text._close   0x0000000008009a50       0x10 /Users/shanewoods/Library/xPacks/@xpack-dev-tools/arm-none-eabi-gcc/10.3.1-2.3.1/.content/bin/../lib/gcc/arm-none-eabi/10.3.1/../../../../arm-none-eabi/lib/thumb/v6-m/nofp/libnosys.a(close.o)
                0x0000000008009a50                _close
 .text._fstat   0x0000000008009a60       0x10 /Users/shanewoods/Library/xPacks/@xpack-dev-tools/arm-none-eabi-gcc/10.3.1-2.3.1/.content/bin/../lib/gcc/arm-none-eabi/10.3.1/../../../../arm-none-eabi/lib/thumb/v6-m/nofp/libnosys.a(fstat.o)
                0x0000000008009a60                _fstat
 .text._getpid  0x0000000008009a70       0x10 /Users/shanewoods/Library/xPacks/@xpack-dev-tools/arm-none-eabi-gcc/10.3.1-2.3.1/.content/bin/../lib/gcc/arm-none-eabi/10.3.1/../../../../arm-none-eabi/lib/thumb/v6-m/nofp/libnosys.a(getpid.o)
                0x0000000008009a70                _getpid
 .text._isatty  0x0000000008009a80       0x10 /Users/shanewoods/Library/xPacks/@xpack-dev-tools/arm-none-eabi-gcc/10.3.1-2.3.1/.content/bin/../lib/gcc/arm-none-eabi/10.3.1/../../../../arm-none-eabi/lib/thumb/v6-m/nofp/libnosys.a(isatty.o)
                0x0000000008009a80                _isatty
 .text._kill    0x0000000008009a90       0x10 /Users/shanewoods/Library/xPacks/@xpack-dev-tools/arm-none-eabi-gcc/10.3.1-2.3.1/.content/bin/../lib/gcc/arm-none-eabi/10.3.1/../../../../arm-none-eabi/lib/thumb/v6-m/nofp/libnosys.a(kill.o)
                0x0000000008009a90                _kill
 .text._lseek   0x0000000008009aa0       0x10 /Users/shanewoods/Library/xPacks/@xpack-dev-tools/arm-none-eabi-gcc/10.3.1-2.3.1/.content/bin/../lib/gcc/arm-none-eabi/10.3.1/../../../../arm-none-eabi/lib/thumb/v6-m/nofp/libnosys.a(lseek.o)
                0x0000000008009aa0                _lseek
 .text._read    0x0000000008009ab0       0x10 /Users/shanewoods/Library/xPacks/@xpack-dev-tools/arm-none-eabi-gcc/10.3.1-2.3.1/.content/bin/../lib/gcc/arm-none-eabi/10.3.1/../../../../arm-none-eabi/lib/thumb/v6-m/nofp/libnosys.a(read.o)
                0x0000000008009ab0                _read
 .text._sbrk    0x0000000008009ac0       0x1c /Users/shanewoods/Library/xPacks/@xpack-dev-tools/arm-none-eabi-gcc/10.3.1-2.3.1/.content/bin/../lib/gcc/arm-none-eabi/10.3.1/../../../../arm-none-eabi/lib/thumb/v6-m/nofp/libnosys.a(sbrk.o)
                0x0000000008009ac0                _sbrk
 .text._write   0x0000000008009adc       0x10 /Users/shanewoods/Library/xPacks/@xpack-dev-tools/arm-none-eabi-gcc/10.3.1-2.3.1/.content/bin/../lib/gcc/arm-none-eabi/10.3.1/../../../../arm-none-eabi/lib/thumb/v6-m/nofp/libnosys.a(write.o)
                0x0000000008009adc                _write
 .text._exit    0x0000000008009aec        0x4 /Users/shanewoods/Library/xPacks/@xpack-dev-tools/arm-none-eabi-gcc/10.3.1-2.3.1/.content/bin/../lib/gcc/arm-none-eabi/10.3.1/../../../../arm-none-eabi/lib/thumb/v6-m/nofp/libnosys.a(_exit.o)
                0x0000000008009aec                _exit
                0x0000000008009af0                . = ALIGN (0x4)
 *(.rodata*)
 .rodata.main.str1.1
                0x0000000008009af0       0x26 usart_iadc.o
 *fill*         0x0000000008009b16        0x2 
 .rodata._svfprintf_r.str1.4
                0x0000000008009b18       0x42 /Users/shanewoods/Library/xPacks/@xpack-dev-tools/arm-none-eabi-gcc/10.3.1-2.3.1/.content/bin/../lib/gcc/arm-none-eabi/10.3.1/../../../../arm-none-eabi/lib/thumb/v6-m/nofp/libc.a(lib_a-svfprintf.o)
 *fill*         0x0000000008009b5a        0x2 
 .rodata._svfprintf_r
                0x0000000008009b5c      0x16c /Users/shanewoods/Library/xPacks/@xpack-dev-tools/arm-none-eabi-gcc/10.3.1-2.3.1/.content/bin/../lib/gcc/arm-none-eabi/10.3.1/../../../../arm-none-eabi/lib/thumb/v6-m/nofp/libc.a(lib_a-svfprintf.o)
 .rodata.blanks.1
                0x0000000008009cc8       0x10 /Users/shanewoods/Library/xPacks/@xpack-dev-tools/arm-none-eabi-gcc/10.3.1-2.3.1/.content/bin/../lib/gcc/arm-none-eabi/10.3.1/../../../../arm-none-eabi/lib/thumb/v6-m/nofp/libc.a(lib_a-svfprintf.o)
 .rodata.zeroes.0
                0x0000000008009cd8       0x10 /Users/shanewoods/Library/xPacks/@xpack-dev-tools/arm-none-eabi-gcc/10.3.1-2.3.1/.content/bin/../lib/gcc/arm-none-eabi/10.3.1/../../../../arm-none-eabi/lib/thumb/v6-m/nofp/libc.a(lib_a-svfprintf.o)
 .rodata._dtoa_r.str1.4
                0x0000000008009ce8       0x87 /Users/shanewoods/Library/xPacks/@xpack-dev-tools/arm-none-eabi-gcc/10.3.1-2.3.1/.content/bin/../lib/gcc/arm-none-eabi/10.3.1/../../../../arm-none-eabi/lib/thumb/v6-m/nofp/libc.a(lib_a-dtoa.o)
                                         0x8b (size before relaxing)
 *fill*         0x0000000008009d6f        0x1 
 .rodata.__multadd.str1.4
                0x0000000008009d70       0x64 /Users/shanewoods/Library/xPacks/@xpack-dev-tools/arm-none-eabi-gcc/10.3.1-2.3.1/.content/bin/../lib/gcc/arm-none-eabi/10.3.1/../../../../arm-none-eabi/lib/thumb/v6-m/nofp/libc.a(lib_a-mprec.o)
                                         0x78 (size before relaxing)
 *fill*         0x0000000008009dd4        0x4 
 .rodata.__mprec_bigtens
                0x0000000008009dd8       0x28 /Users/shanewoods/Library/xPacks/@xpack-dev-tools/arm-none-eabi-gcc/10.3.1-2.3.1/.content/bin/../lib/gcc/arm-none-eabi/10.3.1/../../../../arm-none-eabi/lib/thumb/v6-m/nofp/libc.a(lib_a-mprec.o)
                0x0000000008009dd8                __mprec_bigtens
 .rodata.__mprec_tens
                0x0000000008009e00       0xc8 /Users/shanewoods/Library/xPacks/@xpack-dev-tools/arm-none-eabi-gcc/10.3.1-2.3.1/.content/bin/../lib/gcc/arm-none-eabi/10.3.1/../../../../arm-none-eabi/lib/thumb/v6-m/nofp/libc.a(lib_a-mprec.o)
                0x0000000008009e00                __mprec_tens
 .rodata.p05.0  0x0000000008009ec8        0xc /Users/shanewoods/Library/xPacks/@xpack-dev-tools/arm-none-eabi-gcc/10.3.1-2.3.1/.content/bin/../lib/gcc/arm-none-eabi/10.3.1/../../../../arm-none-eabi/lib/thumb/v6-m/nofp/libc.a(lib_a-mprec.o)
 .rodata.__assert_func.str1.4
                0x0000000008009ed4       0x3f /Users/shanewoods/Library/xPacks/@xpack-dev-tools/arm-none-eabi-gcc/10.3.1-2.3.1/.content/bin/../lib/gcc/arm-none-eabi/10.3.1/../../../../arm-none-eabi/lib/thumb/v6-m/nofp/libc.a(lib_a-assert.o)
                                         0x43 (size before relaxing)
 *fill*         0x0000000008009f13        0x1 
 .rodata._setlocale_r.str1.4
                0x0000000008009f14        0xa /Users/shanewoods/Library/xPacks/@xpack-dev-tools/arm-none-eabi-gcc/10.3.1-2.3.1/.content/bin/../lib/gcc/arm-none-eabi/10.3.1/../../../../arm-none-eabi/lib/thumb/v6-m/nofp/libc.a(lib_a-locale.o)
                                          0xd (size before relaxing)
 *fill*         0x0000000008009f1e        0x2 
 .rodata.str1.4
                0x0000000008009f20        0x2 /Users/shanewoods/Library/xPacks/@xpack-dev-tools/arm-none-eabi-gcc/10.3.1-2.3.1/.content/bin/../lib/gcc/arm-none-eabi/10.3.1/../../../../arm-none-eabi/lib/thumb/v6-m/nofp/libc.a(lib_a-locale.o)
 .rodata._vfiprintf_r.str1.4
                0x0000000008009f22       0x2f /Users/shanewoods/Library/xPacks/@xpack-dev-tools/arm-none-eabi-gcc/10.3.1-2.3.1/.content/bin/../lib/gcc/arm-none-eabi/10.3.1/../../../../arm-none-eabi/lib/thumb/v6-m/nofp/libc.a(lib_a-vfiprintf.o)
 *fill*         0x0000000008009f22        0x2 
 .rodata._vfiprintf_r
                0x0000000008009f24      0x16c /Users/shanewoods/Library/xPacks/@xpack-dev-tools/arm-none-eabi-gcc/10.3.1-2.3.1/.content/bin/../lib/gcc/arm-none-eabi/10.3.1/../../../../arm-none-eabi/lib/thumb/v6-m/nofp/libc.a(lib_a-vfiprintf.o)
 .rodata.blanks.1
                0x000000000800a090       0x10 /Users/shanewoods/Library/xPacks/@xpack-dev-tools/arm-none-eabi-gcc/10.3.1-2.3.1/.content/bin/../lib/gcc/arm-none-eabi/10.3.1/../../../../arm-none-eabi/lib/thumb/v6-m/nofp/libc.a(lib_a-vfiprintf.o)
 .rodata.zeroes.0
                0x000000000800a0a0       0x10 /Users/shanewoods/Library/xPacks/@xpack-dev-tools/arm-none-eabi-gcc/10.3.1-2.3.1/.content/bin/../lib/gcc/arm-none-eabi/10.3.1/../../../../arm-none-eabi/lib/thumb/v6-m/nofp/libc.a(lib_a-vfiprintf.o)
 .rodata._ctype_
                0x000000000800a0b0      0x101 /Users/shanewoods/Library/xPacks/@xpack-dev-tools/arm-none-eabi-gcc/10.3.1-2.3.1/.content/bin/../lib/gcc/arm-none-eabi/10.3.1/../../../../arm-none-eabi/lib/thumb/v6-m/nofp/libc.a(lib_a-ctype_.o)
                0x000000000800a0b0                _ctype_
 *fill*         0x000000000800a1b1        0x3 
 .rodata.__aeabi_ddiv
                0x000000000800a1b4       0x40 /Users/shanewoods/Library/xPacks/@xpack-dev-tools/arm-none-eabi-gcc/10.3.1-2.3.1/.content/bin/../lib/gcc/arm-none-eabi/10.3.1/thumb/v6-m/nofp/libgcc.a(divdf3.o)
 .rodata.__aeabi_dmul
                0x000000000800a1f4       0x40 /Users/shanewoods/Library/xPacks/@xpack-dev-tools/arm-none-eabi-gcc/10.3.1-2.3.1/.content/bin/../lib/gcc/arm-none-eabi/10.3.1/thumb/v6-m/nofp/libgcc.a(muldf3.o)
                0x000000000800a234                . = ALIGN (0x4)

.glue_7         0x000000000800a234        0x0
 .glue_7        0x000000000800a234        0x0 linker stubs

.glue_7t        0x000000000800a234        0x0
 .glue_7t       0x000000000800a234        0x0 linker stubs

.vfp11_veneer   0x000000000800a234        0x0
 .vfp11_veneer  0x000000000800a234        0x0 linker stubs

.v4_bx          0x000000000800a234        0x0
 .v4_bx         0x000000000800a234        0x0 linker stubs

.iplt           0x000000000800a234        0x0
 .iplt          0x000000000800a234        0x0 usart_iadc.o

.preinit_array  0x000000000800a234        0x0
                0x000000000800a234                . = ALIGN (0x4)
                0x000000000800a234                __preinit_array_start = .
 *(.preinit_array)
                0x000000000800a234                __preinit_array_end = .

.init_array     0x000000000800a234        0x0
                0x000000000800a234                . = ALIGN (0x4)
                0x000000000800a234                __init_array_start = .
 *(SORT_BY_NAME(.init_array.*))
 *(.init_array)
                0x000000000800a234                __init_array_end = .

.fini_array     0x000000000800a234        0x0
                0x000000000800a234                . = ALIGN (0x4)
                0x000000000800a234                __fini_array_start = .
 *(.fini_array)
 *(SORT_BY_NAME(.fini_array.*))
                0x000000000800a234                __fini_array_end = .

.ARM.extab      0x000000000800a234      0x114
 *(.ARM.extab*)
 .ARM.extab.text._svfprintf_r
                0x000000000800a234        0xc /Users/shanewoods/Library/xPacks/@xpack-dev-tools/arm-none-eabi-gcc/10.3.1-2.3.1/.content/bin/../lib/gcc/arm-none-eabi/10.3.1/../../../../arm-none-eabi/lib/thumb/v6-m/nofp/libc.a(lib_a-svfprintf.o)
 .ARM.extab.text.quorem
                0x000000000800a240        0xc /Users/shanewoods/Library/xPacks/@xpack-dev-tools/arm-none-eabi-gcc/10.3.1-2.3.1/.content/bin/../lib/gcc/arm-none-eabi/10.3.1/../../../../arm-none-eabi/lib/thumb/v6-m/nofp/libc.a(lib_a-dtoa.o)
 .ARM.extab.text._dtoa_r
                0x000000000800a24c        0xc /Users/shanewoods/Library/xPacks/@xpack-dev-tools/arm-none-eabi-gcc/10.3.1-2.3.1/.content/bin/../lib/gcc/arm-none-eabi/10.3.1/../../../../arm-none-eabi/lib/thumb/v6-m/nofp/libc.a(lib_a-dtoa.o)
 .ARM.extab.text._malloc_r
                0x000000000800a258        0xc /Users/shanewoods/Library/xPacks/@xpack-dev-tools/arm-none-eabi-gcc/10.3.1-2.3.1/.content/bin/../lib/gcc/arm-none-eabi/10.3.1/../../../../arm-none-eabi/lib/thumb/v6-m/nofp/libc.a(lib_a-mallocr.o)
 .ARM.extab.text.__multiply
                0x000000000800a264        0xc /Users/shanewoods/Library/xPacks/@xpack-dev-tools/arm-none-eabi-gcc/10.3.1-2.3.1/.content/bin/../lib/gcc/arm-none-eabi/10.3.1/../../../../arm-none-eabi/lib/thumb/v6-m/nofp/libc.a(lib_a-mprec.o)
 .ARM.extab.text.__pow5mult
                0x000000000800a270        0xc /Users/shanewoods/Library/xPacks/@xpack-dev-tools/arm-none-eabi-gcc/10.3.1-2.3.1/.content/bin/../lib/gcc/arm-none-eabi/10.3.1/../../../../arm-none-eabi/lib/thumb/v6-m/nofp/libc.a(lib_a-mprec.o)
 .ARM.extab.text.__lshift
                0x000000000800a27c        0xc /Users/shanewoods/Library/xPacks/@xpack-dev-tools/arm-none-eabi-gcc/10.3.1-2.3.1/.content/bin/../lib/gcc/arm-none-eabi/10.3.1/../../../../arm-none-eabi/lib/thumb/v6-m/nofp/libc.a(lib_a-mprec.o)
 .ARM.extab.text.__mdiff
                0x000000000800a288        0xc /Users/shanewoods/Library/xPacks/@xpack-dev-tools/arm-none-eabi-gcc/10.3.1-2.3.1/.content/bin/../lib/gcc/arm-none-eabi/10.3.1/../../../../arm-none-eabi/lib/thumb/v6-m/nofp/libc.a(lib_a-mprec.o)
 .ARM.extab.text.__ssprint_r
                0x000000000800a294        0xc /Users/shanewoods/Library/xPacks/@xpack-dev-tools/arm-none-eabi-gcc/10.3.1-2.3.1/.content/bin/../lib/gcc/arm-none-eabi/10.3.1/../../../../arm-none-eabi/lib/thumb/v6-m/nofp/libc.a(lib_a-svfiprintf.o)
 .ARM.extab.text.fiprintf
                0x000000000800a2a0        0xc /Users/shanewoods/Library/xPacks/@xpack-dev-tools/arm-none-eabi-gcc/10.3.1-2.3.1/.content/bin/../lib/gcc/arm-none-eabi/10.3.1/../../../../arm-none-eabi/lib/thumb/v6-m/nofp/libc.a(lib_a-fiprintf.o)
 .ARM.extab.text._realloc_r
                0x000000000800a2ac        0xc /Users/shanewoods/Library/xPacks/@xpack-dev-tools/arm-none-eabi-gcc/10.3.1-2.3.1/.content/bin/../lib/gcc/arm-none-eabi/10.3.1/../../../../arm-none-eabi/lib/thumb/v6-m/nofp/libc.a(lib_a-reallocr.o)
 .ARM.extab.text.__sprint_r.part.0
                0x000000000800a2b8        0xc /Users/shanewoods/Library/xPacks/@xpack-dev-tools/arm-none-eabi-gcc/10.3.1-2.3.1/.content/bin/../lib/gcc/arm-none-eabi/10.3.1/../../../../arm-none-eabi/lib/thumb/v6-m/nofp/libc.a(lib_a-vfiprintf.o)
 .ARM.extab.text._vfiprintf_r
                0x000000000800a2c4        0xc /Users/shanewoods/Library/xPacks/@xpack-dev-tools/arm-none-eabi-gcc/10.3.1-2.3.1/.content/bin/../lib/gcc/arm-none-eabi/10.3.1/../../../../arm-none-eabi/lib/thumb/v6-m/nofp/libc.a(lib_a-vfiprintf.o)
 .ARM.extab.text.__sbprintf
                0x000000000800a2d0        0xc /Users/shanewoods/Library/xPacks/@xpack-dev-tools/arm-none-eabi-gcc/10.3.1-2.3.1/.content/bin/../lib/gcc/arm-none-eabi/10.3.1/../../../../arm-none-eabi/lib/thumb/v6-m/nofp/libc.a(lib_a-vfiprintf.o)
 .ARM.extab.text.__sinit
                0x000000000800a2dc        0xc /Users/shanewoods/Library/xPacks/@xpack-dev-tools/arm-none-eabi-gcc/10.3.1-2.3.1/.content/bin/../lib/gcc/arm-none-eabi/10.3.1/../../../../arm-none-eabi/lib/thumb/v6-m/nofp/libc.a(lib_a-findfp.o)
 .ARM.extab.text.__fputwc
                0x000000000800a2e8        0xc /Users/shanewoods/Library/xPacks/@xpack-dev-tools/arm-none-eabi-gcc/10.3.1-2.3.1/.content/bin/../lib/gcc/arm-none-eabi/10.3.1/../../../../arm-none-eabi/lib/thumb/v6-m/nofp/libc.a(lib_a-fputwc.o)
 .ARM.extab.text.__sfvwrite_r
                0x000000000800a2f4        0xc /Users/shanewoods/Library/xPacks/@xpack-dev-tools/arm-none-eabi-gcc/10.3.1-2.3.1/.content/bin/../lib/gcc/arm-none-eabi/10.3.1/../../../../arm-none-eabi/lib/thumb/v6-m/nofp/libc.a(lib_a-fvwrite.o)
 .ARM.extab.text._fwalk_reent
                0x000000000800a300        0xc /Users/shanewoods/Library/xPacks/@xpack-dev-tools/arm-none-eabi-gcc/10.3.1-2.3.1/.content/bin/../lib/gcc/arm-none-eabi/10.3.1/../../../../arm-none-eabi/lib/thumb/v6-m/nofp/libc.a(lib_a-fwalk.o)
 .ARM.extab.text.__smakebuf_r
                0x000000000800a30c        0xc /Users/shanewoods/Library/xPacks/@xpack-dev-tools/arm-none-eabi-gcc/10.3.1-2.3.1/.content/bin/../lib/gcc/arm-none-eabi/10.3.1/../../../../arm-none-eabi/lib/thumb/v6-m/nofp/libc.a(lib_a-makebuf.o)
 .ARM.extab.text.unwind_phase2_forced
                0x000000000800a318        0xc /Users/shanewoods/Library/xPacks/@xpack-dev-tools/arm-none-eabi-gcc/10.3.1-2.3.1/.content/bin/../lib/gcc/arm-none-eabi/10.3.1/thumb/v6-m/nofp/libgcc.a(unwind-arm.o)
 .ARM.extab.text.__gnu_unwind_pr_common
                0x000000000800a324        0xc /Users/shanewoods/Library/xPacks/@xpack-dev-tools/arm-none-eabi-gcc/10.3.1-2.3.1/.content/bin/../lib/gcc/arm-none-eabi/10.3.1/thumb/v6-m/nofp/libgcc.a(unwind-arm.o)
 .ARM.extab.text._Unwind_VRS_Pop
                0x000000000800a330        0xc /Users/shanewoods/Library/xPacks/@xpack-dev-tools/arm-none-eabi-gcc/10.3.1-2.3.1/.content/bin/../lib/gcc/arm-none-eabi/10.3.1/thumb/v6-m/nofp/libgcc.a(unwind-arm.o)
 .ARM.extab.text.__gnu_unwind_execute
                0x000000000800a33c        0xc /Users/shanewoods/Library/xPacks/@xpack-dev-tools/arm-none-eabi-gcc/10.3.1-2.3.1/.content/bin/../lib/gcc/arm-none-eabi/10.3.1/thumb/v6-m/nofp/libgcc.a(pr-support.o)

.ARM.exidx      0x000000000800a348      0x270
                0x000000000800a348                __exidx_start = .
 *(.ARM.exidx*)
 .ARM.exidx.text.memcpy
                0x000000000800a348        0x8 /Users/shanewoods/Library/xPacks/@xpack-dev-tools/arm-none-eabi-gcc/10.3.1-2.3.1/.content/bin/../lib/gcc/arm-none-eabi/10.3.1/../../../../arm-none-eabi/lib/thumb/v6-m/nofp/libc.a(lib_a-memcpy-stub.o)
 .ARM.exidx.text.snprintf
                0x000000000800a350        0x8 /Users/shanewoods/Library/xPacks/@xpack-dev-tools/arm-none-eabi-gcc/10.3.1-2.3.1/.content/bin/../lib/gcc/arm-none-eabi/10.3.1/../../../../arm-none-eabi/lib/thumb/v6-m/nofp/libc.a(lib_a-snprintf.o)
 .ARM.exidx.text.strlen
                0x000000000800a358        0x8 /Users/shanewoods/Library/xPacks/@xpack-dev-tools/arm-none-eabi-gcc/10.3.1-2.3.1/.content/bin/../lib/gcc/arm-none-eabi/10.3.1/../../../../arm-none-eabi/lib/thumb/v6-m/nofp/libc.a(lib_a-strlen-stub.o)
 .ARM.exidx.text._svfprintf_r
                0x000000000800a360        0x8 /Users/shanewoods/Library/xPacks/@xpack-dev-tools/arm-none-eabi-gcc/10.3.1-2.3.1/.content/bin/../lib/gcc/arm-none-eabi/10.3.1/../../../../arm-none-eabi/lib/thumb/v6-m/nofp/libc.a(lib_a-svfprintf.o)
 .ARM.exidx.text.quorem
                0x000000000800a368        0x8 /Users/shanewoods/Library/xPacks/@xpack-dev-tools/arm-none-eabi-gcc/10.3.1-2.3.1/.content/bin/../lib/gcc/arm-none-eabi/10.3.1/../../../../arm-none-eabi/lib/thumb/v6-m/nofp/libc.a(lib_a-dtoa.o)
 .ARM.exidx.text._dtoa_r
                0x000000000800a370        0x8 /Users/shanewoods/Library/xPacks/@xpack-dev-tools/arm-none-eabi-gcc/10.3.1-2.3.1/.content/bin/../lib/gcc/arm-none-eabi/10.3.1/../../../../arm-none-eabi/lib/thumb/v6-m/nofp/libc.a(lib_a-dtoa.o)
 .ARM.exidx.text._malloc_trim_r
                0x000000000800a378        0x8 /Users/shanewoods/Library/xPacks/@xpack-dev-tools/arm-none-eabi-gcc/10.3.1-2.3.1/.content/bin/../lib/gcc/arm-none-eabi/10.3.1/../../../../arm-none-eabi/lib/thumb/v6-m/nofp/libc.a(lib_a-freer.o)
 .ARM.exidx.text._free_r
                0x000000000800a380        0x8 /Users/shanewoods/Library/xPacks/@xpack-dev-tools/arm-none-eabi-gcc/10.3.1-2.3.1/.content/bin/../lib/gcc/arm-none-eabi/10.3.1/../../../../arm-none-eabi/lib/thumb/v6-m/nofp/libc.a(lib_a-freer.o)
 .ARM.exidx.text._localeconv_r
                0x000000000800a388        0x8 /Users/shanewoods/Library/xPacks/@xpack-dev-tools/arm-none-eabi-gcc/10.3.1-2.3.1/.content/bin/../lib/gcc/arm-none-eabi/10.3.1/../../../../arm-none-eabi/lib/thumb/v6-m/nofp/libc.a(lib_a-localeconv.o)
 .ARM.exidx.text._malloc_r
                0x000000000800a390        0x8 /Users/shanewoods/Library/xPacks/@xpack-dev-tools/arm-none-eabi-gcc/10.3.1-2.3.1/.content/bin/../lib/gcc/arm-none-eabi/10.3.1/../../../../arm-none-eabi/lib/thumb/v6-m/nofp/libc.a(lib_a-mallocr.o)
 .ARM.exidx.text.memchr
                0x000000000800a398        0x8 /Users/shanewoods/Library/xPacks/@xpack-dev-tools/arm-none-eabi-gcc/10.3.1-2.3.1/.content/bin/../lib/gcc/arm-none-eabi/10.3.1/../../../../arm-none-eabi/lib/thumb/v6-m/nofp/libc.a(lib_a-memchr-stub.o)
 .ARM.exidx.text.__malloc_lock
                0x000000000800a3a0        0x8 /Users/shanewoods/Library/xPacks/@xpack-dev-tools/arm-none-eabi-gcc/10.3.1-2.3.1/.content/bin/../lib/gcc/arm-none-eabi/10.3.1/../../../../arm-none-eabi/lib/thumb/v6-m/nofp/libc.a(lib_a-mlock.o)
 .ARM.exidx.text.__malloc_unlock
                0x000000000800a3a8        0x0 /Users/shanewoods/Library/xPacks/@xpack-dev-tools/arm-none-eabi-gcc/10.3.1-2.3.1/.content/bin/../lib/gcc/arm-none-eabi/10.3.1/../../../../arm-none-eabi/lib/thumb/v6-m/nofp/libc.a(lib_a-mlock.o)
                                          0x8 (size before relaxing)
 .ARM.exidx.text._Balloc
                0x000000000800a3a8        0x8 /Users/shanewoods/Library/xPacks/@xpack-dev-tools/arm-none-eabi-gcc/10.3.1-2.3.1/.content/bin/../lib/gcc/arm-none-eabi/10.3.1/../../../../arm-none-eabi/lib/thumb/v6-m/nofp/libc.a(lib_a-mprec.o)
 .ARM.exidx.text._Bfree
                0x000000000800a3b0        0x8 /Users/shanewoods/Library/xPacks/@xpack-dev-tools/arm-none-eabi-gcc/10.3.1-2.3.1/.content/bin/../lib/gcc/arm-none-eabi/10.3.1/../../../../arm-none-eabi/lib/thumb/v6-m/nofp/libc.a(lib_a-mprec.o)
 .ARM.exidx.text.__multadd
                0x000000000800a3b8        0x8 /Users/shanewoods/Library/xPacks/@xpack-dev-tools/arm-none-eabi-gcc/10.3.1-2.3.1/.content/bin/../lib/gcc/arm-none-eabi/10.3.1/../../../../arm-none-eabi/lib/thumb/v6-m/nofp/libc.a(lib_a-mprec.o)
 .ARM.exidx.text.__hi0bits
                0x000000000800a3c0        0x8 /Users/shanewoods/Library/xPacks/@xpack-dev-tools/arm-none-eabi-gcc/10.3.1-2.3.1/.content/bin/../lib/gcc/arm-none-eabi/10.3.1/../../../../arm-none-eabi/lib/thumb/v6-m/nofp/libc.a(lib_a-mprec.o)
 .ARM.exidx.text.__lo0bits
                0x000000000800a3c8        0x0 /Users/shanewoods/Library/xPacks/@xpack-dev-tools/arm-none-eabi-gcc/10.3.1-2.3.1/.content/bin/../lib/gcc/arm-none-eabi/10.3.1/../../../../arm-none-eabi/lib/thumb/v6-m/nofp/libc.a(lib_a-mprec.o)
                                          0x8 (size before relaxing)
 .ARM.exidx.text.__i2b
                0x000000000800a3c8        0x8 /Users/shanewoods/Library/xPacks/@xpack-dev-tools/arm-none-eabi-gcc/10.3.1-2.3.1/.content/bin/../lib/gcc/arm-none-eabi/10.3.1/../../../../arm-none-eabi/lib/thumb/v6-m/nofp/libc.a(lib_a-mprec.o)
 .ARM.exidx.text.__multiply
                0x000000000800a3d0        0x8 /Users/shanewoods/Library/xPacks/@xpack-dev-tools/arm-none-eabi-gcc/10.3.1-2.3.1/.content/bin/../lib/gcc/arm-none-eabi/10.3.1/../../../../arm-none-eabi/lib/thumb/v6-m/nofp/libc.a(lib_a-mprec.o)
 .ARM.exidx.text.__pow5mult
                0x000000000800a3d8        0x8 /Users/shanewoods/Library/xPacks/@xpack-dev-tools/arm-none-eabi-gcc/10.3.1-2.3.1/.content/bin/../lib/gcc/arm-none-eabi/10.3.1/../../../../arm-none-eabi/lib/thumb/v6-m/nofp/libc.a(lib_a-mprec.o)
 .ARM.exidx.text.__lshift
                0x000000000800a3e0        0x8 /Users/shanewoods/Library/xPacks/@xpack-dev-tools/arm-none-eabi-gcc/10.3.1-2.3.1/.content/bin/../lib/gcc/arm-none-eabi/10.3.1/../../../../arm-none-eabi/lib/thumb/v6-m/nofp/libc.a(lib_a-mprec.o)
 .ARM.exidx.text.__mcmp
                0x000000000800a3e8        0x8 /Users/shanewoods/Library/xPacks/@xpack-dev-tools/arm-none-eabi-gcc/10.3.1-2.3.1/.content/bin/../lib/gcc/arm-none-eabi/10.3.1/../../../../arm-none-eabi/lib/thumb/v6-m/nofp/libc.a(lib_a-mprec.o)
 .ARM.exidx.text.__mdiff
                0x000000000800a3f0        0x8 /Users/shanewoods/Library/xPacks/@xpack-dev-tools/arm-none-eabi-gcc/10.3.1-2.3.1/.content/bin/../lib/gcc/arm-none-eabi/10.3.1/../../../../arm-none-eabi/lib/thumb/v6-m/nofp/libc.a(lib_a-mprec.o)
 .ARM.exidx.text.__d2b
                0x000000000800a3f8        0x8 /Users/shanewoods/Library/xPacks/@xpack-dev-tools/arm-none-eabi-gcc/10.3.1-2.3.1/.content/bin/../lib/gcc/arm-none-eabi/10.3.1/../../../../arm-none-eabi/lib/thumb/v6-m/nofp/libc.a(lib_a-mprec.o)
 .ARM.exidx.text.frexp
                0x000000000800a400        0x8 /Users/shanewoods/Library/xPacks/@xpack-dev-tools/arm-none-eabi-gcc/10.3.1-2.3.1/.content/bin/../lib/gcc/arm-none-eabi/10.3.1/../../../../arm-none-eabi/lib/thumb/v6-m/nofp/libc.a(lib_a-s_frexp.o)
 .ARM.exidx.text._sbrk_r
                0x000000000800a408        0x8 /Users/shanewoods/Library/xPacks/@xpack-dev-tools/arm-none-eabi-gcc/10.3.1-2.3.1/.content/bin/../lib/gcc/arm-none-eabi/10.3.1/../../../../arm-none-eabi/lib/thumb/v6-m/nofp/libc.a(lib_a-sbrkr.o)
 .ARM.exidx.text.strncpy
                0x000000000800a410        0x8 /Users/shanewoods/Library/xPacks/@xpack-dev-tools/arm-none-eabi-gcc/10.3.1-2.3.1/.content/bin/../lib/gcc/arm-none-eabi/10.3.1/../../../../arm-none-eabi/lib/thumb/v6-m/nofp/libc.a(lib_a-strncpy.o)
 .ARM.exidx.text.__ssprint_r
                0x000000000800a418        0x8 /Users/shanewoods/Library/xPacks/@xpack-dev-tools/arm-none-eabi-gcc/10.3.1-2.3.1/.content/bin/../lib/gcc/arm-none-eabi/10.3.1/../../../../arm-none-eabi/lib/thumb/v6-m/nofp/libc.a(lib_a-svfiprintf.o)
 .ARM.exidx.text.__assert_func
                0x000000000800a420        0x8 /Users/shanewoods/Library/xPacks/@xpack-dev-tools/arm-none-eabi-gcc/10.3.1-2.3.1/.content/bin/../lib/gcc/arm-none-eabi/10.3.1/../../../../arm-none-eabi/lib/thumb/v6-m/nofp/libc.a(lib_a-assert.o)
 .ARM.exidx.text._calloc_r
                0x000000000800a428        0x8 /Users/shanewoods/Library/xPacks/@xpack-dev-tools/arm-none-eabi-gcc/10.3.1-2.3.1/.content/bin/../lib/gcc/arm-none-eabi/10.3.1/../../../../arm-none-eabi/lib/thumb/v6-m/nofp/libc.a(lib_a-callocr.o)
 .ARM.exidx.text.__errno
                0x000000000800a430        0x8 /Users/shanewoods/Library/xPacks/@xpack-dev-tools/arm-none-eabi-gcc/10.3.1-2.3.1/.content/bin/../lib/gcc/arm-none-eabi/10.3.1/../../../../arm-none-eabi/lib/thumb/v6-m/nofp/libc.a(lib_a-errno.o)
 .ARM.exidx.text.fiprintf
                0x000000000800a438        0x8 /Users/shanewoods/Library/xPacks/@xpack-dev-tools/arm-none-eabi-gcc/10.3.1-2.3.1/.content/bin/../lib/gcc/arm-none-eabi/10.3.1/../../../../arm-none-eabi/lib/thumb/v6-m/nofp/libc.a(lib_a-fiprintf.o)
 .ARM.exidx.text.__locale_mb_cur_max
                0x000000000800a440        0x8 /Users/shanewoods/Library/xPacks/@xpack-dev-tools/arm-none-eabi-gcc/10.3.1-2.3.1/.content/bin/../lib/gcc/arm-none-eabi/10.3.1/../../../../arm-none-eabi/lib/thumb/v6-m/nofp/libc.a(lib_a-locale.o)
 .ARM.exidx.text.__retarget_lock_init_recursive
                0x000000000800a448        0x0 /Users/shanewoods/Library/xPacks/@xpack-dev-tools/arm-none-eabi-gcc/10.3.1-2.3.1/.content/bin/../lib/gcc/arm-none-eabi/10.3.1/../../../../arm-none-eabi/lib/thumb/v6-m/nofp/libc.a(lib_a-lock.o)
                                          0x8 (size before relaxing)
 .ARM.exidx.text.__retarget_lock_close_recursive
                0x000000000800a448        0x0 /Users/shanewoods/Library/xPacks/@xpack-dev-tools/arm-none-eabi-gcc/10.3.1-2.3.1/.content/bin/../lib/gcc/arm-none-eabi/10.3.1/../../../../arm-none-eabi/lib/thumb/v6-m/nofp/libc.a(lib_a-lock.o)
                                          0x8 (size before relaxing)
 .ARM.exidx.text.__retarget_lock_acquire_recursive
                0x000000000800a448        0x0 /Users/shanewoods/Library/xPacks/@xpack-dev-tools/arm-none-eabi-gcc/10.3.1-2.3.1/.content/bin/../lib/gcc/arm-none-eabi/10.3.1/../../../../arm-none-eabi/lib/thumb/v6-m/nofp/libc.a(lib_a-lock.o)
                                          0x8 (size before relaxing)
 .ARM.exidx.text.__retarget_lock_release_recursive
                0x000000000800a448        0x0 /Users/shanewoods/Library/xPacks/@xpack-dev-tools/arm-none-eabi-gcc/10.3.1-2.3.1/.content/bin/../lib/gcc/arm-none-eabi/10.3.1/../../../../arm-none-eabi/lib/thumb/v6-m/nofp/libc.a(lib_a-lock.o)
                                          0x8 (size before relaxing)
 .ARM.exidx.text.__ascii_mbtowc
                0x000000000800a448        0x0 /Users/shanewoods/Library/xPacks/@xpack-dev-tools/arm-none-eabi-gcc/10.3.1-2.3.1/.content/bin/../lib/gcc/arm-none-eabi/10.3.1/../../../../arm-none-eabi/lib/thumb/v6-m/nofp/libc.a(lib_a-mbtowc_r.o)
                                          0x8 (size before relaxing)
 .ARM.exidx.text.memmove
                0x000000000800a448        0x0 /Users/shanewoods/Library/xPacks/@xpack-dev-tools/arm-none-eabi-gcc/10.3.1-2.3.1/.content/bin/../lib/gcc/arm-none-eabi/10.3.1/../../../../arm-none-eabi/lib/thumb/v6-m/nofp/libc.a(lib_a-memmove.o)
                                          0x8 (size before relaxing)
 .ARM.exidx.text.memset
                0x000000000800a448        0x0 /Users/shanewoods/Library/xPacks/@xpack-dev-tools/arm-none-eabi-gcc/10.3.1-2.3.1/.content/bin/../lib/gcc/arm-none-eabi/10.3.1/../../../../arm-none-eabi/lib/thumb/v6-m/nofp/libc.a(lib_a-memset.o)
                                          0x8 (size before relaxing)
 .ARM.exidx.text._realloc_r
                0x000000000800a448        0x8 /Users/shanewoods/Library/xPacks/@xpack-dev-tools/arm-none-eabi-gcc/10.3.1-2.3.1/.content/bin/../lib/gcc/arm-none-eabi/10.3.1/../../../../arm-none-eabi/lib/thumb/v6-m/nofp/libc.a(lib_a-reallocr.o)
 .ARM.exidx.text.__sprint_r.part.0
                0x000000000800a450        0x8 /Users/shanewoods/Library/xPacks/@xpack-dev-tools/arm-none-eabi-gcc/10.3.1-2.3.1/.content/bin/../lib/gcc/arm-none-eabi/10.3.1/../../../../arm-none-eabi/lib/thumb/v6-m/nofp/libc.a(lib_a-vfiprintf.o)
 .ARM.exidx.text._vfiprintf_r
                0x000000000800a458        0x8 /Users/shanewoods/Library/xPacks/@xpack-dev-tools/arm-none-eabi-gcc/10.3.1-2.3.1/.content/bin/../lib/gcc/arm-none-eabi/10.3.1/../../../../arm-none-eabi/lib/thumb/v6-m/nofp/libc.a(lib_a-vfiprintf.o)
 .ARM.exidx.text.__sbprintf
                0x000000000800a460        0x8 /Users/shanewoods/Library/xPacks/@xpack-dev-tools/arm-none-eabi-gcc/10.3.1-2.3.1/.content/bin/../lib/gcc/arm-none-eabi/10.3.1/../../../../arm-none-eabi/lib/thumb/v6-m/nofp/libc.a(lib_a-vfiprintf.o)
 .ARM.exidx.text.__ascii_wctomb
                0x000000000800a468        0x8 /Users/shanewoods/Library/xPacks/@xpack-dev-tools/arm-none-eabi-gcc/10.3.1-2.3.1/.content/bin/../lib/gcc/arm-none-eabi/10.3.1/../../../../arm-none-eabi/lib/thumb/v6-m/nofp/libc.a(lib_a-wctomb_r.o)
 .ARM.exidx.text.__swsetup_r
                0x000000000800a470        0x8 /Users/shanewoods/Library/xPacks/@xpack-dev-tools/arm-none-eabi-gcc/10.3.1-2.3.1/.content/bin/../lib/gcc/arm-none-eabi/10.3.1/../../../../arm-none-eabi/lib/thumb/v6-m/nofp/libc.a(lib_a-wsetup.o)
 .ARM.exidx.text.abort
                0x000000000800a478        0x8 /Users/shanewoods/Library/xPacks/@xpack-dev-tools/arm-none-eabi-gcc/10.3.1-2.3.1/.content/bin/../lib/gcc/arm-none-eabi/10.3.1/../../../../arm-none-eabi/lib/thumb/v6-m/nofp/libc.a(lib_a-abort.o)
 .ARM.exidx.text.__sflush_r
                0x000000000800a480        0x8 /Users/shanewoods/Library/xPacks/@xpack-dev-tools/arm-none-eabi-gcc/10.3.1-2.3.1/.content/bin/../lib/gcc/arm-none-eabi/10.3.1/../../../../arm-none-eabi/lib/thumb/v6-m/nofp/libc.a(lib_a-fflush.o)
 .ARM.exidx.text._fflush_r
                0x000000000800a488        0x8 /Users/shanewoods/Library/xPacks/@xpack-dev-tools/arm-none-eabi-gcc/10.3.1-2.3.1/.content/bin/../lib/gcc/arm-none-eabi/10.3.1/../../../../arm-none-eabi/lib/thumb/v6-m/nofp/libc.a(lib_a-fflush.o)
 .ARM.exidx.text._cleanup_r
                0x000000000800a490        0x8 /Users/shanewoods/Library/xPacks/@xpack-dev-tools/arm-none-eabi-gcc/10.3.1-2.3.1/.content/bin/../lib/gcc/arm-none-eabi/10.3.1/../../../../arm-none-eabi/lib/thumb/v6-m/nofp/libc.a(lib_a-findfp.o)
 .ARM.exidx.text.__sinit
                0x000000000800a498        0x8 /Users/shanewoods/Library/xPacks/@xpack-dev-tools/arm-none-eabi-gcc/10.3.1-2.3.1/.content/bin/../lib/gcc/arm-none-eabi/10.3.1/../../../../arm-none-eabi/lib/thumb/v6-m/nofp/libc.a(lib_a-findfp.o)
 .ARM.exidx.text.__sfp_lock_acquire
                0x000000000800a4a0        0x8 /Users/shanewoods/Library/xPacks/@xpack-dev-tools/arm-none-eabi-gcc/10.3.1-2.3.1/.content/bin/../lib/gcc/arm-none-eabi/10.3.1/../../../../arm-none-eabi/lib/thumb/v6-m/nofp/libc.a(lib_a-findfp.o)
 .ARM.exidx.text.__sfp_lock_release
                0x000000000800a4a8        0x0 /Users/shanewoods/Library/xPacks/@xpack-dev-tools/arm-none-eabi-gcc/10.3.1-2.3.1/.content/bin/../lib/gcc/arm-none-eabi/10.3.1/../../../../arm-none-eabi/lib/thumb/v6-m/nofp/libc.a(lib_a-findfp.o)
                                          0x8 (size before relaxing)
 .ARM.exidx.text.__fputwc
                0x000000000800a4a8        0x8 /Users/shanewoods/Library/xPacks/@xpack-dev-tools/arm-none-eabi-gcc/10.3.1-2.3.1/.content/bin/../lib/gcc/arm-none-eabi/10.3.1/../../../../arm-none-eabi/lib/thumb/v6-m/nofp/libc.a(lib_a-fputwc.o)
 .ARM.exidx.text._fputwc_r
                0x000000000800a4b0        0x8 /Users/shanewoods/Library/xPacks/@xpack-dev-tools/arm-none-eabi-gcc/10.3.1-2.3.1/.content/bin/../lib/gcc/arm-none-eabi/10.3.1/../../../../arm-none-eabi/lib/thumb/v6-m/nofp/libc.a(lib_a-fputwc.o)
 .ARM.exidx.text.__sfvwrite_r
                0x000000000800a4b8        0x8 /Users/shanewoods/Library/xPacks/@xpack-dev-tools/arm-none-eabi-gcc/10.3.1-2.3.1/.content/bin/../lib/gcc/arm-none-eabi/10.3.1/../../../../arm-none-eabi/lib/thumb/v6-m/nofp/libc.a(lib_a-fvwrite.o)
 .ARM.exidx.text._fwalk_reent
                0x000000000800a4c0        0x8 /Users/shanewoods/Library/xPacks/@xpack-dev-tools/arm-none-eabi-gcc/10.3.1-2.3.1/.content/bin/../lib/gcc/arm-none-eabi/10.3.1/../../../../arm-none-eabi/lib/thumb/v6-m/nofp/libc.a(lib_a-fwalk.o)
 .ARM.exidx.text.__smakebuf_r
                0x000000000800a4c8        0x8 /Users/shanewoods/Library/xPacks/@xpack-dev-tools/arm-none-eabi-gcc/10.3.1-2.3.1/.content/bin/../lib/gcc/arm-none-eabi/10.3.1/../../../../arm-none-eabi/lib/thumb/v6-m/nofp/libc.a(lib_a-makebuf.o)
 .ARM.exidx.text.raise
                0x000000000800a4d0        0x8 /Users/shanewoods/Library/xPacks/@xpack-dev-tools/arm-none-eabi-gcc/10.3.1-2.3.1/.content/bin/../lib/gcc/arm-none-eabi/10.3.1/../../../../arm-none-eabi/lib/thumb/v6-m/nofp/libc.a(lib_a-signal.o)
 .ARM.exidx.text._kill_r
                0x000000000800a4d8        0x0 /Users/shanewoods/Library/xPacks/@xpack-dev-tools/arm-none-eabi-gcc/10.3.1-2.3.1/.content/bin/../lib/gcc/arm-none-eabi/10.3.1/../../../../arm-none-eabi/lib/thumb/v6-m/nofp/libc.a(lib_a-signalr.o)
                                          0x8 (size before relaxing)
 .ARM.exidx.text._getpid_r
                0x000000000800a4d8        0x8 /Users/shanewoods/Library/xPacks/@xpack-dev-tools/arm-none-eabi-gcc/10.3.1-2.3.1/.content/bin/../lib/gcc/arm-none-eabi/10.3.1/../../../../arm-none-eabi/lib/thumb/v6-m/nofp/libc.a(lib_a-signalr.o)
 .ARM.exidx.text.__sread
                0x000000000800a4e0        0x8 /Users/shanewoods/Library/xPacks/@xpack-dev-tools/arm-none-eabi-gcc/10.3.1-2.3.1/.content/bin/../lib/gcc/arm-none-eabi/10.3.1/../../../../arm-none-eabi/lib/thumb/v6-m/nofp/libc.a(lib_a-stdio.o)
 .ARM.exidx.text.__swrite
                0x000000000800a4e8        0x8 /Users/shanewoods/Library/xPacks/@xpack-dev-tools/arm-none-eabi-gcc/10.3.1-2.3.1/.content/bin/../lib/gcc/arm-none-eabi/10.3.1/../../../../arm-none-eabi/lib/thumb/v6-m/nofp/libc.a(lib_a-stdio.o)
 .ARM.exidx.text.__sseek
                0x000000000800a4f0        0x8 /Users/shanewoods/Library/xPacks/@xpack-dev-tools/arm-none-eabi-gcc/10.3.1-2.3.1/.content/bin/../lib/gcc/arm-none-eabi/10.3.1/../../../../arm-none-eabi/lib/thumb/v6-m/nofp/libc.a(lib_a-stdio.o)
 .ARM.exidx.text.__sclose
                0x000000000800a4f8        0x8 /Users/shanewoods/Library/xPacks/@xpack-dev-tools/arm-none-eabi-gcc/10.3.1-2.3.1/.content/bin/../lib/gcc/arm-none-eabi/10.3.1/../../../../arm-none-eabi/lib/thumb/v6-m/nofp/libc.a(lib_a-stdio.o)
 .ARM.exidx.text.__swbuf_r
                0x000000000800a500        0x8 /Users/shanewoods/Library/xPacks/@xpack-dev-tools/arm-none-eabi-gcc/10.3.1-2.3.1/.content/bin/../lib/gcc/arm-none-eabi/10.3.1/../../../../arm-none-eabi/lib/thumb/v6-m/nofp/libc.a(lib_a-wbuf.o)
 .ARM.exidx.text._wcrtomb_r
                0x000000000800a508        0x8 /Users/shanewoods/Library/xPacks/@xpack-dev-tools/arm-none-eabi-gcc/10.3.1-2.3.1/.content/bin/../lib/gcc/arm-none-eabi/10.3.1/../../../../arm-none-eabi/lib/thumb/v6-m/nofp/libc.a(lib_a-wcrtomb.o)
 .ARM.exidx.text._write_r
                0x000000000800a510        0x8 /Users/shanewoods/Library/xPacks/@xpack-dev-tools/arm-none-eabi-gcc/10.3.1-2.3.1/.content/bin/../lib/gcc/arm-none-eabi/10.3.1/../../../../arm-none-eabi/lib/thumb/v6-m/nofp/libc.a(lib_a-writer.o)
 .ARM.exidx.text._close_r
                0x000000000800a518        0x0 /Users/shanewoods/Library/xPacks/@xpack-dev-tools/arm-none-eabi-gcc/10.3.1-2.3.1/.content/bin/../lib/gcc/arm-none-eabi/10.3.1/../../../../arm-none-eabi/lib/thumb/v6-m/nofp/libc.a(lib_a-closer.o)
                                          0x8 (size before relaxing)
 .ARM.exidx.text._fclose_r
                0x000000000800a518        0x8 /Users/shanewoods/Library/xPacks/@xpack-dev-tools/arm-none-eabi-gcc/10.3.1-2.3.1/.content/bin/../lib/gcc/arm-none-eabi/10.3.1/../../../../arm-none-eabi/lib/thumb/v6-m/nofp/libc.a(lib_a-fclose.o)
 .ARM.exidx.text._fstat_r
                0x000000000800a520        0x8 /Users/shanewoods/Library/xPacks/@xpack-dev-tools/arm-none-eabi-gcc/10.3.1-2.3.1/.content/bin/../lib/gcc/arm-none-eabi/10.3.1/../../../../arm-none-eabi/lib/thumb/v6-m/nofp/libc.a(lib_a-fstatr.o)
 .ARM.exidx.text._isatty_r
                0x000000000800a528        0x0 /Users/shanewoods/Library/xPacks/@xpack-dev-tools/arm-none-eabi-gcc/10.3.1-2.3.1/.content/bin/../lib/gcc/arm-none-eabi/10.3.1/../../../../arm-none-eabi/lib/thumb/v6-m/nofp/libc.a(lib_a-isattyr.o)
                                          0x8 (size before relaxing)
 .ARM.exidx.text._lseek_r
                0x000000000800a528        0x0 /Users/shanewoods/Library/xPacks/@xpack-dev-tools/arm-none-eabi-gcc/10.3.1-2.3.1/.content/bin/../lib/gcc/arm-none-eabi/10.3.1/../../../../arm-none-eabi/lib/thumb/v6-m/nofp/libc.a(lib_a-lseekr.o)
                                          0x8 (size before relaxing)
 .ARM.exidx.text._read_r
                0x000000000800a528        0x8 /Users/shanewoods/Library/xPacks/@xpack-dev-tools/arm-none-eabi-gcc/10.3.1-2.3.1/.content/bin/../lib/gcc/arm-none-eabi/10.3.1/../../../../arm-none-eabi/lib/thumb/v6-m/nofp/libc.a(lib_a-readr.o)
 .ARM.exidx.text.__udivmoddi4
                0x000000000800a530        0x0 /Users/shanewoods/Library/xPacks/@xpack-dev-tools/arm-none-eabi-gcc/10.3.1-2.3.1/.content/bin/../lib/gcc/arm-none-eabi/10.3.1/thumb/v6-m/nofp/libgcc.a(_udivmoddi4.o)
                                          0x8 (size before relaxing)
 .ARM.exidx.text.__aeabi_dadd
                0x000000000800a530        0x0 /Users/shanewoods/Library/xPacks/@xpack-dev-tools/arm-none-eabi-gcc/10.3.1-2.3.1/.content/bin/../lib/gcc/arm-none-eabi/10.3.1/thumb/v6-m/nofp/libgcc.a(adddf3.o)
                                          0x8 (size before relaxing)
 .ARM.exidx.text.__aeabi_ddiv
                0x000000000800a530        0x0 /Users/shanewoods/Library/xPacks/@xpack-dev-tools/arm-none-eabi-gcc/10.3.1-2.3.1/.content/bin/../lib/gcc/arm-none-eabi/10.3.1/thumb/v6-m/nofp/libgcc.a(divdf3.o)
                                          0x8 (size before relaxing)
 .ARM.exidx.text.__eqdf2
                0x000000000800a530        0x0 /Users/shanewoods/Library/xPacks/@xpack-dev-tools/arm-none-eabi-gcc/10.3.1-2.3.1/.content/bin/../lib/gcc/arm-none-eabi/10.3.1/thumb/v6-m/nofp/libgcc.a(eqdf2.o)
                                          0x8 (size before relaxing)
 .ARM.exidx.text.__gedf2
                0x000000000800a530        0x0 /Users/shanewoods/Library/xPacks/@xpack-dev-tools/arm-none-eabi-gcc/10.3.1-2.3.1/.content/bin/../lib/gcc/arm-none-eabi/10.3.1/thumb/v6-m/nofp/libgcc.a(gedf2.o)
                                          0x8 (size before relaxing)
 .ARM.exidx.text.__ledf2
                0x000000000800a530        0x0 /Users/shanewoods/Library/xPacks/@xpack-dev-tools/arm-none-eabi-gcc/10.3.1-2.3.1/.content/bin/../lib/gcc/arm-none-eabi/10.3.1/thumb/v6-m/nofp/libgcc.a(ledf2.o)
                                          0x8 (size before relaxing)
 .ARM.exidx.text.__aeabi_dmul
                0x000000000800a530        0x0 /Users/shanewoods/Library/xPacks/@xpack-dev-tools/arm-none-eabi-gcc/10.3.1-2.3.1/.content/bin/../lib/gcc/arm-none-eabi/10.3.1/thumb/v6-m/nofp/libgcc.a(muldf3.o)
                                          0x8 (size before relaxing)
 .ARM.exidx.text.__aeabi_dsub
                0x000000000800a530        0x0 /Users/shanewoods/Library/xPacks/@xpack-dev-tools/arm-none-eabi-gcc/10.3.1-2.3.1/.content/bin/../lib/gcc/arm-none-eabi/10.3.1/thumb/v6-m/nofp/libgcc.a(subdf3.o)
                                          0x8 (size before relaxing)
 .ARM.exidx.text.__aeabi_dcmpun
                0x000000000800a530        0x0 /Users/shanewoods/Library/xPacks/@xpack-dev-tools/arm-none-eabi-gcc/10.3.1-2.3.1/.content/bin/../lib/gcc/arm-none-eabi/10.3.1/thumb/v6-m/nofp/libgcc.a(unorddf2.o)
                                          0x8 (size before relaxing)
 .ARM.exidx.text.__aeabi_d2iz
                0x000000000800a530        0x0 /Users/shanewoods/Library/xPacks/@xpack-dev-tools/arm-none-eabi-gcc/10.3.1-2.3.1/.content/bin/../lib/gcc/arm-none-eabi/10.3.1/thumb/v6-m/nofp/libgcc.a(fixdfsi.o)
                                          0x8 (size before relaxing)
 .ARM.exidx.text.__aeabi_i2d
                0x000000000800a530        0x0 /Users/shanewoods/Library/xPacks/@xpack-dev-tools/arm-none-eabi-gcc/10.3.1-2.3.1/.content/bin/../lib/gcc/arm-none-eabi/10.3.1/thumb/v6-m/nofp/libgcc.a(floatsidf.o)
                                          0x8 (size before relaxing)
 .ARM.exidx.text.__aeabi_ui2d
                0x000000000800a530        0x0 /Users/shanewoods/Library/xPacks/@xpack-dev-tools/arm-none-eabi-gcc/10.3.1-2.3.1/.content/bin/../lib/gcc/arm-none-eabi/10.3.1/thumb/v6-m/nofp/libgcc.a(floatunsidf.o)
                                          0x8 (size before relaxing)
 .ARM.exidx.text.__aeabi_f2d
                0x000000000800a530        0x0 /Users/shanewoods/Library/xPacks/@xpack-dev-tools/arm-none-eabi-gcc/10.3.1-2.3.1/.content/bin/../lib/gcc/arm-none-eabi/10.3.1/thumb/v6-m/nofp/libgcc.a(extendsfdf2.o)
                                          0x8 (size before relaxing)
 .ARM.exidx.text.__aeabi_d2f
                0x000000000800a530        0x0 /Users/shanewoods/Library/xPacks/@xpack-dev-tools/arm-none-eabi-gcc/10.3.1-2.3.1/.content/bin/../lib/gcc/arm-none-eabi/10.3.1/thumb/v6-m/nofp/libgcc.a(truncdfsf2.o)
                                          0x8 (size before relaxing)
 .ARM.exidx.text.selfrel_offset31
                0x000000000800a530        0x0 /Users/shanewoods/Library/xPacks/@xpack-dev-tools/arm-none-eabi-gcc/10.3.1-2.3.1/.content/bin/../lib/gcc/arm-none-eabi/10.3.1/thumb/v6-m/nofp/libgcc.a(unwind-arm.o)
                                          0x8 (size before relaxing)
 .ARM.exidx.text.search_EIT_table
                0x000000000800a530        0x0 /Users/shanewoods/Library/xPacks/@xpack-dev-tools/arm-none-eabi-gcc/10.3.1-2.3.1/.content/bin/../lib/gcc/arm-none-eabi/10.3.1/thumb/v6-m/nofp/libgcc.a(unwind-arm.o)
                                          0x8 (size before relaxing)
 .ARM.exidx.text.__gnu_unwind_get_pr_addr
                0x000000000800a530        0x0 /Users/shanewoods/Library/xPacks/@xpack-dev-tools/arm-none-eabi-gcc/10.3.1-2.3.1/.content/bin/../lib/gcc/arm-none-eabi/10.3.1/thumb/v6-m/nofp/libgcc.a(unwind-arm.o)
                                          0x8 (size before relaxing)
 .ARM.exidx.text.get_eit_entry
                0x000000000800a530        0x8 /Users/shanewoods/Library/xPacks/@xpack-dev-tools/arm-none-eabi-gcc/10.3.1-2.3.1/.content/bin/../lib/gcc/arm-none-eabi/10.3.1/thumb/v6-m/nofp/libgcc.a(unwind-arm.o)
 .ARM.exidx.text.restore_non_core_regs
                0x000000000800a538        0x8 /Users/shanewoods/Library/xPacks/@xpack-dev-tools/arm-none-eabi-gcc/10.3.1-2.3.1/.content/bin/../lib/gcc/arm-none-eabi/10.3.1/thumb/v6-m/nofp/libgcc.a(unwind-arm.o)
 .ARM.exidx.text._Unwind_decode_typeinfo_ptr.constprop.0
                0x000000000800a540        0x8 /Users/shanewoods/Library/xPacks/@xpack-dev-tools/arm-none-eabi-gcc/10.3.1-2.3.1/.content/bin/../lib/gcc/arm-none-eabi/10.3.1/thumb/v6-m/nofp/libgcc.a(unwind-arm.o)
 .ARM.exidx.text._Unwind_DebugHook
                0x000000000800a548        0x0 /Users/shanewoods/Library/xPacks/@xpack-dev-tools/arm-none-eabi-gcc/10.3.1-2.3.1/.content/bin/../lib/gcc/arm-none-eabi/10.3.1/thumb/v6-m/nofp/libgcc.a(unwind-arm.o)
                                          0x8 (size before relaxing)
 .ARM.exidx.text.unwind_phase2
                0x000000000800a548        0x8 /Users/shanewoods/Library/xPacks/@xpack-dev-tools/arm-none-eabi-gcc/10.3.1-2.3.1/.content/bin/../lib/gcc/arm-none-eabi/10.3.1/thumb/v6-m/nofp/libgcc.a(unwind-arm.o)
 .ARM.exidx.text.unwind_phase2_forced