Archive member included to satisfy reference by file (symbol)

../libopencm3//lib/libopencm3_stm32f0.a(gpio_common_all.o)
                              spi_eadc.o (gpio_clear)
../libopencm3//lib/libopencm3_stm32f0.a(gpio_common_f0234.o)
                              spi_eadc.o (gpio_mode_setup)
../libopencm3//lib/libopencm3_stm32f0.a(rcc.o)
                              spi_eadc.o (rcc_clock_setup_in_hsi_out_48mhz)
../libopencm3//lib/libopencm3_stm32f0.a(rcc_common_all.o)
                              spi_eadc.o (rcc_periph_clock_enable)
../libopencm3//lib/libopencm3_stm32f0.a(spi_common_all.o)
                              spi_eadc.o (spi_reset)
../libopencm3//lib/libopencm3_stm32f0.a(spi_common_v2.o)
                              spi_eadc.o (spi_init_master)
../libopencm3//lib/libopencm3_stm32f0.a(timer_common_all.o)
                              spi_eadc.o (timer_set_prescaler)
../libopencm3//lib/libopencm3_stm32f0.a(usart_common_all.o)
                              spi_eadc.o (usart_set_baudrate)
../libopencm3//lib/libopencm3_stm32f0.a(usart_common_v2.o)
                              ../libopencm3//lib/libopencm3_stm32f0.a(usart_common_all.o) (usart_send)
../libopencm3//lib/libopencm3_stm32f0.a(vector.o)
                              (reset_handler)
../libopencm3//lib/libopencm3_stm32f0.a(assert.o)
                              ../libopencm3//lib/libopencm3_stm32f0.a(rcc.o) (cm3_assert_failed)
../libopencm3//lib/libopencm3_stm32f0.a(flash_common_all.o)
                              ../libopencm3//lib/libopencm3_stm32f0.a(rcc.o) (flash_prefetch_enable)
/Users/shanewoods/Library/xPacks/@xpack-dev-tools/arm-none-eabi-gcc/10.3.1-2.3.1/.content/bin/../lib/gcc/arm-none-eabi/10.3.1/../../../../arm-none-eabi/lib/thumb/v6-m/nofp/libc.a(lib_a-snprintf.o)
                              spi_eadc.o (snprintf)
/Users/shanewoods/Library/xPacks/@xpack-dev-tools/arm-none-eabi-gcc/10.3.1-2.3.1/.content/bin/../lib/gcc/arm-none-eabi/10.3.1/../../../../arm-none-eabi/lib/thumb/v6-m/nofp/libc.a(lib_a-strlen-stub.o)
                              spi_eadc.o (strlen)
/Users/shanewoods/Library/xPacks/@xpack-dev-tools/arm-none-eabi-gcc/10.3.1-2.3.1/.content/bin/../lib/gcc/arm-none-eabi/10.3.1/../../../../arm-none-eabi/lib/thumb/v6-m/nofp/libc.a(lib_a-svfprintf.o)
                              /Users/shanewoods/Library/xPacks/@xpack-dev-tools/arm-none-eabi-gcc/10.3.1-2.3.1/.content/bin/../lib/gcc/arm-none-eabi/10.3.1/../../../../arm-none-eabi/lib/thumb/v6-m/nofp/libc.a(lib_a-snprintf.o) (_svfprintf_r)
/Users/shanewoods/Library/xPacks/@xpack-dev-tools/arm-none-eabi-gcc/10.3.1-2.3.1/.content/bin/../lib/gcc/arm-none-eabi/10.3.1/../../../../arm-none-eabi/lib/thumb/v6-m/nofp/libc.a(lib_a-dtoa.o)
                              /Users/shanewoods/Library/xPacks/@xpack-dev-tools/arm-none-eabi-gcc/10.3.1-2.3.1/.content/bin/../lib/gcc/arm-none-eabi/10.3.1/../../../../arm-none-eabi/lib/thumb/v6-m/nofp/libc.a(lib_a-svfprintf.o) (_dtoa_r)
/Users/shanewoods/Library/xPacks/@xpack-dev-tools/arm-none-eabi-gcc/10.3.1-2.3.1/.content/bin/../lib/gcc/arm-none-eabi/10.3.1/../../../../arm-none-eabi/lib/thumb/v6-m/nofp/libc.a(lib_a-freer.o)
                              /Users/shanewoods/Library/xPacks/@xpack-dev-tools/arm-none-eabi-gcc/10.3.1-2.3.1/.content/bin/../lib/gcc/arm-none-eabi/10.3.1/../../../../arm-none-eabi/lib/thumb/v6-m/nofp/libc.a(lib_a-svfprintf.o) (_free_r)
/Users/shanewoods/Library/xPacks/@xpack-dev-tools/arm-none-eabi-gcc/10.3.1-2.3.1/.content/bin/../lib/gcc/arm-none-eabi/10.3.1/../../../../arm-none-eabi/lib/thumb/v6-m/nofp/libc.a(lib_a-impure.o)
                              /Users/shanewoods/Library/xPacks/@xpack-dev-tools/arm-none-eabi-gcc/10.3.1-2.3.1/.content/bin/../lib/gcc/arm-none-eabi/10.3.1/../../../../arm-none-eabi/lib/thumb/v6-m/nofp/libc.a(lib_a-snprintf.o) (_impure_ptr)
/Users/shanewoods/Library/xPacks/@xpack-dev-tools/arm-none-eabi-gcc/10.3.1-2.3.1/.content/bin/../lib/gcc/arm-none-eabi/10.3.1/../../../../arm-none-eabi/lib/thumb/v6-m/nofp/libc.a(lib_a-localeconv.o)
                              /Users/shanewoods/Library/xPacks/@xpack-dev-tools/arm-none-eabi-gcc/10.3.1-2.3.1/.content/bin/../lib/gcc/arm-none-eabi/10.3.1/../../../../arm-none-eabi/lib/thumb/v6-m/nofp/libc.a(lib_a-svfprintf.o) (_localeconv_r)
/Users/shanewoods/Library/xPacks/@xpack-dev-tools/arm-none-eabi-gcc/10.3.1-2.3.1/.content/bin/../lib/gcc/arm-none-eabi/10.3.1/../../../../arm-none-eabi/lib/thumb/v6-m/nofp/libc.a(lib_a-mallocr.o)
                              /Users/shanewoods/Library/xPacks/@xpack-dev-tools/arm-none-eabi-gcc/10.3.1-2.3.1/.content/bin/../lib/gcc/arm-none-eabi/10.3.1/../../../../arm-none-eabi/lib/thumb/v6-m/nofp/libc.a(lib_a-svfprintf.o) (_malloc_r)
/Users/shanewoods/Library/xPacks/@xpack-dev-tools/arm-none-eabi-gcc/10.3.1-2.3.1/.content/bin/../lib/gcc/arm-none-eabi/10.3.1/../../../../arm-none-eabi/lib/thumb/v6-m/nofp/libc.a(lib_a-memchr-stub.o)
[...]
Memory Configuration

Name             Origin             Length             Attributes
rom              0x0000000008000000 0x0000000000010000 xr
ram              0x0000000020000000 0x0000000000002000 xrw
*default*        0x0000000000000000 0xffffffffffffffff

Linker script and memory map

LOAD spi_eadc.o
LOAD ../libopencm3//lib/libopencm3_stm32f0.a
START GROUP
LOAD /Users/shanewoods/Library/xPacks/@xpack-dev-tools/arm-none-eabi-gcc/10.3.1-2.3.1/.content/bin/../lib/gcc/arm-none-eabi/10.3.1/../../../../arm-none-eabi/lib/thumb/v6-m/nofp/libc.a
LOAD /Users/shanewoods/Library/xPacks/@xpack-dev-tools/arm-none-eabi-gcc/10.3.1-2.3.1/.content/bin/../lib/gcc/arm-none-eabi/10.3.1/thumb/v6-m/nofp/libgcc.a
LOAD /Users/shanewoods/Library/xPacks/@xpack-dev-tools/arm-none-eabi-gcc/10.3.1-2.3.1/.content/bin/../lib/gcc/arm-none-eabi/10.3.1/../../../../arm-none-eabi/lib/thumb/v6-m/nofp/libnosys.a
END GROUP
START GROUP
LOAD /Users/shanewoods/Library/xPacks/@xpack-dev-tools/arm-none-eabi-gcc/10.3.1-2.3.1/.content/bin/../lib/gcc/arm-none-eabi/10.3.1/thumb/v6-m/nofp/libgcc.a
LOAD /Users/shanewoods/Library/xPacks/@xpack-dev-tools/arm-none-eabi-gcc/10.3.1-2.3.1/.content/bin/../lib/gcc/arm-none-eabi/10.3.1/../../../../arm-none-eabi/lib/thumb/v6-m/nofp/libg.a
LOAD /Users/shanewoods/Library/xPacks/@xpack-dev-tools/arm-none-eabi-gcc/10.3.1-2.3.1/.content/bin/../lib/gcc/arm-none-eabi/10.3.1/../../../../arm-none-eabi/lib/thumb/v6-m/nofp/libc.a
END GROUP

.text           0x0000000008000000     0xa494
 *(.vectors)
 .vectors       0x0000000008000000       0xc0 ../libopencm3//lib/libopencm3_stm32f0.a(vector.o)
                0x0000000008000000                vector_table
 *(.text*)
 .text.startup.main
                0x00000000080000c0      0x26c spi_eadc.o
                0x00000000080000c0                main
 .text.gpio_clear
                0x000000000800032c        0x6 ../libopencm3//lib/libopencm3_stm32f0.a(gpio_common_all.o)
                0x000000000800032c                gpio_clear
 .text.gpio_toggle
                0x0000000008000332       0x10 ../libopencm3//lib/libopencm3_stm32f0.a(gpio_common_all.o)
                0x0000000008000332                gpio_toggle
 .text.gpio_mode_setup
                0x0000000008000342       0x40 ../libopencm3//lib/libopencm3_stm32f0.a(gpio_common_f0234.o)
                0x0000000008000342                gpio_mode_setup
 .text.gpio_set_output_options
                0x0000000008000382       0x3c ../libopencm3//lib/libopencm3_stm32f0.a(gpio_common_f0234.o)
                0x0000000008000382                gpio_set_output_options
 .text.gpio_set_af
                0x00000000080003be       0x58 ../libopencm3//lib/libopencm3_stm32f0.a(gpio_common_f0234.o)
                0x00000000080003be                gpio_set_af
 *fill*         0x0000000008000416        0x2 
 .text.rcc_is_osc_ready
                0x0000000008000418       0x54 ../libopencm3//lib/libopencm3_stm32f0.a(rcc.o)
                0x0000000008000418                rcc_is_osc_ready
 .text.rcc_wait_for_osc_ready
                0x000000000800046c       0x10 ../libopencm3//lib/libopencm3_stm32f0.a(rcc.o)
                0x000000000800046c                rcc_wait_for_osc_ready
 .text.rcc_osc_on
                0x000000000800047c       0x54 ../libopencm3//lib/libopencm3_stm32f0.a(rcc.o)
                0x000000000800047c                rcc_osc_on
 .text.rcc_set_sysclk_source
                0x00000000080004d0       0x4c ../libopencm3//lib/libopencm3_stm32f0.a(rcc.o)
                0x00000000080004d0                rcc_set_sysclk_source
 .text.rcc_set_pll_multiplication_factor
                0x000000000800051c       0x18 ../libopencm3//lib/libopencm3_stm32f0.a(rcc.o)
                0x000000000800051c                rcc_set_pll_multiplication_factor
 .text.rcc_set_pll_source
                0x0000000008000534       0x18 ../libopencm3//lib/libopencm3_stm32f0.a(rcc.o)
                0x0000000008000534                rcc_set_pll_source
 .text.rcc_set_ppre
                0x000000000800054c       0x18 ../libopencm3//lib/libopencm3_stm32f0.a(rcc.o)
                0x000000000800054c                rcc_set_ppre
 .text.rcc_set_hpre
                0x0000000008000564       0x14 ../libopencm3//lib/libopencm3_stm32f0.a(rcc.o)
                0x0000000008000564                rcc_set_hpre
 .text.rcc_clock_setup_in_hsi_out_48mhz
                0x0000000008000578       0x64 ../libopencm3//lib/libopencm3_stm32f0.a(rcc.o)
                0x0000000008000578                rcc_clock_setup_in_hsi_out_48mhz
 .text.rcc_periph_clock_enable
                0x00000000080005dc       0x1c ../libopencm3//lib/libopencm3_stm32f0.a(rcc_common_all.o)
                0x00000000080005dc                rcc_periph_clock_enable
 .text.rcc_periph_reset_pulse
                0x00000000080005f8       0x20 ../libopencm3//lib/libopencm3_stm32f0.a(rcc_common_all.o)
                0x00000000080005f8                rcc_periph_reset_pulse
 .text.spi_reset
                0x0000000008000618       0x28 ../libopencm3//lib/libopencm3_stm32f0.a(spi_common_all.o)
                0x0000000008000618                spi_reset
 .text.spi_enable
                0x0000000008000640        0xa ../libopencm3//lib/libopencm3_stm32f0.a(spi_common_all.o)
                0x0000000008000640                spi_enable
 .text.spi_enable_software_slave_management
                0x000000000800064a       0x14 ../libopencm3//lib/libopencm3_stm32f0.a(spi_common_all.o)
                0x000000000800064a                spi_enable_software_slave_management
 .text.spi_set_nss_high
                0x000000000800065e        0xc ../libopencm3//lib/libopencm3_stm32f0.a(spi_common_all.o)
                0x000000000800065e                spi_set_nss_high
 .text.spi_init_master
                0x000000000800066a       0x24 ../libopencm3//lib/libopencm3_stm32f0.a(spi_common_v2.o)
                0x000000000800066a                spi_init_master
 .text.timer_set_prescaler
                0x000000000800068e        0x4 ../libopencm3//lib/libopencm3_stm32f0.a(timer_common_all.o)
                0x000000000800068e                timer_set_prescaler
 .text.timer_set_period
                0x0000000008000692        0x4 ../libopencm3//lib/libopencm3_stm32f0.a(timer_common_all.o)
                0x0000000008000692                timer_set_period
 *fill*         0x0000000008000696        0x2 
 .text.timer_set_oc_mode
                0x0000000008000698      0x180 ../libopencm3//lib/libopencm3_stm32f0.a(timer_common_all.o)
                0x0000000008000698                timer_set_oc_mode
 .text.timer_enable_oc_output
                0x0000000008000818       0x3e ../libopencm3//lib/libopencm3_stm32f0.a(timer_common_all.o)
                0x0000000008000818                timer_enable_oc_output
 .text.timer_set_oc_value
                0x0000000008000856       0x26 ../libopencm3//lib/libopencm3_stm32f0.a(timer_common_all.o)
                0x0000000008000856                timer_set_oc_value
 .text.timer_enable_break_main_output
                0x000000000800087c        0xc ../libopencm3//lib/libopencm3_stm32f0.a(timer_common_all.o)
                0x000000000800087c                timer_enable_break_main_output
 .text.timer_get_counter
                0x0000000008000888        0x4 ../libopencm3//lib/libopencm3_stm32f0.a(timer_common_all.o)
                0x0000000008000888                timer_get_counter
 .text.usart_set_baudrate
                0x000000000800088c       0x18 ../libopencm3//lib/libopencm3_stm32f0.a(usart_common_all.o)
                0x000000000800088c                usart_set_baudrate
 .text.usart_set_databits
                0x00000000080008a4       0x1c ../libopencm3//lib/libopencm3_stm32f0.a(usart_common_all.o)
                0x00000000080008a4                usart_set_databits
 .text.usart_set_stopbits
                0x00000000080008c0       0x10 ../libopencm3//lib/libopencm3_stm32f0.a(usart_common_all.o)
                0x00000000080008c0                usart_set_stopbits
 .text.usart_set_parity
                0x00000000080008d0       0x10 ../libopencm3//lib/libopencm3_stm32f0.a(usart_common_all.o)
                0x00000000080008d0                usart_set_parity
 .text.usart_set_mode
                0x00000000080008e0        0xc ../libopencm3//lib/libopencm3_stm32f0.a(usart_common_all.o)
                0x00000000080008e0                usart_set_mode
 .text.usart_set_flow_control
                0x00000000080008ec       0x10 ../libopencm3//lib/libopencm3_stm32f0.a(usart_common_all.o)
                0x00000000080008ec                usart_set_flow_control
 .text.usart_enable
                0x00000000080008fc        0xa ../libopencm3//lib/libopencm3_stm32f0.a(usart_common_all.o)
                0x00000000080008fc                usart_enable
 .text.usart_send_blocking
                0x0000000008000906       0x14 ../libopencm3//lib/libopencm3_stm32f0.a(usart_common_all.o)
                0x0000000008000906                usart_send_blocking
 .text.usart_send
                0x000000000800091a        0x8 ../libopencm3//lib/libopencm3_stm32f0.a(usart_common_v2.o)
                0x000000000800091a                usart_send
 .text.usart_wait_send_ready
                0x0000000008000922        0xa ../libopencm3//lib/libopencm3_stm32f0.a(usart_common_v2.o)
                0x0000000008000922                usart_wait_send_ready
 .text.blocking_handler
                0x000000000800092c        0x2 ../libopencm3//lib/libopencm3_stm32f0.a(vector.o)
                0x000000000800092c                exti0_1_isr
                0x000000000800092c                rtc_isr
                0x000000000800092c                tim7_isr
                0x000000000800092c                dma1_channel4_7_dma2_channel3_5_isr
                0x000000000800092c                blocking_handler
                0x000000000800092c                tsc_isr
                0x000000000800092c                spi1_isr
                0x000000000800092c                i2c1_isr
                0x000000000800092c                tim17_isr
                0x000000000800092c                i2c2_isr
                0x000000000800092c                usart1_isr
                0x000000000800092c                usart3_4_isr
                0x000000000800092c                tim1_cc_isr
                0x000000000800092c                exti2_3_isr
                0x000000000800092c                tim16_isr
                0x000000000800092c                pvd_isr
                0x000000000800092c                rcc_isr
                0x000000000800092c                flash_isr
                0x000000000800092c                hard_fault_handler
                0x000000000800092c                tim14_isr
                0x000000000800092c                spi2_isr
                0x000000000800092c                usb_isr
                0x000000000800092c                tim15_isr
                0x000000000800092c                tim3_isr
                0x000000000800092c                usart2_isr
                0x000000000800092c                adc_comp_isr
                0x000000000800092c                dma1_channel1_isr
                0x000000000800092c                tim6_dac_isr
                0x000000000800092c                tim1_brk_up_trg_com_isr
                0x000000000800092c                exti4_15_isr
                0x000000000800092c                cec_can_isr
                0x000000000800092c                wwdg_isr
                0x000000000800092c                tim2_isr
                0x000000000800092c                dma1_channel2_3_dma2_channel1_2_isr
 .text.null_handler
                0x000000000800092e        0x2 ../libopencm3//lib/libopencm3_stm32f0.a(vector.o)
                0x000000000800092e                null_handler
                0x000000000800092e                sv_call_handler
                0x000000000800092e                pend_sv_handler
                0x000000000800092e                sys_tick_handler
                0x000000000800092e                nmi_handler
 .text.reset_handler
                0x0000000008000930       0x88 ../libopencm3//lib/libopencm3_stm32f0.a(vector.o)
                0x0000000008000930                reset_handler
 .text.flash_prefetch_enable
                0x00000000080009b8       0x10 ../libopencm3//lib/libopencm3_stm32f0.a(flash_common_all.o)
                0x00000000080009b8                flash_prefetch_enable
 .text.flash_set_ws
                0x00000000080009c8       0x14 ../libopencm3//lib/libopencm3_stm32f0.a(flash_common_all.o)
                0x00000000080009c8                flash_set_ws
 .text.snprintf
                0x00000000080009dc       0x84 /Users/shanewoods/Library/xPacks/@xpack-dev-tools/arm-none-eabi-gcc/10.3.1-2.3.1/.content/bin/../lib/gcc/arm-none-eabi/10.3.1/../../../../arm-none-eabi/lib/thumb/v6-m/nofp/libc.a(lib_a-snprintf.o)
                0x00000000080009dc                snprintf
 .text.strlen   0x0000000008000a60       0x5c /Users/shanewoods/Library/xPacks/@xpack-dev-tools/arm-none-eabi-gcc/10.3.1-2.3.1/.content/bin/../lib/gcc/arm-none-eabi/10.3.1/../../../../arm-none-eabi/lib/thumb/v6-m/nofp/libc.a(lib_a-strlen-stub.o)
                0x0000000008000a60                strlen
 .text._svfprintf_r
                0x0000000008000abc     0x1bc8 /Users/shanewoods/Library/xPacks/@xpack-dev-tools/arm-none-eabi-gcc/10.3.1-2.3.1/.content/bin/../lib/gcc/arm-none-eabi/10.3.1/../../../../arm-none-eabi/lib/thumb/v6-m/nofp/libc.a(lib_a-svfprintf.o)
                0x0000000008000abc                _svfprintf_r
 .text.quorem   0x0000000008002684      0x148 /Users/shanewoods/Library/xPacks/@xpack-dev-tools/arm-none-eabi-gcc/10.3.1-2.3.1/.content/bin/../lib/gcc/arm-none-eabi/10.3.1/../../../../arm-none-eabi/lib/thumb/v6-m/nofp/libc.a(lib_a-dtoa.o)
 .text._dtoa_r  0x00000000080027cc      0xfbc /Users/shanewoods/Library/xPacks/@xpack-dev-tools/arm-none-eabi-gcc/10.3.1-2.3.1/.content/bin/../lib/gcc/arm-none-eabi/10.3.1/../../../../arm-none-eabi/lib/thumb/v6-m/nofp/libc.a(lib_a-dtoa.o)
                0x00000000080027cc                _dtoa_r
 .text._malloc_trim_r
                0x0000000008003788       0x9c /Users/shanewoods/Library/xPacks/@xpack-dev-tools/arm-none-eabi-gcc/10.3.1-2.3.1/.content/bin/../lib/gcc/arm-none-eabi/10.3.1/../../../../arm-none-eabi/lib/thumb/v6-m/nofp/libc.a(lib_a-freer.o)
                0x0000000008003788                _malloc_trim_r
 .text._free_r  0x0000000008003824      0x1c4 /Users/shanewoods/Library/xPacks/@xpack-dev-tools/arm-none-eabi-gcc/10.3.1-2.3.1/.content/bin/../lib/gcc/arm-none-eabi/10.3.1/../../../../arm-none-eabi/lib/thumb/v6-m/nofp/libc.a(lib_a-freer.o)
                0x0000000008003824                _free_r
 .text._localeconv_r
                0x00000000080039e8        0x8 /Users/shanewoods/Library/xPacks/@xpack-dev-tools/arm-none-eabi-gcc/10.3.1-2.3.1/.content/bin/../lib/gcc/arm-none-eabi/10.3.1/../../../../arm-none-eabi/lib/thumb/v6-m/nofp/libc.a(lib_a-localeconv.o)
                0x00000000080039e8                _localeconv_r
 .text._malloc_r
                0x00000000080039f0      0x584 /Users/shanewoods/Library/xPacks/@xpack-dev-tools/arm-none-eabi-gcc/10.3.1-2.3.1/.content/bin/../lib/gcc/arm-none-eabi/10.3.1/../../../../arm-none-eabi/lib/thumb/v6-m/nofp/libc.a(lib_a-mallocr.o)
                0x00000000080039f0                _malloc_r
 .text.memchr   0x0000000008003f74       0x74 /Users/shanewoods/Library/xPacks/@xpack-dev-tools/arm-none-eabi-gcc/10.3.1-2.3.1/.content/bin/../lib/gcc/arm-none-eabi/10.3.1/../../../../arm-none-eabi/lib/thumb/v6-m/nofp/libc.a(lib_a-memchr-stub.o)
                0x0000000008003f74                memchr
 .text.memcpy   0x0000000008003fe8       0xa4 /Users/shanewoods/Library/xPacks/@xpack-dev-tools/arm-none-eabi-gcc/10.3.1-2.3.1/.content/bin/../lib/gcc/arm-none-eabi/10.3.1/../../../../arm-none-eabi/lib/thumb/v6-m/nofp/libc.a(lib_a-memcpy-stub.o)
                0x0000000008003fe8                memcpy
 .text.__malloc_lock
                0x000000000800408c       0x10 /Users/shanewoods/Library/xPacks/@xpack-dev-tools/arm-none-eabi-gcc/10.3.1-2.3.1/.content/bin/../lib/gcc/arm-none-eabi/10.3.1/../../../../arm-none-eabi/lib/thumb/v6-m/nofp/libc.a(lib_a-mlock.o)
                0x000000000800408c                __malloc_lock
 .text.__malloc_unlock
                0x000000000800409c       0x10 /Users/shanewoods/Library/xPacks/@xpack-dev-tools/arm-none-eabi-gcc/10.3.1-2.3.1/.content/bin/../lib/gcc/arm-none-eabi/10.3.1/../../../../arm-none-eabi/lib/thumb/v6-m/nofp/libc.a(lib_a-mlock.o)
                0x000000000800409c                __malloc_unlock
 .text._Balloc  0x00000000080040ac       0x50 /Users/shanewoods/Library/xPacks/@xpack-dev-tools/arm-none-eabi-gcc/10.3.1-2.3.1/.content/bin/../lib/gcc/arm-none-eabi/10.3.1/../../../../arm-none-eabi/lib/thumb/v6-m/nofp/libc.a(lib_a-mprec.o)
                0x00000000080040ac                _Balloc
 .text._Bfree   0x00000000080040fc       0x14 /Users/shanewoods/Library/xPacks/@xpack-dev-tools/arm-none-eabi-gcc/10.3.1-2.3.1/.content/bin/../lib/gcc/arm-none-eabi/10.3.1/../../../../arm-none-eabi/lib/thumb/v6-m/nofp/libc.a(lib_a-mprec.o)
                0x00000000080040fc                _Bfree
 .text.__multadd
                0x0000000008004110       0xa8 /Users/shanewoods/Library/xPacks/@xpack-dev-tools/arm-none-eabi-gcc/10.3.1-2.3.1/.content/bin/../lib/gcc/arm-none-eabi/10.3.1/../../../../arm-none-eabi/lib/thumb/v6-m/nofp/libc.a(lib_a-mprec.o)
                0x0000000008004110                __multadd
 .text.__hi0bits
                0x00000000080041b8       0x38 /Users/shanewoods/Library/xPacks/@xpack-dev-tools/arm-none-eabi-gcc/10.3.1-2.3.1/.content/bin/../lib/gcc/arm-none-eabi/10.3.1/../../../../arm-none-eabi/lib/thumb/v6-m/nofp/libc.a(lib_a-mprec.o)
                0x00000000080041b8                __hi0bits
 .text.__lo0bits
                0x00000000080041f0       0x5c /Users/shanewoods/Library/xPacks/@xpack-dev-tools/arm-none-eabi-gcc/10.3.1-2.3.1/.content/bin/../lib/gcc/arm-none-eabi/10.3.1/../../../../arm-none-eabi/lib/thumb/v6-m/nofp/libc.a(lib_a-mprec.o)
                0x00000000080041f0                __lo0bits
 .text.__i2b    0x000000000800424c       0x60 /Users/shanewoods/Library/xPacks/@xpack-dev-tools/arm-none-eabi-gcc/10.3.1-2.3.1/.content/bin/../lib/gcc/arm-none-eabi/10.3.1/../../../../arm-none-eabi/lib/thumb/v6-m/nofp/libc.a(lib_a-mprec.o)
                0x000000000800424c                __i2b
 .text.__multiply
                0x00000000080042ac      0x1a4 /Users/shanewoods/Library/xPacks/@xpack-dev-tools/arm-none-eabi-gcc/10.3.1-2.3.1/.content/bin/../lib/gcc/arm-none-eabi/10.3.1/../../../../arm-none-eabi/lib/thumb/v6-m/nofp/libc.a(lib_a-mprec.o)
                0x00000000080042ac                __multiply
 .text.__pow5mult
                0x0000000008004450       0xd8 /Users/shanewoods/Library/xPacks/@xpack-dev-tools/arm-none-eabi-gcc/10.3.1-2.3.1/.content/bin/../lib/gcc/arm-none-eabi/10.3.1/../../../../arm-none-eabi/lib/thumb/v6-m/nofp/libc.a(lib_a-mprec.o)
                0x0000000008004450                __pow5mult
 .text.__lshift
                0x0000000008004528       0xfc /Users/shanewoods/Library/xPacks/@xpack-dev-tools/arm-none-eabi-gcc/10.3.1-2.3.1/.content/bin/../lib/gcc/arm-none-eabi/10.3.1/../../../../arm-none-eabi/lib/thumb/v6-m/nofp/libc.a(lib_a-mprec.o)
                0x0000000008004528                __lshift
 .text.__mcmp   0x0000000008004624       0x34 /Users/shanewoods/Library/xPacks/@xpack-dev-tools/arm-none-eabi-gcc/10.3.1-2.3.1/.content/bin/../lib/gcc/arm-none-eabi/10.3.1/../../../../arm-none-eabi/lib/thumb/v6-m/nofp/libc.a(lib_a-mprec.o)
                0x0000000008004624                __mcmp
 .text.__mdiff  0x0000000008004658      0x18c /Users/shanewoods/Library/xPacks/@xpack-dev-tools/arm-none-eabi-gcc/10.3.1-2.3.1/.content/bin/../lib/gcc/arm-none-eabi/10.3.1/../../../../arm-none-eabi/lib/thumb/v6-m/nofp/libc.a(lib_a-mprec.o)
                0x0000000008004658                __mdiff
 .text.__d2b    0x00000000080047e4       0xd8 /Users/shanewoods/Library/xPacks/@xpack-dev-tools/arm-none-eabi-gcc/10.3.1-2.3.1/.content/bin/../lib/gcc/arm-none-eabi/10.3.1/../../../../arm-none-eabi/lib/thumb/v6-m/nofp/libc.a(lib_a-mprec.o)
                0x00000000080047e4                __d2b
 .text.frexp    0x00000000080048bc       0x64 /Users/shanewoods/Library/xPacks/@xpack-dev-tools/arm-none-eabi-gcc/10.3.1-2.3.1/.content/bin/../lib/gcc/arm-none-eabi/10.3.1/../../../../arm-none-eabi/lib/thumb/v6-m/nofp/libc.a(lib_a-s_frexp.o)
                0x00000000080048bc                frexp
 .text._sbrk_r  0x0000000008004920       0x24 /Users/shanewoods/Library/xPacks/@xpack-dev-tools/arm-none-eabi-gcc/10.3.1-2.3.1/.content/bin/../lib/gcc/arm-none-eabi/10.3.1/../../../../arm-none-eabi/lib/thumb/v6-m/nofp/libc.a(lib_a-sbrkr.o)
                0x0000000008004920                _sbrk_r
 .text.strncpy  0x0000000008004944       0x6c /Users/shanewoods/Library/xPacks/@xpack-dev-tools/arm-none-eabi-gcc/10.3.1-2.3.1/.content/bin/../lib/gcc/arm-none-eabi/10.3.1/../../../../arm-none-eabi/lib/thumb/v6-m/nofp/libc.a(lib_a-strncpy.o)
                0x0000000008004944                strncpy
 .text.__ssprint_r
                0x00000000080049b0      0x114 /Users/shanewoods/Library/xPacks/@xpack-dev-tools/arm-none-eabi-gcc/10.3.1-2.3.1/.content/bin/../lib/gcc/arm-none-eabi/10.3.1/../../../../arm-none-eabi/lib/thumb/v6-m/nofp/libc.a(lib_a-svfiprintf.o)
                0x00000000080049b0                __ssprint_r
 .text.__assert_func
                0x0000000008004ac4       0x40 /Users/shanewoods/Library/xPacks/@xpack-dev-tools/arm-none-eabi-gcc/10.3.1-2.3.1/.content/bin/../lib/gcc/arm-none-eabi/10.3.1/../../../../arm-none-eabi/lib/thumb/v6-m/nofp/libc.a(lib_a-assert.o)
                0x0000000008004ac4                __assert_func
 .text._calloc_r
                0x0000000008004b04       0x9c /Users/shanewoods/Library/xPacks/@xpack-dev-tools/arm-none-eabi-gcc/10.3.1-2.3.1/.content/bin/../lib/gcc/arm-none-eabi/10.3.1/../../../../arm-none-eabi/lib/thumb/v6-m/nofp/libc.a(lib_a-callocr.o)
                0x0000000008004b04                _calloc_r
 .text.__errno  0x0000000008004ba0        0xc /Users/shanewoods/Library/xPacks/@xpack-dev-tools/arm-none-eabi-gcc/10.3.1-2.3.1/.content/bin/../lib/gcc/arm-none-eabi/10.3.1/../../../../arm-none-eabi/lib/thumb/v6-m/nofp/libc.a(lib_a-errno.o)
                0x0000000008004ba0                __errno
 .text.fiprintf
                0x0000000008004bac       0x24 /Users/shanewoods/Library/xPacks/@xpack-dev-tools/arm-none-eabi-gcc/10.3.1-2.3.1/.content/bin/../lib/gcc/arm-none-eabi/10.3.1/../../../../arm-none-eabi/lib/thumb/v6-m/nofp/libc.a(lib_a-fiprintf.o)
                0x0000000008004bac                fiprintf
 .text.__locale_mb_cur_max
                0x0000000008004bd0       0x10 /Users/shanewoods/Library/xPacks/@xpack-dev-tools/arm-none-eabi-gcc/10.3.1-2.3.1/.content/bin/../lib/gcc/arm-none-eabi/10.3.1/../../../../arm-none-eabi/lib/thumb/v6-m/nofp/libc.a(lib_a-locale.o)
                0x0000000008004bd0                __locale_mb_cur_max
 .text.__retarget_lock_init_recursive
                0x0000000008004be0        0x4 /Users/shanewoods/Library/xPacks/@xpack-dev-tools/arm-none-eabi-gcc/10.3.1-2.3.1/.content/bin/../lib/gcc/arm-none-eabi/10.3.1/../../../../arm-none-eabi/lib/thumb/v6-m/nofp/libc.a(lib_a-lock.o)
                0x0000000008004be0                __retarget_lock_init_recursive
 .text.__retarget_lock_close_recursive
                0x0000000008004be4        0x4 /Users/shanewoods/Library/xPacks/@xpack-dev-tools/arm-none-eabi-gcc/10.3.1-2.3.1/.content/bin/../lib/gcc/arm-none-eabi/10.3.1/../../../../arm-none-eabi/lib/thumb/v6-m/nofp/libc.a(lib_a-lock.o)
                0x0000000008004be4                __retarget_lock_close_recursive
 .text.__retarget_lock_acquire_recursive
                0x0000000008004be8        0x4 /Users/shanewoods/Library/xPacks/@xpack-dev-tools/arm-none-eabi-gcc/10.3.1-2.3.1/.content/bin/../lib/gcc/arm-none-eabi/10.3.1/../../../../arm-none-eabi/lib/thumb/v6-m/nofp/libc.a(lib_a-lock.o)
                0x0000000008004be8                __retarget_lock_acquire_recursive
 .text.__retarget_lock_release_recursive
                0x0000000008004bec        0x4 /Users/shanewoods/Library/xPacks/@xpack-dev-tools/arm-none-eabi-gcc/10.3.1-2.3.1/.content/bin/../lib/gcc/arm-none-eabi/10.3.1/../../../../arm-none-eabi/lib/thumb/v6-m/nofp/libc.a(lib_a-lock.o)
                0x0000000008004bec                __retarget_lock_release_recursive
 .text.__ascii_mbtowc
                0x0000000008004bf0       0x2c /Users/shanewoods/Library/xPacks/@xpack-dev-tools/arm-none-eabi-gcc/10.3.1-2.3.1/.content/bin/../lib/gcc/arm-none-eabi/10.3.1/../../../../arm-none-eabi/lib/thumb/v6-m/nofp/libc.a(lib_a-mbtowc_r.o)
                0x0000000008004bf0                __ascii_mbtowc
 .text.memmove  0x0000000008004c1c       0xac /Users/shanewoods/Library/xPacks/@xpack-dev-tools/arm-none-eabi-gcc/10.3.1-2.3.1/.content/bin/../lib/gcc/arm-none-eabi/10.3.1/../../../../arm-none-eabi/lib/thumb/v6-m/nofp/libc.a(lib_a-memmove.o)
                0x0000000008004c1c                memmove
 .text.memset   0x0000000008004cc8       0xa8 /Users/shanewoods/Library/xPacks/@xpack-dev-tools/arm-none-eabi-gcc/10.3.1-2.3.1/.content/bin/../lib/gcc/arm-none-eabi/10.3.1/../../../../arm-none-eabi/lib/thumb/v6-m/nofp/libc.a(lib_a-memset.o)
                0x0000000008004cc8                memset
 .text._realloc_r
                0x0000000008004d70      0x354 /Users/shanewoods/Library/xPacks/@xpack-dev-tools/arm-none-eabi-gcc/10.3.1-2.3.1/.content/bin/../lib/gcc/arm-none-eabi/10.3.1/../../../../arm-none-eabi/lib/thumb/v6-m/nofp/libc.a(lib_a-reallocr.o)
                0x0000000008004d70                _realloc_r
 .text.__sprint_r.part.0
                0x00000000080050c4       0x88 /Users/shanewoods/Library/xPacks/@xpack-dev-tools/arm-none-eabi-gcc/10.3.1-2.3.1/.content/bin/../lib/gcc/arm-none-eabi/10.3.1/../../../../arm-none-eabi/lib/thumb/v6-m/nofp/libc.a(lib_a-vfiprintf.o)
 .text._vfiprintf_r
                0x000000000800514c      0xdc4 /Users/shanewoods/Library/xPacks/@xpack-dev-tools/arm-none-eabi-gcc/10.3.1-2.3.1/.content/bin/../lib/gcc/arm-none-eabi/10.3.1/../../../../arm-none-eabi/lib/thumb/v6-m/nofp/libc.a(lib_a-vfiprintf.o)
                0x000000000800514c                _vfiprintf_r
 .text.__sbprintf
                0x0000000008005f10       0x8c /Users/shanewoods/Library/xPacks/@xpack-dev-tools/arm-none-eabi-gcc/10.3.1-2.3.1/.content/bin/../lib/gcc/arm-none-eabi/10.3.1/../../../../arm-none-eabi/lib/thumb/v6-m/nofp/libc.a(lib_a-vfiprintf.o)
 .text.__ascii_wctomb
                0x0000000008005f9c       0x1c /Users/shanewoods/Library/xPacks/@xpack-dev-tools/arm-none-eabi-gcc/10.3.1-2.3.1/.content/bin/../lib/gcc/arm-none-eabi/10.3.1/../../../../arm-none-eabi/lib/thumb/v6-m/nofp/libc.a(lib_a-wctomb_r.o)
                0x0000000008005f9c                __ascii_wctomb
 .text.__swsetup_r
                0x0000000008005fb8       0xdc /Users/shanewoods/Library/xPacks/@xpack-dev-tools/arm-none-eabi-gcc/10.3.1-2.3.1/.content/bin/../lib/gcc/arm-none-eabi/10.3.1/../../../../arm-none-eabi/lib/thumb/v6-m/nofp/libc.a(lib_a-wsetup.o)
                0x0000000008005fb8                __swsetup_r
 .text.abort    0x0000000008006094       0x10 /Users/shanewoods/Library/xPacks/@xpack-dev-tools/arm-none-eabi-gcc/10.3.1-2.3.1/.content/bin/../lib/gcc/arm-none-eabi/10.3.1/../../../../arm-none-eabi/lib/thumb/v6-m/nofp/libc.a(lib_a-abort.o)
                0x0000000008006094                abort
 .text.__sflush_r
                0x00000000080060a4      0x140 /Users/shanewoods/Library/xPacks/@xpack-dev-tools/arm-none-eabi-gcc/10.3.1-2.3.1/.content/bin/../lib/gcc/arm-none-eabi/10.3.1/../../../../arm-none-eabi/lib/thumb/v6-m/nofp/libc.a(lib_a-fflush.o)
                0x00000000080060a4                __sflush_r
 .text._fflush_r
                0x00000000080061e4       0x6c /Users/shanewoods/Library/xPacks/@xpack-dev-tools/arm-none-eabi-gcc/10.3.1-2.3.1/.content/bin/../lib/gcc/arm-none-eabi/10.3.1/../../../../arm-none-eabi/lib/thumb/v6-m/nofp/libc.a(lib_a-fflush.o)
                0x00000000080061e4                _fflush_r
 .text._cleanup_r
                0x0000000008006250       0x10 /Users/shanewoods/Library/xPacks/@xpack-dev-tools/arm-none-eabi-gcc/10.3.1-2.3.1/.content/bin/../lib/gcc/arm-none-eabi/10.3.1/../../../../arm-none-eabi/lib/thumb/v6-m/nofp/libc.a(lib_a-findfp.o)
                0x0000000008006250                _cleanup_r
 .text.__sinit  0x0000000008006260      0x120 /Users/shanewoods/Library/xPacks/@xpack-dev-tools/arm-none-eabi-gcc/10.3.1-2.3.1/.content/bin/../lib/gcc/arm-none-eabi/10.3.1/../../../../arm-none-eabi/lib/thumb/v6-m/nofp/libc.a(lib_a-findfp.o)
                0x0000000008006260                __sinit
 .text.__sfp_lock_acquire
                0x0000000008006380       0x10 /Users/shanewoods/Library/xPacks/@xpack-dev-tools/arm-none-eabi-gcc/10.3.1-2.3.1/.content/bin/../lib/gcc/arm-none-eabi/10.3.1/../../../../arm-none-eabi/lib/thumb/v6-m/nofp/libc.a(lib_a-findfp.o)
                0x0000000008006380                __sfp_lock_acquire
 .text.__sfp_lock_release
                0x0000000008006390       0x10 /Users/shanewoods/Library/xPacks/@xpack-dev-tools/arm-none-eabi-gcc/10.3.1-2.3.1/.content/bin/../lib/gcc/arm-none-eabi/10.3.1/../../../../arm-none-eabi/lib/thumb/v6-m/nofp/libc.a(lib_a-findfp.o)
                0x0000000008006390                __sfp_lock_release
 .text.__fputwc
                0x00000000080063a0       0x98 /Users/shanewoods/Library/xPacks/@xpack-dev-tools/arm-none-eabi-gcc/10.3.1-2.3.1/.content/bin/../lib/gcc/arm-none-eabi/10.3.1/../../../../arm-none-eabi/lib/thumb/v6-m/nofp/libc.a(lib_a-fputwc.o)
                0x00000000080063a0                __fputwc
 .text._fputwc_r
                0x0000000008006438       0x5c /Users/shanewoods/Library/xPacks/@xpack-dev-tools/arm-none-eabi-gcc/10.3.1-2.3.1/.content/bin/../lib/gcc/arm-none-eabi/10.3.1/../../../../arm-none-eabi/lib/thumb/v6-m/nofp/libc.a(lib_a-fputwc.o)
                0x0000000008006438                _fputwc_r
 .text.__sfvwrite_r
                0x0000000008006494      0x2f4 /Users/shanewoods/Library/xPacks/@xpack-dev-tools/arm-none-eabi-gcc/10.3.1-2.3.1/.content/bin/../lib/gcc/arm-none-eabi/10.3.1/../../../../arm-none-eabi/lib/thumb/v6-m/nofp/libc.a(lib_a-fvwrite.o)
                0x0000000008006494                __sfvwrite_r
 .text._fwalk_reent
                0x0000000008006788       0x48 /Users/shanewoods/Library/xPacks/@xpack-dev-tools/arm-none-eabi-gcc/10.3.1-2.3.1/.content/bin/../lib/gcc/arm-none-eabi/10.3.1/../../../../arm-none-eabi/lib/thumb/v6-m/nofp/libc.a(lib_a-fwalk.o)
                0x0000000008006788                _fwalk_reent
 .text.__smakebuf_r
                0x00000000080067d0       0xe4 /Users/shanewoods/Library/xPacks/@xpack-dev-tools/arm-none-eabi-gcc/10.3.1-2.3.1/.content/bin/../lib/gcc/arm-none-eabi/10.3.1/../../../../arm-none-eabi/lib/thumb/v6-m/nofp/libc.a(lib_a-makebuf.o)
                0x00000000080067d0                __smakebuf_r
 .text.raise    0x00000000080068b4       0x60 /Users/shanewoods/Library/xPacks/@xpack-dev-tools/arm-none-eabi-gcc/10.3.1-2.3.1/.content/bin/../lib/gcc/arm-none-eabi/10.3.1/../../../../arm-none-eabi/lib/thumb/v6-m/nofp/libc.a(lib_a-signal.o)
                0x00000000080068b4                raise
 .text._kill_r  0x0000000008006914       0x28 /Users/shanewoods/Library/xPacks/@xpack-dev-tools/arm-none-eabi-gcc/10.3.1-2.3.1/.content/bin/../lib/gcc/arm-none-eabi/10.3.1/../../../../arm-none-eabi/lib/thumb/v6-m/nofp/libc.a(lib_a-signalr.o)
                0x0000000008006914                _kill_r
 .text._getpid_r
                0x000000000800693c        0x8 /Users/shanewoods/Library/xPacks/@xpack-dev-tools/arm-none-eabi-gcc/10.3.1-2.3.1/.content/bin/../lib/gcc/arm-none-eabi/10.3.1/../../../../arm-none-eabi/lib/thumb/v6-m/nofp/libc.a(lib_a-signalr.o)
                0x000000000800693c                _getpid_r
 .text.__sread  0x0000000008006944       0x28 /Users/shanewoods/Library/xPacks/@xpack-dev-tools/arm-none-eabi-gcc/10.3.1-2.3.1/.content/bin/../lib/gcc/arm-none-eabi/10.3.1/../../../../arm-none-eabi/lib/thumb/v6-m/nofp/libc.a(lib_a-stdio.o)
                0x0000000008006944                __sread
 .text.__swrite
                0x000000000800696c       0x40 /Users/shanewoods/Library/xPacks/@xpack-dev-tools/arm-none-eabi-gcc/10.3.1-2.3.1/.content/bin/../lib/gcc/arm-none-eabi/10.3.1/../../../../arm-none-eabi/lib/thumb/v6-m/nofp/libc.a(lib_a-stdio.o)
                0x000000000800696c                __swrite
 .text.__sseek  0x00000000080069ac       0x2c /Users/shanewoods/Library/xPacks/@xpack-dev-tools/arm-none-eabi-gcc/10.3.1-2.3.1/.content/bin/../lib/gcc/arm-none-eabi/10.3.1/../../../../arm-none-eabi/lib/thumb/v6-m/nofp/libc.a(lib_a-stdio.o)
                0x00000000080069ac                __sseek
 .text.__sclose
                0x00000000080069d8        0xc /Users/shanewoods/Library/xPacks/@xpack-dev-tools/arm-none-eabi-gcc/10.3.1-2.3.1/.content/bin/../lib/gcc/arm-none-eabi/10.3.1/../../../../arm-none-eabi/lib/thumb/v6-m/nofp/libc.a(lib_a-stdio.o)
                0x00000000080069d8                __sclose
 .text.__swbuf_r
                0x00000000080069e4       0xc8 /Users/shanewoods/Library/xPacks/@xpack-dev-tools/arm-none-eabi-gcc/10.3.1-2.3.1/.content/bin/../lib/gcc/arm-none-eabi/10.3.1/../../../../arm-none-eabi/lib/thumb/v6-m/nofp/libc.a(lib_a-wbuf.o)
                0x00000000080069e4                __swbuf_r
 .text._wcrtomb_r
                0x0000000008006aac       0x40 /Users/shanewoods/Library/xPacks/@xpack-dev-tools/arm-none-eabi-gcc/10.3.1-2.3.1/.content/bin/../lib/gcc/arm-none-eabi/10.3.1/../../../../arm-none-eabi/lib/thumb/v6-m/nofp/libc.a(lib_a-wcrtomb.o)
                0x0000000008006aac                _wcrtomb_r
 .text._write_r
                0x0000000008006aec       0x28 /Users/shanewoods/Library/xPacks/@xpack-dev-tools/arm-none-eabi-gcc/10.3.1-2.3.1/.content/bin/../lib/gcc/arm-none-eabi/10.3.1/../../../../arm-none-eabi/lib/thumb/v6-m/nofp/libc.a(lib_a-writer.o)
                0x0000000008006aec                _write_r
 .text._close_r
                0x0000000008006b14       0x24 /Users/shanewoods/Library/xPacks/@xpack-dev-tools/arm-none-eabi-gcc/10.3.1-2.3.1/.content/bin/../lib/gcc/arm-none-eabi/10.3.1/../../../../arm-none-eabi/lib/thumb/v6-m/nofp/libc.a(lib_a-closer.o)
                0x0000000008006b14                _close_r
 .text._fclose_r
                0x0000000008006b38       0xdc /Users/shanewoods/Library/xPacks/@xpack-dev-tools/arm-none-eabi-gcc/10.3.1-2.3.1/.content/bin/../lib/gcc/arm-none-eabi/10.3.1/../../../../arm-none-eabi/lib/thumb/v6-m/nofp/libc.a(lib_a-fclose.o)
                0x0000000008006b38                _fclose_r
 .text._fstat_r
                0x0000000008006c14       0x28 /Users/shanewoods/Library/xPacks/@xpack-dev-tools/arm-none-eabi-gcc/10.3.1-2.3.1/.content/bin/../lib/gcc/arm-none-eabi/10.3.1/../../../../arm-none-eabi/lib/thumb/v6-m/nofp/libc.a(lib_a-fstatr.o)
                0x0000000008006c14                _fstat_r
 .text._isatty_r
                0x0000000008006c3c       0x24 /Users/shanewoods/Library/xPacks/@xpack-dev-tools/arm-none-eabi-gcc/10.3.1-2.3.1/.content/bin/../lib/gcc/arm-none-eabi/10.3.1/../../../../arm-none-eabi/lib/thumb/v6-m/nofp/libc.a(lib_a-isattyr.o)
                0x0000000008006c3c                _isatty_r
 .text._lseek_r
                0x0000000008006c60       0x28 /Users/shanewoods/Library/xPacks/@xpack-dev-tools/arm-none-eabi-gcc/10.3.1-2.3.1/.content/bin/../lib/gcc/arm-none-eabi/10.3.1/../../../../arm-none-eabi/lib/thumb/v6-m/nofp/libc.a(lib_a-lseekr.o)
                0x0000000008006c60                _lseek_r
 .text._read_r  0x0000000008006c88       0x28 /Users/shanewoods/Library/xPacks/@xpack-dev-tools/arm-none-eabi-gcc/10.3.1-2.3.1/.content/bin/../lib/gcc/arm-none-eabi/10.3.1/../../../../arm-none-eabi/lib/thumb/v6-m/nofp/libc.a(lib_a-readr.o)
                0x0000000008006c88                _read_r
 .text          0x0000000008006cb0       0x14 /Users/shanewoods/Library/xPacks/@xpack-dev-tools/arm-none-eabi-gcc/10.3.1-2.3.1/.content/bin/../lib/gcc/arm-none-eabi/10.3.1/thumb/v6-m/nofp/libgcc.a(_thumb1_case_uqi.o)
                0x0000000008006cb0                __gnu_thumb1_case_uqi
 .text          0x0000000008006cc4      0x114 /Users/shanewoods/Library/xPacks/@xpack-dev-tools/arm-none-eabi-gcc/10.3.1-2.3.1/.content/bin/../lib/gcc/arm-none-eabi/10.3.1/thumb/v6-m/nofp/libgcc.a(_udivsi3.o)
                0x0000000008006cc4                __udivsi3
                0x0000000008006cc4                __aeabi_uidiv
                0x0000000008006dd0                __aeabi_uidivmod
 .text          0x0000000008006dd8      0x1d4 /Users/shanewoods/Library/xPacks/@xpack-dev-tools/arm-none-eabi-gcc/10.3.1-2.3.1/.content/bin/../lib/gcc/arm-none-eabi/10.3.1/thumb/v6-m/nofp/libgcc.a(_divsi3.o)
                0x0000000008006dd8                __aeabi_idiv
                0x0000000008006dd8                __divsi3
                0x0000000008006fa4                __aeabi_idivmod
 .text          0x0000000008006fac        0x4 /Users/shanewoods/Library/xPacks/@xpack-dev-tools/arm-none-eabi-gcc/10.3.1-2.3.1/.content/bin/../lib/gcc/arm-none-eabi/10.3.1/thumb/v6-m/nofp/libgcc.a(_dvmd_tls.o)
                0x0000000008006fac                __aeabi_ldiv0
                0x0000000008006fac                __aeabi_idiv0
 .text          0x0000000008006fb0       0x7c /Users/shanewoods/Library/xPacks/@xpack-dev-tools/arm-none-eabi-gcc/10.3.1-2.3.1/.content/bin/../lib/gcc/arm-none-eabi/10.3.1/thumb/v6-m/nofp/libgcc.a(_arm_cmpdf2.o)
                0x0000000008006fb0                __aeabi_cdrcmple
                0x0000000008006fc0                __aeabi_cdcmple
                0x0000000008006fc0                __aeabi_cdcmpeq
                0x0000000008006fd0                __aeabi_dcmpeq
                0x0000000008006fdc                __aeabi_dcmplt
                0x0000000008006ff0                __aeabi_dcmple
                0x0000000008007004                __aeabi_dcmpgt
                0x0000000008007018                __aeabi_dcmpge
 .text          0x000000000800702c       0x40 /Users/shanewoods/Library/xPacks/@xpack-dev-tools/arm-none-eabi-gcc/10.3.1-2.3.1/.content/bin/../lib/gcc/arm-none-eabi/10.3.1/thumb/v6-m/nofp/libgcc.a(_aeabi_uldivmod.o)
                0x000000000800702c                __aeabi_uldivmod
 .text.__udivmoddi4
                0x000000000800706c      0x198 /Users/shanewoods/Library/xPacks/@xpack-dev-tools/arm-none-eabi-gcc/10.3.1-2.3.1/.content/bin/../lib/gcc/arm-none-eabi/10.3.1/thumb/v6-m/nofp/libgcc.a(_udivmoddi4.o)
                0x000000000800706c                __udivmoddi4
 .text.__aeabi_dadd
                0x0000000008007204      0x678 /Users/shanewoods/Library/xPacks/@xpack-dev-tools/arm-none-eabi-gcc/10.3.1-2.3.1/.content/bin/../lib/gcc/arm-none-eabi/10.3.1/thumb/v6-m/nofp/libgcc.a(adddf3.o)
                0x0000000008007204                __aeabi_dadd
 .text.__aeabi_ddiv
                0x000000000800787c      0x5ec /Users/shanewoods/Library/xPacks/@xpack-dev-tools/arm-none-eabi-gcc/10.3.1-2.3.1/.content/bin/../lib/gcc/arm-none-eabi/10.3.1/thumb/v6-m/nofp/libgcc.a(divdf3.o)
                0x000000000800787c                __aeabi_ddiv
 .text.__eqdf2  0x0000000008007e68       0x84 /Users/shanewoods/Library/xPacks/@xpack-dev-tools/arm-none-eabi-gcc/10.3.1-2.3.1/.content/bin/../lib/gcc/arm-none-eabi/10.3.1/thumb/v6-m/nofp/libgcc.a(eqdf2.o)
                0x0000000008007e68                __eqdf2
                0x0000000008007e68                __nedf2
 .text.__gedf2  0x0000000008007eec       0xcc /Users/shanewoods/Library/xPacks/@xpack-dev-tools/arm-none-eabi-gcc/10.3.1-2.3.1/.content/bin/../lib/gcc/arm-none-eabi/10.3.1/thumb/v6-m/nofp/libgcc.a(gedf2.o)
                0x0000000008007eec                __gtdf2
                0x0000000008007eec                __gedf2
 .text.__ledf2  0x0000000008007fb8       0xc8 /Users/shanewoods/Library/xPacks/@xpack-dev-tools/arm-none-eabi-gcc/10.3.1-2.3.1/.content/bin/../lib/gcc/arm-none-eabi/10.3.1/thumb/v6-m/nofp/libgcc.a(ledf2.o)
                0x0000000008007fb8                __ltdf2
                0x0000000008007fb8                __ledf2
 .text.__aeabi_dmul
                0x0000000008008080      0x4d8 /Users/shanewoods/Library/xPacks/@xpack-dev-tools/arm-none-eabi-gcc/10.3.1-2.3.1/.content/bin/../lib/gcc/arm-none-eabi/10.3.1/thumb/v6-m/nofp/libgcc.a(muldf3.o)
                0x0000000008008080                __aeabi_dmul
 .text.__aeabi_dsub
                0x0000000008008558      0x724 /Users/shanewoods/Library/xPacks/@xpack-dev-tools/arm-none-eabi-gcc/10.3.1-2.3.1/.content/bin/../lib/gcc/arm-none-eabi/10.3.1/thumb/v6-m/nofp/libgcc.a(subdf3.o)
                0x0000000008008558                __aeabi_dsub
 .text.__aeabi_dcmpun
                0x0000000008008c7c       0x3c /Users/shanewoods/Library/xPacks/@xpack-dev-tools/arm-none-eabi-gcc/10.3.1-2.3.1/.content/bin/../lib/gcc/arm-none-eabi/10.3.1/thumb/v6-m/nofp/libgcc.a(unorddf2.o)
                0x0000000008008c7c                __aeabi_dcmpun
 .text.__aeabi_d2iz
                0x0000000008008cb8       0x6c /Users/shanewoods/Library/xPacks/@xpack-dev-tools/arm-none-eabi-gcc/10.3.1-2.3.1/.content/bin/../lib/gcc/arm-none-eabi/10.3.1/thumb/v6-m/nofp/libgcc.a(fixdfsi.o)
                0x0000000008008cb8                __aeabi_d2iz
 .text.__aeabi_i2d
                0x0000000008008d24       0x60 /Users/shanewoods/Library/xPacks/@xpack-dev-tools/arm-none-eabi-gcc/10.3.1-2.3.1/.content/bin/../lib/gcc/arm-none-eabi/10.3.1/thumb/v6-m/nofp/libgcc.a(floatsidf.o)
                0x0000000008008d24                __aeabi_i2d
 .text.__aeabi_ui2d
                0x0000000008008d84       0x4c /Users/shanewoods/Library/xPacks/@xpack-dev-tools/arm-none-eabi-gcc/10.3.1-2.3.1/.content/bin/../lib/gcc/arm-none-eabi/10.3.1/thumb/v6-m/nofp/libgcc.a(floatunsidf.o)
                0x0000000008008d84                __aeabi_ui2d
 .text.selfrel_offset31
                0x0000000008008dd0       0x18 /Users/shanewoods/Library/xPacks/@xpack-dev-tools/arm-none-eabi-gcc/10.3.1-2.3.1/.content/bin/../lib/gcc/arm-none-eabi/10.3.1/thumb/v6-m/nofp/libgcc.a(unwind-arm.o)
 .text.search_EIT_table
                0x0000000008008de8       0x70 /Users/shanewoods/Library/xPacks/@xpack-dev-tools/arm-none-eabi-gcc/10.3.1-2.3.1/.content/bin/../lib/gcc/arm-none-eabi/10.3.1/thumb/v6-m/nofp/libgcc.a(unwind-arm.o)
 .text.__gnu_unwind_get_pr_addr
                0x0000000008008e58       0x2c /Users/shanewoods/Library/xPacks/@xpack-dev-tools/arm-none-eabi-gcc/10.3.1-2.3.1/.content/bin/../lib/gcc/arm-none-eabi/10.3.1/thumb/v6-m/nofp/libgcc.a(unwind-arm.o)
 .text.get_eit_entry
                0x0000000008008e84       0x9c /Users/shanewoods/Library/xPacks/@xpack-dev-tools/arm-none-eabi-gcc/10.3.1-2.3.1/.content/bin/../lib/gcc/arm-none-eabi/10.3.1/thumb/v6-m/nofp/libgcc.a(unwind-arm.o)
 .text.restore_non_core_regs
                0x0000000008008f20       0x5c /Users/shanewoods/Library/xPacks/@xpack-dev-tools/arm-none-eabi-gcc/10.3.1-2.3.1/.content/bin/../lib/gcc/arm-none-eabi/10.3.1/thumb/v6-m/nofp/libgcc.a(unwind-arm.o)
 .text._Unwind_decode_typeinfo_ptr.constprop.0
                0x0000000008008f7c        0xc /Users/shanewoods/Library/xPacks/@xpack-dev-tools/arm-none-eabi-gcc/10.3.1-2.3.1/.content/bin/../lib/gcc/arm-none-eabi/10.3.1/thumb/v6-m/nofp/libgcc.a(unwind-arm.o)
 .text._Unwind_DebugHook
                0x0000000008008f88        0x4 /Users/shanewoods/Library/xPacks/@xpack-dev-tools/arm-none-eabi-gcc/10.3.1-2.3.1/.content/bin/../lib/gcc/arm-none-eabi/10.3.1/thumb/v6-m/nofp/libgcc.a(unwind-arm.o)
 .text.unwind_phase2
                0x0000000008008f8c       0x3c /Users/shanewoods/Library/xPacks/@xpack-dev-tools/arm-none-eabi-gcc/10.3.1-2.3.1/.content/bin/../lib/gcc/arm-none-eabi/10.3.1/thumb/v6-m/nofp/libgcc.a(unwind-arm.o)
 .text.unwind_phase2_forced
                0x0000000008008fc8       0xd0 /Users/shanewoods/Library/xPacks/@xpack-dev-tools/arm-none-eabi-gcc/10.3.1-2.3.1/.content/bin/../lib/gcc/arm-none-eabi/10.3.1/thumb/v6-m/nofp/libgcc.a(unwind-arm.o)
 .text.__gnu_Unwind_RaiseException
                0x0000000008009098       0x54 /Users/shanewoods/Library/xPacks/@xpack-dev-tools/arm-none-eabi-gcc/10.3.1-2.3.1/.content/bin/../lib/gcc/arm-none-eabi/10.3.1/thumb/v6-m/nofp/libgcc.a(unwind-arm.o)
                0x0000000008009098                __gnu_Unwind_RaiseException
 .text.__gnu_Unwind_ForcedUnwind
                0x00000000080090ec       0x14 /Users/shanewoods/Library/xPacks/@xpack-dev-tools/arm-none-eabi-gcc/10.3.1-2.3.1/.content/bin/../lib/gcc/arm-none-eabi/10.3.1/thumb/v6-m/nofp/libgcc.a(unwind-arm.o)
                0x00000000080090ec                __gnu_Unwind_ForcedUnwind
 .text.__gnu_Unwind_Resume
                0x0000000008009100       0x48 /Users/shanewoods/Library/xPacks/@xpack-dev-tools/arm-none-eabi-gcc/10.3.1-2.3.1/.content/bin/../lib/gcc/arm-none-eabi/10.3.1/thumb/v6-m/nofp/libgcc.a(unwind-arm.o)
                0x0000000008009100                __gnu_Unwind_Resume
 .text.__gnu_Unwind_Resume_or_Rethrow
                0x0000000008009148       0x1c /Users/shanewoods/Library/xPacks/@xpack-dev-tools/arm-none-eabi-gcc/10.3.1-2.3.1/.content/bin/../lib/gcc/arm-none-eabi/10.3.1/thumb/v6-m/nofp/libgcc.a(unwind-arm.o)
                0x0000000008009148                __gnu_Unwind_Resume_or_Rethrow
 .text._Unwind_VRS_Get
                0x0000000008009164       0x34 /Users/shanewoods/Library/xPacks/@xpack-dev-tools/arm-none-eabi-gcc/10.3.1-2.3.1/.content/bin/../lib/gcc/arm-none-eabi/10.3.1/thumb/v6-m/nofp/libgcc.a(unwind-arm.o)
                0x0000000008009164                _Unwind_VRS_Get
 .text._Unwind_GetGR
                0x0000000008009198       0x18 /Users/shanewoods/Library/xPacks/@xpack-dev-tools/arm-none-eabi-gcc/10.3.1-2.3.1/.content/bin/../lib/gcc/arm-none-eabi/10.3.1/thumb/v6-m/nofp/libgcc.a(unwind-arm.o)
 .text._Unwind_VRS_Set
                0x00000000080091b0       0x34 /Users/shanewoods/Library/xPacks/@xpack-dev-tools/arm-none-eabi-gcc/10.3.1-2.3.1/.content/bin/../lib/gcc/arm-none-eabi/10.3.1/thumb/v6-m/nofp/libgcc.a(unwind-arm.o)
                0x00000000080091b0                _Unwind_VRS_Set
 .text._Unwind_SetGR
                0x00000000080091e4       0x18 /Users/shanewoods/Library/xPacks/@xpack-dev-tools/arm-none-eabi-gcc/10.3.1-2.3.1/.content/bin/../lib/gcc/arm-none-eabi/10.3.1/thumb/v6-m/nofp/libgcc.a(unwind-arm.o)
 .text.__gnu_Unwind_Backtrace
                0x00000000080091fc       0x70 /Users/shanewoods/Library/xPacks/@xpack-dev-tools/arm-none-eabi-gcc/10.3.1-2.3.1/.content/bin/../lib/gcc/arm-none-eabi/10.3.1/thumb/v6-m/nofp/libgcc.a(unwind-arm.o)
                0x00000000080091fc                __gnu_Unwind_Backtrace
 .text.__gnu_unwind_pr_common
                0x000000000800926c      0x2ec /Users/shanewoods/Library/xPacks/@xpack-dev-tools/arm-none-eabi-gcc/10.3.1-2.3.1/.content/bin/../lib/gcc/arm-none-eabi/10.3.1/thumb/v6-m/nofp/libgcc.a(unwind-arm.o)
 .text.__aeabi_unwind_cpp_pr0
                0x0000000008009558        0xc /Users/shanewoods/Library/xPacks/@xpack-dev-tools/arm-none-eabi-gcc/10.3.1-2.3.1/.content/bin/../lib/gcc/arm-none-eabi/10.3.1/thumb/v6-m/nofp/libgcc.a(unwind-arm.o)
                0x0000000008009558                __aeabi_unwind_cpp_pr0
 .text.__aeabi_unwind_cpp_pr1
                0x0000000008009564        0xc /Users/shanewoods/Library/xPacks/@xpack-dev-tools/arm-none-eabi-gcc/10.3.1-2.3.1/.content/bin/../lib/gcc/arm-none-eabi/10.3.1/thumb/v6-m/nofp/libgcc.a(unwind-arm.o)
                0x0000000008009564                __aeabi_unwind_cpp_pr1
 .text.__aeabi_unwind_cpp_pr2
                0x0000000008009570        0xc /Users/shanewoods/Library/xPacks/@xpack-dev-tools/arm-none-eabi-gcc/10.3.1-2.3.1/.content/bin/../lib/gcc/arm-none-eabi/10.3.1/thumb/v6-m/nofp/libgcc.a(unwind-arm.o)
                0x0000000008009570                __aeabi_unwind_cpp_pr2
 .text._Unwind_VRS_Pop
                0x000000000800957c      0x268 /Users/shanewoods/Library/xPacks/@xpack-dev-tools/arm-none-eabi-gcc/10.3.1-2.3.1/.content/bin/../lib/gcc/arm-none-eabi/10.3.1/thumb/v6-m/nofp/libgcc.a(unwind-arm.o)
                0x000000000800957c                _Unwind_VRS_Pop
 .text          0x00000000080097e4      0x144 /Users/shanewoods/Library/xPacks/@xpack-dev-tools/arm-none-eabi-gcc/10.3.1-2.3.1/.content/bin/../lib/gcc/arm-none-eabi/10.3.1/thumb/v6-m/nofp/libgcc.a(libunwind.o)
                0x00000000080097e4                __restore_core_regs
                0x00000000080097e4                restore_core_regs
                0x0000000008009810                __gnu_Unwind_Restore_VFP
                0x0000000008009814                __gnu_Unwind_Save_VFP
                0x0000000008009818                __gnu_Unwind_Restore_VFP_D
                0x000000000800981c                __gnu_Unwind_Save_VFP_D
                0x0000000008009820                __gnu_Unwind_Restore_VFP_D_16_to_31
                0x0000000008009824                __gnu_Unwind_Save_VFP_D_16_to_31
                0x0000000008009828                __gnu_Unwind_Restore_WMMXD
                0x000000000800982c                __gnu_Unwind_Save_WMMXD
                0x0000000008009830                __gnu_Unwind_Restore_WMMXC
                0x0000000008009834                __gnu_Unwind_Save_WMMXC
                0x0000000008009838                _Unwind_RaiseException
                0x0000000008009838                ___Unwind_RaiseException
                0x0000000008009868                ___Unwind_Resume
                0x0000000008009868                _Unwind_Resume
                0x0000000008009898                ___Unwind_Resume_or_Rethrow
                0x0000000008009898                _Unwind_Resume_or_Rethrow
                0x00000000080098c8                _Unwind_ForcedUnwind
                0x00000000080098c8                ___Unwind_ForcedUnwind
                0x00000000080098f8                _Unwind_Backtrace
                0x00000000080098f8                ___Unwind_Backtrace
 .text.next_unwind_byte
                0x0000000008009928       0x34 /Users/shanewoods/Library/xPacks/@xpack-dev-tools/arm-none-eabi-gcc/10.3.1-2.3.1/.content/bin/../lib/gcc/arm-none-eabi/10.3.1/thumb/v6-m/nofp/libgcc.a(pr-support.o)
 .text.__gnu_unwind_execute
                0x000000000800995c      0x2f0 /Users/shanewoods/Library/xPacks/@xpack-dev-tools/arm-none-eabi-gcc/10.3.1-2.3.1/.content/bin/../lib/gcc/arm-none-eabi/10.3.1/thumb/v6-m/nofp/libgcc.a(pr-support.o)
                0x000000000800995c                __gnu_unwind_execute
 .text          0x0000000008009c4c       0x3c /Users/shanewoods/Library/xPacks/@xpack-dev-tools/arm-none-eabi-gcc/10.3.1-2.3.1/.content/bin/../lib/gcc/arm-none-eabi/10.3.1/thumb/v6-m/nofp/libgcc.a(_clzsi2.o)
                0x0000000008009c4c                __clzsi2
 .text          0x0000000008009c88       0x18 /Users/shanewoods/Library/xPacks/@xpack-dev-tools/arm-none-eabi-gcc/10.3.1-2.3.1/.content/bin/../lib/gcc/arm-none-eabi/10.3.1/thumb/v6-m/nofp/libgcc.a(_clzdi2.o)
                0x0000000008009c88                __clzdi2
 .text._close   0x0000000008009ca0       0x10 /Users/shanewoods/Library/xPacks/@xpack-dev-tools/arm-none-eabi-gcc/10.3.1-2.3.1/.content/bin/../lib/gcc/arm-none-eabi/10.3.1/../../../../arm-none-eabi/lib/thumb/v6-m/nofp/libnosys.a(close.o)
                0x0000000008009ca0                _close
 .text._fstat   0x0000000008009cb0       0x10 /Users/shanewoods/Library/xPacks/@xpack-dev-tools/arm-none-eabi-gcc/10.3.1-2.3.1/.content/bin/../lib/gcc/arm-none-eabi/10.3.1/../../../../arm-none-eabi/lib/thumb/v6-m/nofp/libnosys.a(fstat.o)
                0x0000000008009cb0                _fstat
 .text._getpid  0x0000000008009cc0       0x10 /Users/shanewoods/Library/xPacks/@xpack-dev-tools/arm-none-eabi-gcc/10.3.1-2.3.1/.content/bin/../lib/gcc/arm-none-eabi/10.3.1/../../../../arm-none-eabi/lib/thumb/v6-m/nofp/libnosys.a(getpid.o)
                0x0000000008009cc0                _getpid
 .text._isatty  0x0000000008009cd0       0x10 /Users/shanewoods/Library/xPacks/@xpack-dev-tools/arm-none-eabi-gcc/10.3.1-2.3.1/.content/bin/../lib/gcc/arm-none-eabi/10.3.1/../../../../arm-none-eabi/lib/thumb/v6-m/nofp/libnosys.a(isatty.o)
                0x0000000008009cd0                _isatty
 .text._kill    0x0000000008009ce0       0x10 /Users/shanewoods/Library/xPacks/@xpack-dev-tools/arm-none-eabi-gcc/10.3.1-2.3.1/.content/bin/../lib/gcc/arm-none-eabi/10.3.1/../../../../arm-none-eabi/lib/thumb/v6-m/nofp/libnosys.a(kill.o)
                0x0000000008009ce0                _kill
 .text._lseek   0x0000000008009cf0       0x10 /Users/shanewoods/Library/xPacks/@xpack-dev-tools/arm-none-eabi-gcc/10.3.1-2.3.1/.content/bin/../lib/gcc/arm-none-eabi/10.3.1/../../../../arm-none-eabi/lib/thumb/v6-m/nofp/libnosys.a(lseek.o)
                0x0000000008009cf0                _lseek
 .text._read    0x0000000008009d00       0x10 /Users/shanewoods/Library/xPacks/@xpack-dev-tools/arm-none-eabi-gcc/10.3.1-2.3.1/.content/bin/../lib/gcc/arm-none-eabi/10.3.1/../../../../arm-none-eabi/lib/thumb/v6-m/nofp/libnosys.a(read.o)
                0x0000000008009d00                _read
 .text._sbrk    0x0000000008009d10       0x1c /Users/shanewoods/Library/xPacks/@xpack-dev-tools/arm-none-eabi-gcc/10.3.1-2.3.1/.content/bin/../lib/gcc/arm-none-eabi/10.3.1/../../../../arm-none-eabi/lib/thumb/v6-m/nofp/libnosys.a(sbrk.o)
                0x0000000008009d10                _sbrk
 .text._write   0x0000000008009d2c       0x10 /Users/shanewoods/Library/xPacks/@xpack-dev-tools/arm-none-eabi-gcc/10.3.1-2.3.1/.content/bin/../lib/gcc/arm-none-eabi/10.3.1/../../../../arm-none-eabi/lib/thumb/v6-m/nofp/libnosys.a(write.o)
                0x0000000008009d2c                _write
 .text._exit    0x0000000008009d3c        0x4 /Users/shanewoods/Library/xPacks/@xpack-dev-tools/arm-none-eabi-gcc/10.3.1-2.3.1/.content/bin/../lib/gcc/arm-none-eabi/10.3.1/../../../../arm-none-eabi/lib/thumb/v6-m/nofp/libnosys.a(_exit.o)
                0x0000000008009d3c                _exit
                0x0000000008009d40                . = ALIGN (0x4)
 *(.rodata*)
 .rodata.main.str1.1
                0x0000000008009d40       0x37 spi_eadc.o
 *fill*         0x0000000008009d77        0x1 
 .rodata._svfprintf_r.str1.4
                0x0000000008009d78       0x42 /Users/shanewoods/Library/xPacks/@xpack-dev-tools/arm-none-eabi-gcc/10.3.1-2.3.1/.content/bin/../lib/gcc/arm-none-eabi/10.3.1/../../../../arm-none-eabi/lib/thumb/v6-m/nofp/libc.a(lib_a-svfprintf.o)
 *fill*         0x0000000008009dba        0x2 
 .rodata._svfprintf_r
                0x0000000008009dbc      0x16c /Users/shanewoods/Library/xPacks/@xpack-dev-tools/arm-none-eabi-gcc/10.3.1-2.3.1/.content/bin/../lib/gcc/arm-none-eabi/10.3.1/../../../../arm-none-eabi/lib/thumb/v6-m/nofp/libc.a(lib_a-svfprintf.o)
 .rodata.blanks.1
                0x0000000008009f28       0x10 /Users/shanewoods/Library/xPacks/@xpack-dev-tools/arm-none-eabi-gcc/10.3.1-2.3.1/.content/bin/../lib/gcc/arm-none-eabi/10.3.1/../../../../arm-none-eabi/lib/thumb/v6-m/nofp/libc.a(lib_a-svfprintf.o)
 .rodata.zeroes.0
                0x0000000008009f38       0x10 /Users/shanewoods/Library/xPacks/@xpack-dev-tools/arm-none-eabi-gcc/10.3.1-2.3.1/.content/bin/../lib/gcc/arm-none-eabi/10.3.1/../../../../arm-none-eabi/lib/thumb/v6-m/nofp/libc.a(lib_a-svfprintf.o)
 .rodata._dtoa_r.str1.4
                0x0000000008009f48       0x87 /Users/shanewoods/Library/xPacks/@xpack-dev-tools/arm-none-eabi-gcc/10.3.1-2.3.1/.content/bin/../lib/gcc/arm-none-eabi/10.3.1/../../../../arm-none-eabi/lib/thumb/v6-m/nofp/libc.a(lib_a-dtoa.o)
                                         0x8b (size before relaxing)
 *fill*         0x0000000008009fcf        0x1 
 .rodata.__multadd.str1.4
                0x0000000008009fd0       0x64 /Users/shanewoods/Library/xPacks/@xpack-dev-tools/arm-none-eabi-gcc/10.3.1-2.3.1/.content/bin/../lib/gcc/arm-none-eabi/10.3.1/../../../../arm-none-eabi/lib/thumb/v6-m/nofp/libc.a(lib_a-mprec.o)
                                         0x78 (size before relaxing)
 *fill*         0x000000000800a034        0x4 
 .rodata.__mprec_bigtens
                0x000000000800a038       0x28 /Users/shanewoods/Library/xPacks/@xpack-dev-tools/arm-none-eabi-gcc/10.3.1-2.3.1/.content/bin/../lib/gcc/arm-none-eabi/10.3.1/../../../../arm-none-eabi/lib/thumb/v6-m/nofp/libc.a(lib_a-mprec.o)
                0x000000000800a038                __mprec_bigtens
 .rodata.__mprec_tens
                0x000000000800a060       0xc8 /Users/shanewoods/Library/xPacks/@xpack-dev-tools/arm-none-eabi-gcc/10.3.1-2.3.1/.content/bin/../lib/gcc/arm-none-eabi/10.3.1/../../../../arm-none-eabi/lib/thumb/v6-m/nofp/libc.a(lib_a-mprec.o)
                0x000000000800a060                __mprec_tens
 .rodata.p05.0  0x000000000800a128        0xc /Users/shanewoods/Library/xPacks/@xpack-dev-tools/arm-none-eabi-gcc/10.3.1-2.3.1/.content/bin/../lib/gcc/arm-none-eabi/10.3.1/../../../../arm-none-eabi/lib/thumb/v6-m/nofp/libc.a(lib_a-mprec.o)
 .rodata.__assert_func.str1.4
                0x000000000800a134       0x3f /Users/shanewoods/Library/xPacks/@xpack-dev-tools/arm-none-eabi-gcc/10.3.1-2.3.1/.content/bin/../lib/gcc/arm-none-eabi/10.3.1/../../../../arm-none-eabi/lib/thumb/v6-m/nofp/libc.a(lib_a-assert.o)
                                         0x43 (size before relaxing)
 *fill*         0x000000000800a173        0x1 
 .rodata._setlocale_r.str1.4
                0x000000000800a174        0xa /Users/shanewoods/Library/xPacks/@xpack-dev-tools/arm-none-eabi-gcc/10.3.1-2.3.1/.content/bin/../lib/gcc/arm-none-eabi/10.3.1/../../../../arm-none-eabi/lib/thumb/v6-m/nofp/libc.a(lib_a-locale.o)
                                          0xd (size before relaxing)
 *fill*         0x000000000800a17e        0x2 
 .rodata.str1.4
                0x000000000800a180        0x2 /Users/shanewoods/Library/xPacks/@xpack-dev-tools/arm-none-eabi-gcc/10.3.1-2.3.1/.content/bin/../lib/gcc/arm-none-eabi/10.3.1/../../../../arm-none-eabi/lib/thumb/v6-m/nofp/libc.a(lib_a-locale.o)
 .rodata._vfiprintf_r.str1.4
                0x000000000800a182       0x2f /Users/shanewoods/Library/xPacks/@xpack-dev-tools/arm-none-eabi-gcc/10.3.1-2.3.1/.content/bin/../lib/gcc/arm-none-eabi/10.3.1/../../../../arm-none-eabi/lib/thumb/v6-m/nofp/libc.a(lib_a-vfiprintf.o)
 *fill*         0x000000000800a182        0x2 
 .rodata._vfiprintf_r
                0x000000000800a184      0x16c /Users/shanewoods/Library/xPacks/@xpack-dev-tools/arm-none-eabi-gcc/10.3.1-2.3.1/.content/bin/../lib/gcc/arm-none-eabi/10.3.1/../../../../arm-none-eabi/lib/thumb/v6-m/nofp/libc.a(lib_a-vfiprintf.o)
 .rodata.blanks.1
                0x000000000800a2f0       0x10 /Users/shanewoods/Library/xPacks/@xpack-dev-tools/arm-none-eabi-gcc/10.3.1-2.3.1/.content/bin/../lib/gcc/arm-none-eabi/10.3.1/../../../../arm-none-eabi/lib/thumb/v6-m/nofp/libc.a(lib_a-vfiprintf.o)
 .rodata.zeroes.0
                0x000000000800a300       0x10 /Users/shanewoods/Library/xPacks/@xpack-dev-tools/arm-none-eabi-gcc/10.3.1-2.3.1/.content/bin/../lib/gcc/arm-none-eabi/10.3.1/../../../../arm-none-eabi/lib/thumb/v6-m/nofp/libc.a(lib_a-vfiprintf.o)
 .rodata._ctype_
                0x000000000800a310      0x101 /Users/shanewoods/Library/xPacks/@xpack-dev-tools/arm-none-eabi-gcc/10.3.1-2.3.1/.content/bin/../lib/gcc/arm-none-eabi/10.3.1/../../../../arm-none-eabi/lib/thumb/v6-m/nofp/libc.a(lib_a-ctype_.o)
                0x000000000800a310                _ctype_
 *fill*         0x000000000800a411        0x3 
 .rodata.__aeabi_ddiv
                0x000000000800a414       0x40 /Users/shanewoods/Library/xPacks/@xpack-dev-tools/arm-none-eabi-gcc/10.3.1-2.3.1/.content/bin/../lib/gcc/arm-none-eabi/10.3.1/thumb/v6-m/nofp/libgcc.a(divdf3.o)
 .rodata.__aeabi_dmul
                0x000000000800a454       0x40 /Users/shanewoods/Library/xPacks/@xpack-dev-tools/arm-none-eabi-gcc/10.3.1-2.3.1/.content/bin/../lib/gcc/arm-none-eabi/10.3.1/thumb/v6-m/nofp/libgcc.a(muldf3.o)
                0x000000000800a494                . = ALIGN (0x4)

.glue_7         0x000000000800a494        0x0
 .glue_7        0x000000000800a494        0x0 linker stubs

.glue_7t        0x000000000800a494        0x0
 .glue_7t       0x000000000800a494        0x0 linker stubs

.vfp11_veneer   0x000000000800a494        0x0
 .vfp11_veneer  0x000000000800a494        0x0 linker stubs

.v4_bx          0x000000000800a494        0x0
 .v4_bx         0x000000000800a494        0x0 linker stubs

.iplt           0x000000000800a494        0x0
 .iplt          0x000000000800a494        0x0 spi_eadc.o

.preinit_array  0x000000000800a494        0x0
                0x000000000800a494                . = ALIGN (0x4)
                0x000000000800a494                __preinit_array_start = .
 *(.preinit_array)
                0x000000000800a494                __preinit_array_end = .

.init_array     0x000000000800a494        0x0
                0x000000000800a494                . = ALIGN (0x4)
                0x000000000800a494                __init_array_start = .
 *(SORT_BY_NAME(.init_array.*))
 *(.init_array)
                0x000000000800a494                __init_array_end = .

.fini_array     0x000000000800a494        0x0
                0x000000000800a494                . = ALIGN (0x4)
                0x000000000800a494                __fini_array_start = .
 *(.fini_array)
 *(SORT_BY_NAME(.fini_array.*))
                0x000000000800a494                __fini_array_end = .

.ARM.extab      0x000000000800a494      0x114
 *(.ARM.extab*)
 .ARM.extab.text._svfprintf_r
                0x000000000800a494        0xc /Users/shanewoods/Library/xPacks/@xpack-dev-tools/arm-none-eabi-gcc/10.3.1-2.3.1/.content/bin/../lib/gcc/arm-none-eabi/10.3.1/../../../../arm-none-eabi/lib/thumb/v6-m/nofp/libc.a(lib_a-svfprintf.o)
 .ARM.extab.text.quorem
                0x000000000800a4a0        0xc /Users/shanewoods/Library/xPacks/@xpack-dev-tools/arm-none-eabi-gcc/10.3.1-2.3.1/.content/bin/../lib/gcc/arm-none-eabi/10.3.1/../../../../arm-none-eabi/lib/thumb/v6-m/nofp/libc.a(lib_a-dtoa.o)
 .ARM.extab.text._dtoa_r
                0x000000000800a4ac        0xc /Users/shanewoods/Library/xPacks/@xpack-dev-tools/arm-none-eabi-gcc/10.3.1-2.3.1/.content/bin/../lib/gcc/arm-none-eabi/10.3.1/../../../../arm-none-eabi/lib/thumb/v6-m/nofp/libc.a(lib_a-dtoa.o)
 .ARM.extab.text._malloc_r
                0x000000000800a4b8        0xc /Users/shanewoods/Library/xPacks/@xpack-dev-tools/arm-none-eabi-gcc/10.3.1-2.3.1/.content/bin/../lib/gcc/arm-none-eabi/10.3.1/../../../../arm-none-eabi/lib/thumb/v6-m/nofp/libc.a(lib_a-mallocr.o)
 .ARM.extab.text.__multiply
                0x000000000800a4c4        0xc /Users/shanewoods/Library/xPacks/@xpack-dev-tools/arm-none-eabi-gcc/10.3.1-2.3.1/.content/bin/../lib/gcc/arm-none-eabi/10.3.1/../../../../arm-none-eabi/lib/thumb/v6-m/nofp/libc.a(lib_a-mprec.o)
 .ARM.extab.text.__pow5mult
                0x000000000800a4d0        0xc /Users/shanewoods/Library/xPacks/@xpack-dev-tools/arm-none-eabi-gcc/10.3.1-2.3.1/.content/bin/../lib/gcc/arm-none-eabi/10.3.1/../../../../arm-none-eabi/lib/thumb/v6-m/nofp/libc.a(lib_a-mprec.o)
 .ARM.extab.text.__lshift
                0x000000000800a4dc        0xc /Users/shanewoods/Library/xPacks/@xpack-dev-tools/arm-none-eabi-gcc/10.3.1-2.3.1/.content/bin/../lib/gcc/arm-none-eabi/10.3.1/../../../../arm-none-eabi/lib/thumb/v6-m/nofp/libc.a(lib_a-mprec.o)
 .ARM.extab.text.__mdiff
                0x000000000800a4e8        0xc /Users/shanewoods/Library/xPacks/@xpack-dev-tools/arm-none-eabi-gcc/10.3.1-2.3.1/.content/bin/../lib/gcc/arm-none-eabi/10.3.1/../../../../arm-none-eabi/lib/thumb/v6-m/nofp/libc.a(lib_a-mprec.o)
 .ARM.extab.text.__ssprint_r
                0x000000000800a4f4        0xc /Users/shanewoods/Library/xPacks/@xpack-dev-tools/arm-none-eabi-gcc/10.3.1-2.3.1/.content/bin/../lib/gcc/arm-none-eabi/10.3.1/../../../../arm-none-eabi/lib/thumb/v6-m/nofp/libc.a(lib_a-svfiprintf.o)
 .ARM.extab.text.fiprintf
                0x000000000800a500        0xc /Users/shanewoods/Library/xPacks/@xpack-dev-tools/arm-none-eabi-gcc/10.3.1-2.3.1/.content/bin/../lib/gcc/arm-none-eabi/10.3.1/../../../../arm-none-eabi/lib/thumb/v6-m/nofp/libc.a(lib_a-fiprintf.o)
 .ARM.extab.text._realloc_r
                0x000000000800a50c        0xc /Users/shanewoods/Library/xPacks/@xpack-dev-tools/arm-none-eabi-gcc/10.3.1-2.3.1/.content/bin/../lib/gcc/arm-none-eabi/10.3.1/../../../../arm-none-eabi/lib/thumb/v6-m/nofp/libc.a(lib_a-reallocr.o)
 .ARM.extab.text.__sprint_r.part.0
                0x000000000800a518        0xc /Users/shanewoods/Library/xPacks/@xpack-dev-tools/arm-none-eabi-gcc/10.3.1-2.3.1/.content/bin/../lib/gcc/arm-none-eabi/10.3.1/../../../../arm-none-eabi/lib/thumb/v6-m/nofp/libc.a(lib_a-vfiprintf.o)
 .ARM.extab.text._vfiprintf_r
                0x000000000800a524        0xc /Users/shanewoods/Library/xPacks/@xpack-dev-tools/arm-none-eabi-gcc/10.3.1-2.3.1/.content/bin/../lib/gcc/arm-none-eabi/10.3.1/../../../../arm-none-eabi/lib/thumb/v6-m/nofp/libc.a(lib_a-vfiprintf.o)
 .ARM.extab.text.__sbprintf
                0x000000000800a530        0xc /Users/shanewoods/Library/xPacks/@xpack-dev-tools/arm-none-eabi-gcc/10.3.1-2.3.1/.content/bin/../lib/gcc/arm-none-eabi/10.3.1/../../../../arm-none-eabi/lib/thumb/v6-m/nofp/libc.a(lib_a-vfiprintf.o)
 .ARM.extab.text.__sinit
                0x000000000800a53c        0xc /Users/shanewoods/Library/xPacks/@xpack-dev-tools/arm-none-eabi-gcc/10.3.1-2.3.1/.content/bin/../lib/gcc/arm-none-eabi/10.3.1/../../../../arm-none-eabi/lib/thumb/v6-m/nofp/libc.a(lib_a-findfp.o)
 .ARM.extab.text.__fputwc
                0x000000000800a548        0xc /Users/shanewoods/Library/xPacks/@xpack-dev-tools/arm-none-eabi-gcc/10.3.1-2.3.1/.content/bin/../lib/gcc/arm-none-eabi/10.3.1/../../../../arm-none-eabi/lib/thumb/v6-m/nofp/libc.a(lib_a-fputwc.o)
 .ARM.extab.text.__sfvwrite_r
                0x000000000800a554        0xc /Users/shanewoods/Library/xPacks/@xpack-dev-tools/arm-none-eabi-gcc/10.3.1-2.3.1/.content/bin/../lib/gcc/arm-none-eabi/10.3.1/../../../../arm-none-eabi/lib/thumb/v6-m/nofp/libc.a(lib_a-fvwrite.o)
 .ARM.extab.text._fwalk_reent
                0x000000000800a560        0xc /Users/shanewoods/Library/xPacks/@xpack-dev-tools/arm-none-eabi-gcc/10.3.1-2.3.1/.content/bin/../lib/gcc/arm-none-eabi/10.3.1/../../../../arm-none-eabi/lib/thumb/v6-m/nofp/libc.a(lib_a-fwalk.o)
 .ARM.extab.text.__smakebuf_r
                0x000000000800a56c        0xc /Users/shanewoods/Library/xPacks/@xpack-dev-tools/arm-none-eabi-gcc/10.3.1-2.3.1/.content/bin/../lib/gcc/arm-none-eabi/10.3.1/../../../../arm-none-eabi/lib/thumb/v6-m/nofp/libc.a(lib_a-makebuf.o)
 .ARM.extab.text.unwind_phase2_forced
                0x000000000800a578        0xc /Users/shanewoods/Library/xPacks/@xpack-dev-tools/arm-none-eabi-gcc/10.3.1-2.3.1/.content/bin/../lib/gcc/arm-none-eabi/10.3.1/thumb/v6-m/nofp/libgcc.a(unwind-arm.o)
 .ARM.extab.text.__gnu_unwind_pr_common
                0x000000000800a584        0xc /Users/shanewoods/Library/xPacks/@xpack-dev-tools/arm-none-eabi-gcc/10.3.1-2.3.1/.content/bin/../lib/gcc/arm-none-eabi/10.3.1/thumb/v6-m/nofp/libgcc.a(unwind-arm.o)
 .ARM.extab.text._Unwind_VRS_Pop
                0x000000000800a590        0xc /Users/shanewoods/Library/xPacks/@xpack-dev-tools/arm-none-eabi-gcc/10.3.1-2.3.1/.content/bin/../lib/gcc/arm-none-eabi/10.3.1/thumb/v6-m/nofp/libgcc.a(unwind-arm.o)
 .ARM.extab.text.__gnu_unwind_execute
                0x000000000800a59c        0xc /Users/shanewoods/Library/xPacks/@xpack-dev-tools/arm-none-eabi-gcc/10.3.1-2.3.1/.content/bin/../lib/gcc/arm-none-eabi/10.3.1/thumb/v6-m/nofp/libgcc.a(pr-support.o)

.ARM.exidx      0x000000000800a5a8      0x268
                0x000000000800a5a8                __exidx_start = .
 *(.ARM.exidx*)
 .ARM.exidx.text.snprintf
                0x000000000800a5a8        0x8 /Users/shanewoods/Library/xPacks/@xpack-dev-tools/arm-none-eabi-gcc/10.3.1-2.3.1/.content/bin/../lib/gcc/arm-none-eabi/10.3.1/../../../../arm-none-eabi/lib/thumb/v6-m/nofp/libc.a(lib_a-snprintf.o)
 .ARM.exidx.text.strlen
                0x000000000800a5b0        0x8 /Users/shanewoods/Library/xPacks/@xpack-dev-tools/arm-none-eabi-gcc/10.3.1-2.3.1/.content/bin/../lib/gcc/arm-none-eabi/10.3.1/../../../../arm-none-eabi/lib/thumb/v6-m/nofp/libc.a(lib_a-strlen-stub.o)
 .ARM.exidx.text._svfprintf_r
                0x000000000800a5b8        0x8 /Users/shanewoods/Library/xPacks/@xpack-dev-tools/arm-none-eabi-gcc/10.3.1-2.3.1/.content/bin/../lib/gcc/arm-none-eabi/10.3.1/../../../../arm-none-eabi/lib/thumb/v6-m/nofp/libc.a(lib_a-svfprintf.o)
 .ARM.exidx.text.quorem
                0x000000000800a5c0        0x8 /Users/shanewoods/Library/xPacks/@xpack-dev-tools/arm-none-eabi-gcc/10.3.1-2.3.1/.content/bin/../lib/gcc/arm-none-eabi/10.3.1/../../../../arm-none-eabi/lib/thumb/v6-m/nofp/libc.a(lib_a-dtoa.o)
 .ARM.exidx.text._dtoa_r
                0x000000000800a5c8        0x8 /Users/shanewoods/Library/xPacks/@xpack-dev-tools/arm-none-eabi-gcc/10.3.1-2.3.1/.content/bin/../lib/gcc/arm-none-eabi/10.3.1/../../../../arm-none-eabi/lib/thumb/v6-m/nofp/libc.a(lib_a-dtoa.o)
 .ARM.exidx.text._malloc_trim_r
                0x000000000800a5d0        0x8 /Users/shanewoods/Library/xPacks/@xpack-dev-tools/arm-none-eabi-gcc/10.3.1-2.3.1/.content/bin/../lib/gcc/arm-none-eabi/10.3.1/../../../../arm-none-eabi/lib/thumb/v6-m/nofp/libc.a(lib_a-freer.o)
 .ARM.exidx.text._free_r
                0x000000000800a5d8        0x8 /Users/shanewoods/Library/xPacks/@xpack-dev-tools/arm-none-eabi-gcc/10.3.1-2.3.1/.content/bin/../lib/gcc/arm-none-eabi/10.3.1/../../../../arm-none-eabi/lib/thumb/v6-m/nofp/libc.a(lib_a-freer.o)
 .ARM.exidx.text._localeconv_r
                0x000000000800a5e0        0x8 /Users/shanewoods/Library/xPacks/@xpack-dev-tools/arm-none-eabi-gcc/10.3.1-2.3.1/.content/bin/../lib/gcc/arm-none-eabi/10.3.1/../../../../arm-none-eabi/lib/thumb/v6-m/nofp/libc.a(lib_a-localeconv.o)
 .ARM.exidx.text._malloc_r
                0x000000000800a5e8        0x8 /Users/shanewoods/Library/xPacks/@xpack-dev-tools/arm-none-eabi-gcc/10.3.1-2.3.1/.content/bin/../lib/gcc/arm-none-eabi/10.3.1/../../../../arm-none-eabi/lib/thumb/v6-m/nofp/libc.a(lib_a-mallocr.o)
 .ARM.exidx.text.memchr
                0x000000000800a5f0        0x8 /Users/shanewoods/Library/xPacks/@xpack-dev-tools/arm-none-eabi-gcc/10.3.1-2.3.1/.content/bin/../lib/gcc/arm-none-eabi/10.3.1/../../../../arm-none-eabi/lib/thumb/v6-m/nofp/libc.a(lib_a-memchr-stub.o)
 .ARM.exidx.text.memcpy
                0x000000000800a5f8        0x0 /Users/shanewoods/Library/xPacks/@xpack-dev-tools/arm-none-eabi-gcc/10.3.1-2.3.1/.content/bin/../lib/gcc/arm-none-eabi/10.3.1/../../../../arm-none-eabi/lib/thumb/v6-m/nofp/libc.a(lib_a-memcpy-stub.o)
                                          0x8 (size before relaxing)
 .ARM.exidx.text.__malloc_lock
                0x000000000800a5f8        0x8 /Users/shanewoods/Library/xPacks/@xpack-dev-tools/arm-none-eabi-gcc/10.3.1-2.3.1/.content/bin/../lib/gcc/arm-none-eabi/10.3.1/../../../../arm-none-eabi/lib/thumb/v6-m/nofp/libc.a(lib_a-mlock.o)
 .ARM.exidx.text.__malloc_unlock
                0x000000000800a600        0x0 /Users/shanewoods/Library/xPacks/@xpack-dev-tools/arm-none-eabi-gcc/10.3.1-2.3.1/.content/bin/../lib/gcc/arm-none-eabi/10.3.1/../../../../arm-none-eabi/lib/thumb/v6-m/nofp/libc.a(lib_a-mlock.o)
                                          0x8 (size before relaxing)
 .ARM.exidx.text._Balloc
                0x000000000800a600        0x8 /Users/shanewoods/Library/xPacks/@xpack-dev-tools/arm-none-eabi-gcc/10.3.1-2.3.1/.content/bin/../lib/gcc/arm-none-eabi/10.3.1/../../../../arm-none-eabi/lib/thumb/v6-m/nofp/libc.a(lib_a-mprec.o)
 .ARM.exidx.text._Bfree
                0x000000000800a608        0x8 /Users/shanewoods/Library/xPacks/@xpack-dev-tools/arm-none-eabi-gcc/10.3.1-2.3.1/.content/bin/../lib/gcc/arm-none-eabi/10.3.1/../../../../arm-none-eabi/lib/thumb/v6-m/nofp/libc.a(lib_a-mprec.o)
 .ARM.exidx.text.__multadd
                0x000000000800a610        0x8 /Users/shanewoods/Library/xPacks/@xpack-dev-tools/arm-none-eabi-gcc/10.3.1-2.3.1/.content/bin/../lib/gcc/arm-none-eabi/10.3.1/../../../../arm-none-eabi/lib/thumb/v6-m/nofp/libc.a(lib_a-mprec.o)
 .ARM.exidx.text.__hi0bits
                0x000000000800a618        0x8 /Users/shanewoods/Library/xPacks/@xpack-dev-tools/arm-none-eabi-gcc/10.3.1-2.3.1/.content/bin/../lib/gcc/arm-none-eabi/10.3.1/../../../../arm-none-eabi/lib/thumb/v6-m/nofp/libc.a(lib_a-mprec.o)
 .ARM.exidx.text.__lo0bits
                0x000000000800a620        0x0 /Users/shanewoods/Library/xPacks/@xpack-dev-tools/arm-none-eabi-gcc/10.3.1-2.3.1/.content/bin/../lib/gcc/arm-none-eabi/10.3.1/../../../../arm-none-eabi/lib/thumb/v6-m/nofp/libc.a(lib_a-mprec.o)
                                          0x8 (size before relaxing)
 .ARM.exidx.text.__i2b
                0x000000000800a620        0x8 /Users/shanewoods/Library/xPacks/@xpack-dev-tools/arm-none-eabi-gcc/10.3.1-2.3.1/.content/bin/../lib/gcc/arm-none-eabi/10.3.1/../../../../arm-none-eabi/lib/thumb/v6-m/nofp/libc.a(lib_a-mprec.o)
 .ARM.exidx.text.__multiply
                0x000000000800a628        0x8 /Users/shanewoods/Library/xPacks/@xpack-dev-tools/arm-none-eabi-gcc/10.3.1-2.3.1/.content/bin/../lib/gcc/arm-none-eabi/10.3.1/../../../../arm-none-eabi/lib/thumb/v6-m/nofp/libc.a(lib_a-mprec.o)
 .ARM.exidx.text.__pow5mult
                0x000000000800a630        0x8 /Users/shanewoods/Library/xPacks/@xpack-dev-tools/arm-none-eabi-gcc/10.3.1-2.3.1/.content/bin/../lib/gcc/arm-none-eabi/10.3.1/../../../../arm-none-eabi/lib/thumb/v6-m/nofp/libc.a(lib_a-mprec.o)
 .ARM.exidx.text.__lshift
                0x000000000800a638        0x8 /Users/shanewoods/Library/xPacks/@xpack-dev-tools/arm-none-eabi-gcc/10.3.1-2.3.1/.content/bin/../lib/gcc/arm-none-eabi/10.3.1/../../../../arm-none-eabi/lib/thumb/v6-m/nofp/libc.a(lib_a-mprec.o)
 .ARM.exidx.text.__mcmp
                0x000000000800a640        0x8 /Users/shanewoods/Library/xPacks/@xpack-dev-tools/arm-none-eabi-gcc/10.3.1-2.3.1/.content/bin/../lib/gcc/arm-none-eabi/10.3.1/../../../../arm-none-eabi/lib/thumb/v6-m/nofp/libc.a(lib_a-mprec.o)
 .ARM.exidx.text.__mdiff
                0x000000000800a648        0x8 /Users/shanewoods/Library/xPacks/@xpack-dev-tools/arm-none-eabi-gcc/10.3.1-2.3.1/.content/bin/../lib/gcc/arm-none-eabi/10.3.1/../../../../arm-none-eabi/lib/thumb/v6-m/nofp/libc.a(lib_a-mprec.o)
 .ARM.exidx.text.__d2b
                0x000000000800a650        0x8 /Users/shanewoods/Library/xPacks/@xpack-dev-tools/arm-none-eabi-gcc/10.3.1-2.3.1/.content/bin/../lib/gcc/arm-none-eabi/10.3.1/../../../../arm-none-eabi/lib/thumb/v6-m/nofp/libc.a(lib_a-mprec.o)
 .ARM.exidx.text.frexp
                0x000000000800a658        0x8 /Users/shanewoods/Library/xPacks/@xpack-dev-tools/arm-none-eabi-gcc/10.3.1-2.3.1/.content/bin/../lib/gcc/arm-none-eabi/10.3.1/../../../../arm-none-eabi/lib/thumb/v6-m/nofp/libc.a(lib_a-s_frexp.o)
 .ARM.exidx.text._sbrk_r
                0x000000000800a660        0x8 /Users/shanewoods/Library/xPacks/@xpack-dev-tools/arm-none-eabi-gcc/10.3.1-2.3.1/.content/bin/../lib/gcc/arm-none-eabi/10.3.1/../../../../arm-none-eabi/lib/thumb/v6-m/nofp/libc.a(lib_a-sbrkr.o)
 .ARM.exidx.text.strncpy
                0x000000000800a668        0x8 /Users/shanewoods/Library/xPacks/@xpack-dev-tools/arm-none-eabi-gcc/10.3.1-2.3.1/.content/bin/../lib/gcc/arm-none-eabi/10.3.1/../../../../arm-none-eabi/lib/thumb/v6-m/nofp/libc.a(lib_a-strncpy.o)
 .ARM.exidx.text.__ssprint_r
                0x000000000800a670        0x8 /Users/shanewoods/Library/xPacks/@xpack-dev-tools/arm-none-eabi-gcc/10.3.1-2.3.1/.content/bin/../lib/gcc/arm-none-eabi/10.3.1/../../../../arm-none-eabi/lib/thumb/v6-m/nofp/libc.a(lib_a-svfiprintf.o)
 .ARM.exidx.text.__assert_func
                0x000000000800a678        0x8 /Users/shanewoods/Library/xPacks/@xpack-dev-tools/arm-none-eabi-gcc/10.3.1-2.3.1/.content/bin/../lib/gcc/arm-none-eabi/10.3.1/../../../../arm-none-eabi/lib/thumb/v6-m/nofp/libc.a(lib_a-assert.o)
 .ARM.exidx.text._calloc_r
                0x000000000800a680        0x8 /Users/shanewoods/Library/xPacks/@xpack-dev-tools/arm-none-eabi-gcc/10.3.1-2.3.1/.content/bin/../lib/gcc/arm-none-eabi/10.3.1/../../../../arm-none-eabi/lib/thumb/v6-m/nofp/libc.a(lib_a-callocr.o)
 .ARM.exidx.text.__errno
                0x000000000800a688        0x8 /Users/shanewoods/Library/xPacks/@xpack-dev-tools/arm-none-eabi-gcc/10.3.1-2.3.1/.content/bin/../lib/gcc/arm-none-eabi/10.3.1/../../../../arm-none-eabi/lib/thumb/v6-m/nofp/libc.a(lib_a-errno.o)
 .ARM.exidx.text.fiprintf
                0x000000000800a690        0x8 /Users/shanewoods/Library/xPacks/@xpack-dev-tools/arm-none-eabi-gcc/10.3.1-2.3.1/.content/bin/../lib/gcc/arm-none-eabi/10.3.1/../../../../arm-none-eabi/lib/thumb/v6-m/nofp/libc.a(lib_a-fiprintf.o)
 .ARM.exidx.text.__locale_mb_cur_max
                0x000000000800a698        0x8 /Users/shanewoods/Library/xPacks/@xpack-dev-tools/arm-none-eabi-gcc/10.3.1-2.3.1/.content/bin/../lib/gcc/arm-none-eabi/10.3.1/../../../../arm-none-eabi/lib/thumb/v6-m/nofp/libc.a(lib_a-locale.o)
 .ARM.exidx.text.__retarget_lock_init_recursive
                0x000000000800a6a0        0x0 /Users/shanewoods/Library/xPacks/@xpack-dev-tools/arm-none-eabi-gcc/10.3.1-2.3.1/.content/bin/../lib/gcc/arm-none-eabi/10.3.1/../../../../arm-none-eabi/lib/thumb/v6-m/nofp/libc.a(lib_a-lock.o)
                                          0x8 (size before relaxing)
 .ARM.exidx.text.__retarget_lock_close_recursive
                0x000000000800a6a0        0x0 /Users/shanewoods/Library/xPacks/@xpack-dev-tools/arm-none-eabi-gcc/10.3.1-2.3.1/.content/bin/../lib/gcc/arm-none-eabi/10.3.1/../../../../arm-none-eabi/lib/thumb/v6-m/nofp/libc.a(lib_a-lock.o)
                                          0x8 (size before relaxing)
 .ARM.exidx.text.__retarget_lock_acquire_recursive
                0x000000000800a6a0        0x0 /Users/shanewoods/Library/xPacks/@xpack-dev-tools/arm-none-eabi-gcc/10.3.1-2.3.1/.content/bin/../lib/gcc/arm-none-eabi/10.3.1/../../../../arm-none-eabi/lib/thumb/v6-m/nofp/libc.a(lib_a-lock.o)
                                          0x8 (size before relaxing)
 .ARM.exidx.text.__retarget_lock_release_recursive
                0x000000000800a6a0        0x0 /Users/shanewoods/Library/xPacks/@xpack-dev-tools/arm-none-eabi-gcc/10.3.1-2.3.1/.content/bin/../lib/gcc/arm-none-eabi/10.3.1/../../../../arm-none-eabi/lib/thumb/v6-m/nofp/libc.a(lib_a-lock.o)
                                          0x8 (size before relaxing)
 .ARM.exidx.text.__ascii_mbtowc
                0x000000000800a6a0        0x0 /Users/shanewoods/Library/xPacks/@xpack-dev-tools/arm-none-eabi-gcc/10.3.1-2.3.1/.content/bin/../lib/gcc/arm-none-eabi/10.3.1/../../../../arm-none-eabi/lib/thumb/v6-m/nofp/libc.a(lib_a-mbtowc_r.o)
                                          0x8 (size before relaxing)
 .ARM.exidx.text.memmove
                0x000000000800a6a0        0x0 /Users/shanewoods/Library/xPacks/@xpack-dev-tools/arm-none-eabi-gcc/10.3.1-2.3.1/.content/bin/../lib/gcc/arm-none-eabi/10.3.1/../../../../arm-none-eabi/lib/thumb/v6-m/nofp/libc.a(lib_a-memmove.o)
                                          0x8 (size before relaxing)
 .ARM.exidx.text.memset
                0x000000000800a6a0        0x0 /Users/shanewoods/Library/xPacks/@xpack-dev-tools/arm-none-eabi-gcc/10.3.1-2.3.1/.content/bin/../lib/gcc/arm-none-eabi/10.3.1/../../../../arm-none-eabi/lib/thumb/v6-m/nofp/libc.a(lib_a-memset.o)
                                          0x8 (size before relaxing)
 .ARM.exidx.text._realloc_r
                0x000000000800a6a0        0x8 /Users/shanewoods/Library/xPacks/@xpack-dev-tools/arm-none-eabi-gcc/10.3.1-2.3.1/.content/bin/../lib/gcc/arm-none-eabi/10.3.1/../../../../arm-none-eabi/lib/thumb/v6-m/nofp/libc.a(lib_a-reallocr.o)
 .ARM.exidx.text.__sprint_r.part.0
                0x000000000800a6a8        0x8 /Users/shanewoods/Library/xPacks/@xpack-dev-tools/arm-none-eabi-gcc/10.3.1-2.3.1/.content/bin/../lib/gcc/arm-none-eabi/10.3.1/../../../../arm-none-eabi/lib/thumb/v6-m/nofp/libc.a(lib_a-vfiprintf.o)
 .ARM.exidx.text._vfiprintf_r
                0x000000000800a6b0        0x8 /Users/shanewoods/Library/xPacks/@xpack-dev-tools/arm-none-eabi-gcc/10.3.1-2.3.1/.content/bin/../lib/gcc/arm-none-eabi/10.3.1/../../../../arm-none-eabi/lib/thumb/v6-m/nofp/libc.a(lib_a-vfiprintf.o)
 .ARM.exidx.text.__sbprintf
                0x000000000800a6b8        0x8 /Users/shanewoods/Library/xPacks/@xpack-dev-tools/arm-none-eabi-gcc/10.3.1-2.3.1/.content/bin/../lib/gcc/arm-none-eabi/10.3.1/../../../../arm-none-eabi/lib/thumb/v6-m/nofp/libc.a(lib_a-vfiprintf.o)
 .ARM.exidx.text.__ascii_wctomb
                0x000000000800a6c0        0x8 /Users/shanewoods/Library/xPacks/@xpack-dev-tools/arm-none-eabi-gcc/10.3.1-2.3.1/.content/bin/../lib/gcc/arm-none-eabi/10.3.1/../../../../arm-none-eabi/lib/thumb/v6-m/nofp/libc.a(lib_a-wctomb_r.o)
 .ARM.exidx.text.__swsetup_r
                0x000000000800a6c8        0x8 /Users/shanewoods/Library/xPacks/@xpack-dev-tools/arm-none-eabi-gcc/10.3.1-2.3.1/.content/bin/../lib/gcc/arm-none-eabi/10.3.1/../../../../arm-none-eabi/lib/thumb/v6-m/nofp/libc.a(lib_a-wsetup.o)
 .ARM.exidx.text.abort
                0x000000000800a6d0        0x8 /Users/shanewoods/Library/xPacks/@xpack-dev-tools/arm-none-eabi-gcc/10.3.1-2.3.1/.content/bin/../lib/gcc/arm-none-eabi/10.3.1/../../../../arm-none-eabi/lib/thumb/v6-m/nofp/libc.a(lib_a-abort.o)
 .ARM.exidx.text.__sflush_r
                0x000000000800a6d8        0x8 /Users/shanewoods/Library/xPacks/@xpack-dev-tools/arm-none-eabi-gcc/10.3.1-2.3.1/.content/bin/../lib/gcc/arm-none-eabi/10.3.1/../../../../arm-none-eabi/lib/thumb/v6-m/nofp/libc.a(lib_a-fflush.o)
 .ARM.exidx.text._fflush_r
                0x000000000800a6e0        0x8 /Users/shanewoods/Library/xPacks/@xpack-dev-tools/arm-none-eabi-gcc/10.3.1-2.3.1/.content/bin/../lib/gcc/arm-none-eabi/10.3.1/../../../../arm-none-eabi/lib/thumb/v6-m/nofp/libc.a(lib_a-fflush.o)
 .ARM.exidx.text._cleanup_r
                0x000000000800a6e8        0x8 /Users/shanewoods/Library/xPacks/@xpack-dev-tools/arm-none-eabi-gcc/10.3.1-2.3.1/.content/bin/../lib/gcc/arm-none-eabi/10.3.1/../../../../arm-none-eabi/lib/thumb/v6-m/nofp/libc.a(lib_a-findfp.o)
 .ARM.exidx.text.__sinit
                0x000000000800a6f0        0x8 /Users/shanewoods/Library/xPacks/@xpack-dev-tools/arm-none-eabi-gcc/10.3.1-2.3.1/.content/bin/../lib/gcc/arm-none-eabi/10.3.1/../../../../arm-none-eabi/lib/thumb/v6-m/nofp/libc.a(lib_a-findfp.o)
 .ARM.exidx.text.__sfp_lock_acquire
                0x000000000800a6f8        0x8 /Users/shanewoods/Library/xPacks/@xpack-dev-tools/arm-none-eabi-gcc/10.3.1-2.3.1/.content/bin/../lib/gcc/arm-none-eabi/10.3.1/../../../../arm-none-eabi/lib/thumb/v6-m/nofp/libc.a(lib_a-findfp.o)
 .ARM.exidx.text.__sfp_lock_release
                0x000000000800a700        0x0 /Users/shanewoods/Library/xPacks/@xpack-dev-tools/arm-none-eabi-gcc/10.3.1-2.3.1/.content/bin/../lib/gcc/arm-none-eabi/10.3.1/../../../../arm-none-eabi/lib/thumb/v6-m/nofp/libc.a(lib_a-findfp.o)
                                          0x8 (size before relaxing)
 .ARM.exidx.text.__fputwc
                0x000000000800a700        0x8 /Users/shanewoods/Library/xPacks/@xpack-dev-tools/arm-none-eabi-gcc/10.3.1-2.3.1/.content/bin/../lib/gcc/arm-none-eabi/10.3.1/../../../../arm-none-eabi/lib/thumb/v6-m/nofp/libc.a(lib_a-fputwc.o)
 .ARM.exidx.text._fputwc_r
                0x000000000800a708        0x8 /Users/shanewoods/Library/xPacks/@xpack-dev-tools/arm-none-eabi-gcc/10.3.1-2.3.1/.content/bin/../lib/gcc/arm-none-eabi/10.3.1/../../../../arm-none-eabi/lib/thumb/v6-m/nofp/libc.a(lib_a-fputwc.o)
 .ARM.exidx.text.__sfvwrite_r
                0x000000000800a710        0x8 /Users/shanewoods/Library/xPacks/@xpack-dev-tools/arm-none-eabi-gcc/10.3.1-2.3.1/.content/bin/../lib/gcc/arm-none-eabi/10.3.1/../../../../arm-none-eabi/lib/thumb/v6-m/nofp/libc.a(lib_a-fvwrite.o)
 .ARM.exidx.text._fwalk_reent
                0x000000000800a718        0x8 /Users/shanewoods/Library/xPacks/@xpack-dev-tools/arm-none-eabi-gcc/10.3.1-2.3.1/.content/bin/../lib/gcc/arm-none-eabi/10.3.1/../../../../arm-none-eabi/lib/thumb/v6-m/nofp/libc.a(lib_a-fwalk.o)
 .ARM.exidx.text.__smakebuf_r
                0x000000000800a720        0x8 /Users/shanewoods/Library/xPacks/@xpack-dev-tools/arm-none-eabi-gcc/10.3.1-2.3.1/.content/bin/../lib/gcc/arm-none-eabi/10.3.1/../../../../arm-none-eabi/lib/thumb/v6-m/nofp/libc.a(lib_a-makebuf.o)
 .ARM.exidx.text.raise
                0x000000000800a728        0x8 /Users/shanewoods/Library/xPacks/@xpack-dev-tools/arm-none-eabi-gcc/10.3.1-2.3.1/.content/bin/../lib/gcc/arm-none-eabi/10.3.1/../../../../arm-none-eabi/lib/thumb/v6-m/nofp/libc.a(lib_a-signal.o)
 .ARM.exidx.text._kill_r
                0x000000000800a730        0x0 /Users/shanewoods/Library/xPacks/@xpack-dev-tools/arm-none-eabi-gcc/10.3.1-2.3.1/.content/bin/../lib/gcc/arm-none-eabi/10.3.1/../../../../arm-none-eabi/lib/thumb/v6-m/nofp/libc.a(lib_a-signalr.o)
                                          0x8 (size before relaxing)
 .ARM.exidx.text._getpid_r
                0x000000000800a730        0x8 /Users/shanewoods/Library/xPacks/@xpack-dev-tools/arm-none-eabi-gcc/10.3.1-2.3.1/.content/bin/../lib/gcc/arm-none-eabi/10.3.1/../../../../arm-none-eabi/lib/thumb/v6-m/nofp/libc.a(lib_a-signalr.o)
 .ARM.exidx.text.__sread
                0x000000000800a738        0x8 /Users/shanewoods/Library/xPacks/@xpack-dev-tools/arm-none-eabi-gcc/10.3.1-2.3.1/.content/bin/../lib/gcc/arm-none-eabi/10.3.1/../../../../arm-none-eabi/lib/thumb/v6-m/nofp/libc.a(lib_a-stdio.o)
 .ARM.exidx.text.__swrite
                0x000000000800a740        0x8 /Users/shanewoods/Library/xPacks/@xpack-dev-tools/arm-none-eabi-gcc/10.3.1-2.3.1/.content/bin/../lib/gcc/arm-none-eabi/10.3.1/../../../../arm-none-eabi/lib/thumb/v6-m/nofp/libc.a(lib_a-stdio.o)
 .ARM.exidx.text.__sseek
                0x000000000800a748        0x8 /Users/shanewoods/Library/xPacks/@xpack-dev-tools/arm-none-eabi-gcc/10.3.1-2.3.1/.content/bin/../lib/gcc/arm-none-eabi/10.3.1/../../../../arm-none-eabi/lib/thumb/v6-m/nofp/libc.a(lib_a-stdio.o)
 .ARM.exidx.text.__sclose
                0x000000000800a750        0x8 /Users/shanewoods/Library/xPacks/@xpack-dev-tools/arm-none-eabi-gcc/10.3.1-2.3.1/.content/bin/../lib/gcc/arm-none-eabi/10.3.1/../../../../arm-none-eabi/lib/thumb/v6-m/nofp/libc.a(lib_a-stdio.o)
 .ARM.exidx.text.__swbuf_r
                0x000000000800a758        0x8 /Users/shanewoods/Library/xPacks/@xpack-dev-tools/arm-none-eabi-gcc/10.3.1-2.3.1/.content/bin/../lib/gcc/arm-none-eabi/10.3.1/../../../../arm-none-eabi/lib/thumb/v6-m/nofp/libc.a(lib_a-wbuf.o)
 .ARM.exidx.text._wcrtomb_r
                0x000000000800a760        0x8 /Users/shanewoods/Library/xPacks/@xpack-dev-tools/arm-none-eabi-gcc/10.3.1-2.3.1/.content/bin/../lib/gcc/arm-none-eabi/10.3.1/../../../../arm-none-eabi/lib/thumb/v6-m/nofp/libc.a(lib_a-wcrtomb.o)
 .ARM.exidx.text._write_r
                0x000000000800a768        0x8 /Users/shanewoods/Library/xPacks/@xpack-dev-tools/arm-none-eabi-gcc/10.3.1-2.3.1/.content/bin/../lib/gcc/arm-none-eabi/10.3.1/../../../../arm-none-eabi/lib/thumb/v6-m/nofp/libc.a(lib_a-writer.o)
 .ARM.exidx.text._close_r
                0x000000000800a770        0x0 /Users/shanewoods/Library/xPacks/@xpack-dev-tools/arm-none-eabi-gcc/10.3.1-2.3.1/.content/bin/../lib/gcc/arm-none-eabi/10.3.1/../../../../arm-none-eabi/lib/thumb/v6-m/nofp/libc.a(lib_a-closer.o)
                                          0x8 (size before relaxing)
 .ARM.exidx.text._fclose_r
                0x000000000800a770        0x8 /Users/shanewoods/Library/xPacks/@xpack-dev-tools/arm-none-eabi-gcc/10.3.1-2.3.1/.content/bin/../lib/gcc/arm-none-eabi/10.3.1/../../../../arm-none-eabi/lib/thumb/v6-m/nofp/libc.a(lib_a-fclose.o)
 .ARM.exidx.text._fstat_r
                0x000000000800a778        0x8 /Users/shanewoods/Library/xPacks/@xpack-dev-tools/arm-none-eabi-gcc/10.3.1-2.3.1/.content/bin/../lib/gcc/arm-none-eabi/10.3.1/../../../../arm-none-eabi/lib/thumb/v6-m/nofp/libc.a(lib_a-fstatr.o)
 .ARM.exidx.text._isatty_r
                0x000000000800a780        0x0 /Users/shanewoods/Library/xPacks/@xpack-dev-tools/arm-none-eabi-gcc/10.3.1-2.3.1/.content/bin/../lib/gcc/arm-none-eabi/10.3.1/../../../../arm-none-eabi/lib/thumb/v6-m/nofp/libc.a(lib_a-isattyr.o)
                                          0x8 (size before relaxing)
 .ARM.exidx.text._lseek_r
                0x000000000800a780        0x0 /Users/shanewoods/Library/xPacks/@xpack-dev-tools/arm-none-eabi-gcc/10.3.1-2.3.1/.content/bin/../lib/gcc/arm-none-eabi/10.3.1/../../../../arm-none-eabi/lib/thumb/v6-m/nofp/libc.a(lib_a-lseekr.o)
                                          0x8 (size before relaxing)
 .ARM.exidx.text._read_r
                0x000000000800a780        0x8 /Users/shanewoods/Library/xPacks/@xpack-dev-tools/arm-none-eabi-gcc/10.3.1-2.3.1/.content/bin/../lib/gcc/arm-none-eabi/10.3.1/../../../../arm-none-eabi/lib/thumb/v6-m/nofp/libc.a(lib_a-readr.o)
 .ARM.exidx.text.__udivmoddi4
                0x000000000800a788        0x0 /Users/shanewoods/Library/xPacks/@xpack-dev-tools/arm-none-eabi-gcc/10.3.1-2.3.1/.content/bin/../lib/gcc/arm-none-eabi/10.3.1/thumb/v6-m/nofp/libgcc.a(_udivmoddi4.o)
                                          0x8 (size before relaxing)
 .ARM.exidx.text.__aeabi_dadd
                0x000000000800a788        0x0 /Users/shanewoods/Library/xPacks/@xpack-dev-tools/arm-none-eabi-gcc/10.3.1-2.3.1/.content/bin/../lib/gcc/arm-none-eabi/10.3.1/thumb/v6-m/nofp/libgcc.a(adddf3.o)
                                          0x8 (size before relaxing)
 .ARM.exidx.text.__aeabi_ddiv
                0x000000000800a788        0x0 /Users/shanewoods/Library/xPacks/@xpack-dev-tools/arm-none-eabi-gcc/10.3.1-2.3.1/.content/bin/../lib/gcc/arm-none-eabi/10.3.1/thumb/v6-m/nofp/libgcc.a(divdf3.o)
                                          0x8 (size before relaxing)
 .ARM.exidx.text.__eqdf2
                0x000000000800a788        0x0 /Users/shanewoods/Library/xPacks/@xpack-dev-tools/arm-none-eabi-gcc/10.3.1-2.3.1/.content/bin/../lib/gcc/arm-none-eabi/10.3.1/thumb/v6-m/nofp/libgcc.a(eqdf2.o)
                                          0x8 (size before relaxing)
 .ARM.exidx.text.__gedf2
                0x000000000800a788        0x0 /Users/shanewoods/Library/xPacks/@xpack-dev-tools/arm-none-eabi-gcc/10.3.1-2.3.1/.content/bin/../lib/gcc/arm-none-eabi/10.3.1/thumb/v6-m/nofp/libgcc.a(gedf2.o)
                                          0x8 (size before relaxing)
 .ARM.exidx.text.__ledf2
                0x000000000800a788        0x0 /Users/shanewoods/Library/xPacks/@xpack-dev-tools/arm-none-eabi-gcc/10.3.1-2.3.1/.content/bin/../lib/gcc/arm-none-eabi/10.3.1/thumb/v6-m/nofp/libgcc.a(ledf2.o)
                                          0x8 (size before relaxing)
 .ARM.exidx.text.__aeabi_dmul
                0x000000000800a788        0x0 /Users/shanewoods/Library/xPacks/@xpack-dev-tools/arm-none-eabi-gcc/10.3.1-2.3.1/.content/bin/../lib/gcc/arm-none-eabi/10.3.1/thumb/v6-m/nofp/libgcc.a(muldf3.o)
                                          0x8 (size before relaxing)
 .ARM.exidx.text.__aeabi_dsub
                0x000000000800a788        0x0 /Users/shanewoods/Library/xPacks/@xpack-dev-tools/arm-none-eabi-gcc/10.3.1-2.3.1/.content/bin/../lib/gcc/arm-none-eabi/10.3.1/thumb/v6-m/nofp/libgcc.a(subdf3.o)
                                          0x8 (size before relaxing)
 .ARM.exidx.text.__aeabi_dcmpun
                0x000000000800a788        0x0 /Users/shanewoods/Library/xPacks/@xpack-dev-tools/arm-none-eabi-gcc/10.3.1-2.3.1/.content/bin/../lib/gcc/arm-none-eabi/10.3.1/thumb/v6-m/nofp/libgcc.a(unorddf2.o)
                                          0x8 (size before relaxing)
 .ARM.exidx.text.__aeabi_d2iz
                0x000000000800a788        0x0 /Users/shanewoods/Library/xPacks/@xpack-dev-tools/arm-none-eabi-gcc/10.3.1-2.3.1/.content/bin/../lib/gcc/arm-none-eabi/10.3.1/thumb/v6-m/nofp/libgcc.a(fixdfsi.o)
                                          0x8 (size before relaxing)
 .ARM.exidx.text.__aeabi_i2d
                0x000000000800a788        0x0 /Users/shanewoods/Library/xPacks/@xpack-dev-tools/arm-none-eabi-gcc/10.3.1-2.3.1/.content/bin/../lib/gcc/arm-none-eabi/10.3.1/thumb/v6-m/nofp/libgcc.a(floatsidf.o)
                                          0x8 (size before relaxing)
 .ARM.exidx.text.__aeabi_ui2d
                0x000000000800a788        0x0 /Users/shanewoods/Library/xPacks/@xpack-dev-tools/arm-none-eabi-gcc/10.3.1-2.3.1/.content/bin/../lib/gcc/arm-none-eabi/10.3.1/thumb/v6-m/nofp/libgcc.a(floatunsidf.o)
                                          0x8 (size before relaxing)
 .ARM.exidx.text.selfrel_offset31
                0x000000000800a788        0x0 /Users/shanewoods/Library/xPacks/@xpack-dev-tools/arm-none-eabi-gcc/10.3.1-2.3.1/.content/bin/../lib/gcc/arm-none-eabi/10.3.1/thumb/v6-m/nofp/libgcc.a(unwind-arm.o)
                                          0x8 (size before relaxing)
 .ARM.exidx.text.search_EIT_table
                0x000000000800a788        0x0 /Users/shanewoods/Library/xPacks/@xpack-dev-tools/arm-none-eabi-gcc/10.3.1-2.3.1/.content/bin/../lib/gcc/arm-none-eabi/10.3.1/thumb/v6-m/nofp/libgcc.a(unwind-arm.o)
                                          0x8 (size before relaxing)
 .ARM.exidx.text.__gnu_unwind_get_pr_addr
                0x000000000800a788        0x0 /Users/shanewoods/Library/xPacks/@xpack-dev-tools/arm-none-eabi-gcc/10.3.1-2.3.1/.content/bin/../lib/gcc/arm-none-eabi/10.3.1/thumb/v6-m/nofp/libgcc.a(unwind-arm.o)
                                          0x8 (size before relaxing)
 .ARM.exidx.text.get_eit_entry
                0x000000000800a788        0x8 /Users/shanewoods/Library/xPacks/@xpack-dev-tools/arm-none-eabi-gcc/10.3.1-2.3.1/.content/bin/../lib/gcc/arm-none-eabi/10.3.1/thumb/v6-m/nofp/libgcc.a(unwind-arm.o)
 .ARM.exidx.text.restore_non_core_regs
                0x000000000800a790        0x8 /Users/shanewoods/Library/xPacks/@xpack-dev-tools/arm-none-eabi-gcc/10.3.1-2.3.1/.content/bin/../lib/gcc/arm-none-eabi/10.3.1/thumb/v6-m/nofp/libgcc.a(unwind-arm.o)
 .ARM.exidx.text._Unwind_decode_typeinfo_ptr.constprop.0
                0x000000000800a798        0x8 /Users/shanewoods/Library/xPacks/@xpack-dev-tools/arm-none-eabi-gcc/10.3.1-2.3.1/.content/bin/../lib/gcc/arm-none-eabi/10.3.1/thumb/v6-m/nofp/libgcc.a(unwind-arm.o)
 .ARM.exidx.text._Unwind_DebugHook